Archive member included to satisfy reference by file (symbol)

c:/users/administrator/.platformio/packages/toolchain-gccarmnoneeabi/bin/../lib/gcc/arm-none-eabi/7.2.1/../../../../arm-none-eabi/lib/thumb/v6-m\libc_nano.a(lib_a-calloc.o)
                              .pio\build\nucleo_f031k6\src\utils\point.o (calloc)
c:/users/administrator/.platformio/packages/toolchain-gccarmnoneeabi/bin/../lib/gcc/arm-none-eabi/7.2.1/../../../../arm-none-eabi/lib/thumb/v6-m\libc_nano.a(lib_a-exit.o)
                              c:/users/administrator/.platformio/packages/toolchain-gccarmnoneeabi/bin/../lib/gcc/arm-none-eabi/7.2.1/../../../../arm-none-eabi/lib/thumb/v6-m/crt0.o (exit)
c:/users/administrator/.platformio/packages/toolchain-gccarmnoneeabi/bin/../lib/gcc/arm-none-eabi/7.2.1/../../../../arm-none-eabi/lib/thumb/v6-m\libc_nano.a(lib_a-impure.o)
                              c:/users/administrator/.platformio/packages/toolchain-gccarmnoneeabi/bin/../lib/gcc/arm-none-eabi/7.2.1/../../../../arm-none-eabi/lib/thumb/v6-m\libc_nano.a(lib_a-exit.o) (_global_impure_ptr)
c:/users/administrator/.platformio/packages/toolchain-gccarmnoneeabi/bin/../lib/gcc/arm-none-eabi/7.2.1/../../../../arm-none-eabi/lib/thumb/v6-m\libc_nano.a(lib_a-init.o)
                              c:/users/administrator/.platformio/packages/toolchain-gccarmnoneeabi/bin/../lib/gcc/arm-none-eabi/7.2.1/../../../../arm-none-eabi/lib/thumb/v6-m/crt0.o (__libc_init_array)
c:/users/administrator/.platformio/packages/toolchain-gccarmnoneeabi/bin/../lib/gcc/arm-none-eabi/7.2.1/../../../../arm-none-eabi/lib/thumb/v6-m\libc_nano.a(lib_a-malloc.o)
                              .pio\build\nucleo_f031k6\src\behaviours\entities&sprites\ghosts.o (malloc)
c:/users/administrator/.platformio/packages/toolchain-gccarmnoneeabi/bin/../lib/gcc/arm-none-eabi/7.2.1/../../../../arm-none-eabi/lib/thumb/v6-m\libc_nano.a(lib_a-memcpy-stub.o)
                              .pio\build\nucleo_f031k6\src\behaviours\entities&sprites\blinky.o (memcpy)
c:/users/administrator/.platformio/packages/toolchain-gccarmnoneeabi/bin/../lib/gcc/arm-none-eabi/7.2.1/../../../../arm-none-eabi/lib/thumb/v6-m\libc_nano.a(lib_a-memset.o)
                              c:/users/administrator/.platformio/packages/toolchain-gccarmnoneeabi/bin/../lib/gcc/arm-none-eabi/7.2.1/../../../../arm-none-eabi/lib/thumb/v6-m/crt0.o (memset)
c:/users/administrator/.platformio/packages/toolchain-gccarmnoneeabi/bin/../lib/gcc/arm-none-eabi/7.2.1/../../../../arm-none-eabi/lib/thumb/v6-m\libc_nano.a(lib_a-nano-callocr.o)
                              c:/users/administrator/.platformio/packages/toolchain-gccarmnoneeabi/bin/../lib/gcc/arm-none-eabi/7.2.1/../../../../arm-none-eabi/lib/thumb/v6-m\libc_nano.a(lib_a-calloc.o) (_calloc_r)
c:/users/administrator/.platformio/packages/toolchain-gccarmnoneeabi/bin/../lib/gcc/arm-none-eabi/7.2.1/../../../../arm-none-eabi/lib/thumb/v6-m\libc_nano.a(lib_a-nano-freer.o)
                              c:/users/administrator/.platformio/packages/toolchain-gccarmnoneeabi/bin/../lib/gcc/arm-none-eabi/7.2.1/../../../../arm-none-eabi/lib/thumb/v6-m\libc_nano.a(lib_a-malloc.o) (_free_r)
c:/users/administrator/.platformio/packages/toolchain-gccarmnoneeabi/bin/../lib/gcc/arm-none-eabi/7.2.1/../../../../arm-none-eabi/lib/thumb/v6-m\libc_nano.a(lib_a-nano-mallocr.o)
                              c:/users/administrator/.platformio/packages/toolchain-gccarmnoneeabi/bin/../lib/gcc/arm-none-eabi/7.2.1/../../../../arm-none-eabi/lib/thumb/v6-m\libc_nano.a(lib_a-malloc.o) (_malloc_r)
c:/users/administrator/.platformio/packages/toolchain-gccarmnoneeabi/bin/../lib/gcc/arm-none-eabi/7.2.1/../../../../arm-none-eabi/lib/thumb/v6-m\libc_nano.a(lib_a-sbrkr.o)
                              c:/users/administrator/.platformio/packages/toolchain-gccarmnoneeabi/bin/../lib/gcc/arm-none-eabi/7.2.1/../../../../arm-none-eabi/lib/thumb/v6-m\libc_nano.a(lib_a-nano-mallocr.o) (_sbrk_r)
c:/users/administrator/.platformio/packages/toolchain-gccarmnoneeabi/bin/../lib/gcc/arm-none-eabi/7.2.1/../../../../arm-none-eabi/lib/thumb/v6-m\libc_nano.a(lib_a-mlock.o)
                              c:/users/administrator/.platformio/packages/toolchain-gccarmnoneeabi/bin/../lib/gcc/arm-none-eabi/7.2.1/../../../../arm-none-eabi/lib/thumb/v6-m\libc_nano.a(lib_a-nano-freer.o) (__malloc_lock)
c:/users/administrator/.platformio/packages/toolchain-gccarmnoneeabi/bin/../lib/gcc/arm-none-eabi/7.2.1/../../../../arm-none-eabi/lib/thumb/v6-m\libc_nano.a(lib_a-reent.o)
                              c:/users/administrator/.platformio/packages/toolchain-gccarmnoneeabi/bin/../lib/gcc/arm-none-eabi/7.2.1/../../../../arm-none-eabi/lib/thumb/v6-m\libc_nano.a(lib_a-sbrkr.o) (errno)
c:/users/administrator/.platformio/packages/toolchain-gccarmnoneeabi/bin/../lib/gcc/arm-none-eabi/7.2.1/thumb/v6-m\libgcc.a(_thumb1_case_sqi.o)
                              .pio\build\nucleo_f031k6\src\frontend&drawing\draw_manager.o (__gnu_thumb1_case_sqi)
[...]
Memory Configuration

Name             Origin             Length             Attributes
RAM              0x20000000         0x00001000         xrw
FLASH            0x08000000         0x00008000         xr
*default*        0x00000000         0xffffffff

Linker script and memory map

LOAD c:/users/administrator/.platformio/packages/toolchain-gccarmnoneeabi/bin/../lib/gcc/arm-none-eabi/7.2.1/thumb/v6-m/crti.o
LOAD c:/users/administrator/.platformio/packages/toolchain-gccarmnoneeabi/bin/../lib/gcc/arm-none-eabi/7.2.1/thumb/v6-m/crtbegin.o
LOAD c:/users/administrator/.platformio/packages/toolchain-gccarmnoneeabi/bin/../lib/gcc/arm-none-eabi/7.2.1/../../../../arm-none-eabi/lib/thumb/v6-m/crt0.o
LOAD .pio\build\nucleo_f031k6\FrameworkCMSIS\gcc\startup_stm32f031x6.o
LOAD .pio\build\nucleo_f031k6\FrameworkCMSIS\system_stm32f0xx.o
LOAD .pio\build\nucleo_f031k6\src\behaviours\algo.o
LOAD .pio\build\nucleo_f031k6\src\behaviours\entities&sprites\blinky.o
LOAD .pio\build\nucleo_f031k6\src\behaviours\entities&sprites\clyde.o
LOAD .pio\build\nucleo_f031k6\src\behaviours\entities&sprites\ghosts.o
LOAD .pio\build\nucleo_f031k6\src\behaviours\entities&sprites\inky.o
LOAD .pio\build\nucleo_f031k6\src\behaviours\entities&sprites\pacman.o
LOAD .pio\build\nucleo_f031k6\src\behaviours\entities&sprites\pinky.o
LOAD .pio\build\nucleo_f031k6\src\frontend&drawing\display.o
LOAD .pio\build\nucleo_f031k6\src\frontend&drawing\draw_manager.o
LOAD .pio\build\nucleo_f031k6\src\frontend&drawing\menu.o
LOAD .pio\build\nucleo_f031k6\src\grid.o
LOAD .pio\build\nucleo_f031k6\src\main.o
LOAD .pio\build\nucleo_f031k6\src\music&sound\sound.o
LOAD .pio\build\nucleo_f031k6\src\music&sound\tones.o
LOAD .pio\build\nucleo_f031k6\src\serial.o
LOAD .pio\build\nucleo_f031k6\src\texture_src\blank_textures.o
LOAD .pio\build\nucleo_f031k6\src\texture_src\blinky_textures.o
LOAD .pio\build\nucleo_f031k6\src\texture_src\clyde_textures.o
LOAD .pio\build\nucleo_f031k6\src\texture_src\fright_ghost_textures.o
LOAD .pio\build\nucleo_f031k6\src\texture_src\inky_textures.o
LOAD .pio\build\nucleo_f031k6\src\texture_src\main_menu_title.o
LOAD .pio\build\nucleo_f031k6\src\texture_src\pacman_textures.o
LOAD .pio\build\nucleo_f031k6\src\texture_src\pickups_textures.o
LOAD .pio\build\nucleo_f031k6\src\texture_src\pinky_textures.o
LOAD .pio\build\nucleo_f031k6\src\texture_src\wall_textures.o
LOAD .pio\build\nucleo_f031k6\src\utils\arr.o
LOAD .pio\build\nucleo_f031k6\src\utils\events.o
LOAD .pio\build\nucleo_f031k6\src\utils\point.o
LOAD .pio\build\nucleo_f031k6\src\utils\random.o
LOAD .pio\build\nucleo_f031k6\src\utils\store.o
START GROUP
LOAD c:/users/administrator/.platformio/packages/toolchain-gccarmnoneeabi/bin/../lib/gcc/arm-none-eabi/7.2.1/../../../../arm-none-eabi/lib/thumb/v6-m\libc_nano.a
LOAD c:/users/administrator/.platformio/packages/toolchain-gccarmnoneeabi/bin/../lib/gcc/arm-none-eabi/7.2.1/thumb/v6-m\libgcc.a
LOAD c:/users/administrator/.platformio/packages/toolchain-gccarmnoneeabi/bin/../lib/gcc/arm-none-eabi/7.2.1/../../../../arm-none-eabi/lib/thumb/v6-m\libm.a
LOAD c:/users/administrator/.platformio/packages/toolchain-gccarmnoneeabi/bin/../lib/gcc/arm-none-eabi/7.2.1/../../../../arm-none-eabi/lib/thumb/v6-m\libstdc++_nano.a
END GROUP
START GROUP
LOAD c:/users/administrator/.platformio/packages/toolchain-gccarmnoneeabi/bin/../lib/gcc/arm-none-eabi/7.2.1/thumb/v6-m\libgcc.a
LOAD c:/users/administrator/.platformio/packages/toolchain-gccarmnoneeabi/bin/../lib/gcc/arm-none-eabi/7.2.1/../../../../arm-none-eabi/lib/thumb/v6-m\libc_nano.a
END GROUP
START GROUP
LOAD c:/users/administrator/.platformio/packages/toolchain-gccarmnoneeabi/bin/../lib/gcc/arm-none-eabi/7.2.1/thumb/v6-m\libgcc.a
LOAD c:/users/administrator/.platformio/packages/toolchain-gccarmnoneeabi/bin/../lib/gcc/arm-none-eabi/7.2.1/../../../../arm-none-eabi/lib/thumb/v6-m\libc_nano.a
LOAD c:/users/administrator/.platformio/packages/toolchain-gccarmnoneeabi/bin/../lib/gcc/arm-none-eabi/7.2.1/../../../../arm-none-eabi/lib/thumb/v6-m\libnosys.a
END GROUP
START GROUP
LOAD c:/users/administrator/.platformio/packages/toolchain-gccarmnoneeabi/bin/../lib/gcc/arm-none-eabi/7.2.1/thumb/v6-m\libgcc.a
LOAD c:/users/administrator/.platformio/packages/toolchain-gccarmnoneeabi/bin/../lib/gcc/arm-none-eabi/7.2.1/../../../../arm-none-eabi/lib/thumb/v6-m\libc_nano.a
LOAD c:/users/administrator/.platformio/packages/toolchain-gccarmnoneeabi/bin/../lib/gcc/arm-none-eabi/7.2.1/../../../../arm-none-eabi/lib/thumb/v6-m\libnosys.a
END GROUP
LOAD c:/users/administrator/.platformio/packages/toolchain-gccarmnoneeabi/bin/../lib/gcc/arm-none-eabi/7.2.1/thumb/v6-m/crtend.o
LOAD c:/users/administrator/.platformio/packages/toolchain-gccarmnoneeabi/bin/../lib/gcc/arm-none-eabi/7.2.1/thumb/v6-m/crtn.o
                0x20001000                _estack = (ORIGIN (RAM) + LENGTH (RAM))
                0x00000200                _Min_Heap_Size = 0x200
                0x00000400                _Min_Stack_Size = 0x400

.isr_vector     0x08000000       0xc0
                0x08000000                . = ALIGN (0x4)
 *(.isr_vector)
 .isr_vector    0x08000000       0xc0 .pio\build\nucleo_f031k6\FrameworkCMSIS\gcc\startup_stm32f031x6.o
                0x08000000                g_pfnVectors
                0x080000c0                . = ALIGN (0x4)

.text           0x080000c0     0x3fe4
                0x080000c0                . = ALIGN (0x4)
 *(.text)
 .text          0x080000c0       0x48 c:/users/administrator/.platformio/packages/toolchain-gccarmnoneeabi/bin/../lib/gcc/arm-none-eabi/7.2.1/thumb/v6-m/crtbegin.o
 .text          0x08000108       0x14 c:/users/administrator/.platformio/packages/toolchain-gccarmnoneeabi/bin/../lib/gcc/arm-none-eabi/7.2.1/thumb/v6-m\libgcc.a(_thumb1_case_sqi.o)
                0x08000108                __gnu_thumb1_case_sqi
 .text          0x0800011c       0x14 c:/users/administrator/.platformio/packages/toolchain-gccarmnoneeabi/bin/../lib/gcc/arm-none-eabi/7.2.1/thumb/v6-m\libgcc.a(_thumb1_case_uqi.o)
                0x0800011c                __gnu_thumb1_case_uqi
 .text          0x08000130      0x114 c:/users/administrator/.platformio/packages/toolchain-gccarmnoneeabi/bin/../lib/gcc/arm-none-eabi/7.2.1/thumb/v6-m\libgcc.a(_udivsi3.o)
                0x08000130                __aeabi_uidiv
                0x08000130                __udivsi3
                0x0800023c                __aeabi_uidivmod
 .text          0x08000244        0x4 c:/users/administrator/.platformio/packages/toolchain-gccarmnoneeabi/bin/../lib/gcc/arm-none-eabi/7.2.1/thumb/v6-m\libgcc.a(_dvmd_tls.o)
                0x08000244                __aeabi_idiv0
                0x08000244                __aeabi_ldiv0
 .text          0x08000248       0x40 c:/users/administrator/.platformio/packages/toolchain-gccarmnoneeabi/bin/../lib/gcc/arm-none-eabi/7.2.1/thumb/v6-m\libgcc.a(_aeabi_uldivmod.o)
                0x08000248                __aeabi_uldivmod
 .text          0x08000288       0x54 c:/users/administrator/.platformio/packages/toolchain-gccarmnoneeabi/bin/../lib/gcc/arm-none-eabi/7.2.1/thumb/v6-m\libgcc.a(_muldi3.o)
                0x08000288                __muldi3
                0x08000288                __aeabi_lmul
 .text          0x080002dc      0x184 c:/users/administrator/.platformio/packages/toolchain-gccarmnoneeabi/bin/../lib/gcc/arm-none-eabi/7.2.1/thumb/v6-m\libgcc.a(_udivmoddi4.o)
                0x080002dc                __udivmoddi4
 .text          0x08000460       0x18 c:/users/administrator/.platformio/packages/toolchain-gccarmnoneeabi/bin/../lib/gcc/arm-none-eabi/7.2.1/thumb/v6-m\libgcc.a(_clzdi2.o)
                0x08000460                __clzdi2
 .text          0x08000478       0x3c c:/users/administrator/.platformio/packages/toolchain-gccarmnoneeabi/bin/../lib/gcc/arm-none-eabi/7.2.1/thumb/v6-m\libgcc.a(_clzsi2.o)
                0x08000478                __clzsi2
 *(.text*)
 .text.Reset_Handler
                0x080004b4       0x50 .pio\build\nucleo_f031k6\FrameworkCMSIS\gcc\startup_stm32f031x6.o
                0x080004b4                Reset_Handler
 .text.Default_Handler
                0x08000504        0x2 .pio\build\nucleo_f031k6\FrameworkCMSIS\gcc\startup_stm32f031x6.o
                0x08000504                TIM1_CC_IRQHandler
                0x08000504                HardFault_Handler
                0x08000504                PVD_IRQHandler
                0x08000504                PendSV_Handler
                0x08000504                NMI_Handler
                0x08000504                I2C1_IRQHandler
                0x08000504                SPI1_IRQHandler
                0x08000504                EXTI2_3_IRQHandler
                0x08000504                ADC1_IRQHandler
                0x08000504                TIM17_IRQHandler
                0x08000504                RTC_IRQHandler
                0x08000504                TIM16_IRQHandler
                0x08000504                TIM3_IRQHandler
                0x08000504                EXTI4_15_IRQHandler
                0x08000504                RCC_IRQHandler
                0x08000504                DMA1_Channel1_IRQHandler
                0x08000504                Default_Handler
                0x08000504                TIM14_IRQHandler
                0x08000504                DMA1_Channel4_5_IRQHandler
                0x08000504                EXTI0_1_IRQHandler
                0x08000504                SVC_Handler
                0x08000504                WWDG_IRQHandler
                0x08000504                TIM2_IRQHandler
                0x08000504                DMA1_Channel2_3_IRQHandler
                0x08000504                FLASH_IRQHandler
                0x08000504                USART1_IRQHandler
                0x08000504                TIM1_BRK_UP_TRG_COM_IRQHandler
 .text.SystemInit
                0x08000506        0x2 .pio\build\nucleo_f031k6\FrameworkCMSIS\system_stm32f0xx.o
                0x08000506                SystemInit
 .text.calculate_heuristics_h
                0x08000508       0x36 .pio\build\nucleo_f031k6\src\behaviours\algo.o
                0x08000508                calculate_heuristics_h
 .text.find_smallest_heuristic_node
                0x0800053e       0x98 .pio\build\nucleo_f031k6\src\behaviours\algo.o
                0x0800053e                find_smallest_heuristic_node
 *fill*         0x080005d6        0x2 
 .text.trace_path_a_star
                0x080005d8      0x2b0 .pio\build\nucleo_f031k6\src\behaviours\algo.o
                0x080005d8                trace_path_a_star
 .text._blinky  0x08000888       0x44 .pio\build\nucleo_f031k6\src\behaviours\entities&sprites\blinky.o
                0x08000888                _blinky
 .text.get_blinky_scatter_position
                0x080008cc        0xe .pio\build\nucleo_f031k6\src\behaviours\entities&sprites\blinky.o
                0x080008cc                get_blinky_scatter_position
 .text.get_blinky_position
                0x080008da        0xe .pio\build\nucleo_f031k6\src\behaviours\entities&sprites\blinky.o
                0x080008da                get_blinky_position
 .text._blinky.part.0
                0x080008e8       0x24 .pio\build\nucleo_f031k6\src\behaviours\entities&sprites\blinky.o
 .text.set_blinky_position
                0x0800090c       0x16 .pio\build\nucleo_f031k6\src\behaviours\entities&sprites\blinky.o
                0x0800090c                set_blinky_position
 .text.get_blinky_mode
                0x08000922        0xe .pio\build\nucleo_f031k6\src\behaviours\entities&sprites\blinky.o
                0x08000922                get_blinky_mode
 .text.get_blinky_target_position
                0x08000930       0x2a .pio\build\nucleo_f031k6\src\behaviours\entities&sprites\blinky.o
                0x08000930                get_blinky_target_position
 .text.set_blinky_mode
                0x0800095a       0x12 .pio\build\nucleo_f031k6\src\behaviours\entities&sprites\blinky.o
                0x0800095a                set_blinky_mode
 .text.get_blinky_behaviour_change
                0x0800096c        0xe .pio\build\nucleo_f031k6\src\behaviours\entities&sprites\blinky.o
                0x0800096c                get_blinky_behaviour_change
 .text.set_blinky_behaviour_change
                0x0800097a       0x12 .pio\build\nucleo_f031k6\src\behaviours\entities&sprites\blinky.o
                0x0800097a                set_blinky_behaviour_change
 .text._blinky_feed_next
                0x0800098c       0xe4 .pio\build\nucleo_f031k6\src\behaviours\entities&sprites\blinky.o
                0x0800098c                _blinky_feed_next
 .text.destroy_blinky
                0x08000a70        0xa .pio\build\nucleo_f031k6\src\behaviours\entities&sprites\blinky.o
                0x08000a70                destroy_blinky
 *fill*         0x08000a7a        0x2 
 .text._clyde   0x08000a7c       0x44 .pio\build\nucleo_f031k6\src\behaviours\entities&sprites\clyde.o
                0x08000a7c                _clyde
 .text.get_clyde_scatter_position
                0x08000ac0        0xe .pio\build\nucleo_f031k6\src\behaviours\entities&sprites\clyde.o
                0x08000ac0                get_clyde_scatter_position
 .text.get_clyde_position
                0x08000ace        0xe .pio\build\nucleo_f031k6\src\behaviours\entities&sprites\clyde.o
                0x08000ace                get_clyde_position
 .text._clyde.part.0
                0x08000adc       0x24 .pio\build\nucleo_f031k6\src\behaviours\entities&sprites\clyde.o
 .text.set_clyde_position
                0x08000b00       0x16 .pio\build\nucleo_f031k6\src\behaviours\entities&sprites\clyde.o
                0x08000b00                set_clyde_position
 .text.get_clyde_mode
                0x08000b16        0xe .pio\build\nucleo_f031k6\src\behaviours\entities&sprites\clyde.o
                0x08000b16                get_clyde_mode
 .text.get_clyde_target_position
                0x08000b24       0x70 .pio\build\nucleo_f031k6\src\behaviours\entities&sprites\clyde.o
                0x08000b24                get_clyde_target_position
 .text.set_clyde_mode
                0x08000b94       0x12 .pio\build\nucleo_f031k6\src\behaviours\entities&sprites\clyde.o
                0x08000b94                set_clyde_mode
 .text.get_clyde_behaviour_change
                0x08000ba6        0xe .pio\build\nucleo_f031k6\src\behaviours\entities&sprites\clyde.o
                0x08000ba6                get_clyde_behaviour_change
 .text.set_clyde_behaviour_change
                0x08000bb4       0x12 .pio\build\nucleo_f031k6\src\behaviours\entities&sprites\clyde.o
                0x08000bb4                set_clyde_behaviour_change
 *fill*         0x08000bc6        0x2 
 .text._clyde_feed_next
                0x08000bc8       0xe4 .pio\build\nucleo_f031k6\src\behaviours\entities&sprites\clyde.o
                0x08000bc8                _clyde_feed_next
 .text.destroy_clyde
                0x08000cac        0xa .pio\build\nucleo_f031k6\src\behaviours\entities&sprites\clyde.o
                0x08000cac                destroy_clyde
 *fill*         0x08000cb6        0x2 
 .text.create_ghost
                0x08000cb8       0x34 .pio\build\nucleo_f031k6\src\behaviours\entities&sprites\ghosts.o
                0x08000cb8                create_ghost
 .text.get_ghost_scatter_position
                0x08000cec        0x4 .pio\build\nucleo_f031k6\src\behaviours\entities&sprites\ghosts.o
                0x08000cec                get_ghost_scatter_position
 .text.get_ghost_position
                0x08000cf0        0x4 .pio\build\nucleo_f031k6\src\behaviours\entities&sprites\ghosts.o
                0x08000cf0                get_ghost_position
 .text.set_ghost_position
                0x08000cf4       0x3c .pio\build\nucleo_f031k6\src\behaviours\entities&sprites\ghosts.o
                0x08000cf4                set_ghost_position
 .text.get_ghost_mode
                0x08000d30        0x4 .pio\build\nucleo_f031k6\src\behaviours\entities&sprites\ghosts.o
                0x08000d30                get_ghost_mode
 .text.set_ghost_mode
                0x08000d34        0x8 .pio\build\nucleo_f031k6\src\behaviours\entities&sprites\ghosts.o
                0x08000d34                set_ghost_mode
 .text.get_ghost_behaviour_change
                0x08000d3c        0x4 .pio\build\nucleo_f031k6\src\behaviours\entities&sprites\ghosts.o
                0x08000d3c                get_ghost_behaviour_change
 .text.set_ghost_behaviour
                0x08000d40        0x4 .pio\build\nucleo_f031k6\src\behaviours\entities&sprites\ghosts.o
                0x08000d40                set_ghost_behaviour
 .text._inky    0x08000d44       0x44 .pio\build\nucleo_f031k6\src\behaviours\entities&sprites\inky.o
                0x08000d44                _inky
 .text.get_inky_scatter_position
                0x08000d88        0xe .pio\build\nucleo_f031k6\src\behaviours\entities&sprites\inky.o
                0x08000d88                get_inky_scatter_position
 .text.get_inky_position
                0x08000d96        0xe .pio\build\nucleo_f031k6\src\behaviours\entities&sprites\inky.o
                0x08000d96                get_inky_position
 .text._inky.part.0
                0x08000da4       0x24 .pio\build\nucleo_f031k6\src\behaviours\entities&sprites\inky.o
 .text.set_inky_position
                0x08000dc8       0x16 .pio\build\nucleo_f031k6\src\behaviours\entities&sprites\inky.o
                0x08000dc8                set_inky_position
 .text.get_inky_mode
                0x08000dde        0xe .pio\build\nucleo_f031k6\src\behaviours\entities&sprites\inky.o
                0x08000dde                get_inky_mode
 .text.get_inky_target_position
                0x08000dec      0x11c .pio\build\nucleo_f031k6\src\behaviours\entities&sprites\inky.o
                0x08000dec                get_inky_target_position
 .text.set_inky_mode
                0x08000f08       0x12 .pio\build\nucleo_f031k6\src\behaviours\entities&sprites\inky.o
                0x08000f08                set_inky_mode
 .text.get_inky_behaviour_change
                0x08000f1a        0xe .pio\build\nucleo_f031k6\src\behaviours\entities&sprites\inky.o
                0x08000f1a                get_inky_behaviour_change
 .text.set_inky_behaviour_change
                0x08000f28       0x12 .pio\build\nucleo_f031k6\src\behaviours\entities&sprites\inky.o
                0x08000f28                set_inky_behaviour_change
 *fill*         0x08000f3a        0x2 
 .text._inky_feed_next
                0x08000f3c       0xe4 .pio\build\nucleo_f031k6\src\behaviours\entities&sprites\inky.o
                0x08000f3c                _inky_feed_next
 .text.destroy_inky
                0x08001020        0xa .pio\build\nucleo_f031k6\src\behaviours\entities&sprites\inky.o
                0x08001020                destroy_inky
 *fill*         0x0800102a        0x2 
 .text._pacman.part.0
                0x0800102c       0x1c .pio\build\nucleo_f031k6\src\behaviours\entities&sprites\pacman.o
 .text._pacman  0x08001048       0x48 .pio\build\nucleo_f031k6\src\behaviours\entities&sprites\pacman.o
                0x08001048                _pacman
 .text.get_pacman_state
                0x08001090        0xc .pio\build\nucleo_f031k6\src\behaviours\entities&sprites\pacman.o
                0x08001090                get_pacman_state
 .text.set_pacman_state
                0x0800109c        0xe .pio\build\nucleo_f031k6\src\behaviours\entities&sprites\pacman.o
                0x0800109c                set_pacman_state
 .text.get_pacman_position
                0x080010aa        0xc .pio\build\nucleo_f031k6\src\behaviours\entities&sprites\pacman.o
                0x080010aa                get_pacman_position
 .text.set_pacman_position
                0x080010b6       0x18 .pio\build\nucleo_f031k6\src\behaviours\entities&sprites\pacman.o
                0x080010b6                set_pacman_position
 *fill*         0x080010ce        0x2 
 .text.get_pacman_direction
                0x080010d0       0x34 .pio\build\nucleo_f031k6\src\behaviours\entities&sprites\pacman.o
                0x080010d0                get_pacman_direction
 .text.get_pac_dx
                0x08001104        0xe .pio\build\nucleo_f031k6\src\behaviours\entities&sprites\pacman.o
                0x08001104                get_pac_dx
 .text.get_pac_dy
                0x08001112        0xe .pio\build\nucleo_f031k6\src\behaviours\entities&sprites\pacman.o
                0x08001112                get_pac_dy
 .text.set_pacman_direction
                0x08001120       0x38 .pio\build\nucleo_f031k6\src\behaviours\entities&sprites\pacman.o
                0x08001120                set_pacman_direction
 .text.get_pacman_life
                0x08001158        0xc .pio\build\nucleo_f031k6\src\behaviours\entities&sprites\pacman.o
                0x08001158                get_pacman_life
 .text.set_pacman_life
                0x08001164       0x18 .pio\build\nucleo_f031k6\src\behaviours\entities&sprites\pacman.o
                0x08001164                set_pacman_life
 .text.destroy_pacman
                0x0800117c        0xa .pio\build\nucleo_f031k6\src\behaviours\entities&sprites\pacman.o
                0x0800117c                destroy_pacman
 *fill*         0x08001186        0x2 
 .text._pinky   0x08001188       0x44 .pio\build\nucleo_f031k6\src\behaviours\entities&sprites\pinky.o
                0x08001188                _pinky
 .text.get_pinky_scatter_position
                0x080011cc        0xe .pio\build\nucleo_f031k6\src\behaviours\entities&sprites\pinky.o
                0x080011cc                get_pinky_scatter_position
 .text.get_pinky_position
                0x080011da        0xe .pio\build\nucleo_f031k6\src\behaviours\entities&sprites\pinky.o
                0x080011da                get_pinky_position
 .text._pinky.part.0
                0x080011e8       0x24 .pio\build\nucleo_f031k6\src\behaviours\entities&sprites\pinky.o
 .text.set_pinky_position
                0x0800120c       0x16 .pio\build\nucleo_f031k6\src\behaviours\entities&sprites\pinky.o
                0x0800120c                set_pinky_position
 .text.get_pinky_mode
                0x08001222        0xe .pio\build\nucleo_f031k6\src\behaviours\entities&sprites\pinky.o
                0x08001222                get_pinky_mode
 .text.get_pinky_target_position
                0x08001230       0xbe .pio\build\nucleo_f031k6\src\behaviours\entities&sprites\pinky.o
                0x08001230                get_pinky_target_position
 .text.set_pinky_mode
                0x080012ee       0x12 .pio\build\nucleo_f031k6\src\behaviours\entities&sprites\pinky.o
                0x080012ee                set_pinky_mode
 .text.get_pinky_behaviour_change
                0x08001300        0xe .pio\build\nucleo_f031k6\src\behaviours\entities&sprites\pinky.o
                0x08001300                get_pinky_behaviour_change
 .text.set_pinky_behaviour_change
                0x0800130e       0x12 .pio\build\nucleo_f031k6\src\behaviours\entities&sprites\pinky.o
                0x0800130e                set_pinky_behaviour_change
 .text._pinky_feed_next
                0x08001320       0xe4 .pio\build\nucleo_f031k6\src\behaviours\entities&sprites\pinky.o
                0x08001320                _pinky_feed_next
 .text.destroy_pinky
                0x08001404        0xa .pio\build\nucleo_f031k6\src\behaviours\entities&sprites\pinky.o
                0x08001404                destroy_pinky
 .text.CSLow    0x0800140e        0xe .pio\build\nucleo_f031k6\src\frontend&drawing\display.o
 .text.CSHigh   0x0800141c        0xe .pio\build\nucleo_f031k6\src\frontend&drawing\display.o
 .text.DCHigh   0x0800142a        0xe .pio\build\nucleo_f031k6\src\frontend&drawing\display.o
 .text.transferSPI8
                0x08001438       0x3c .pio\build\nucleo_f031k6\src\frontend&drawing\display.o
 .text.command  0x08001474       0x14 .pio\build\nucleo_f031k6\src\frontend&drawing\display.o
 .text.data     0x08001488       0x10 .pio\build\nucleo_f031k6\src\frontend&drawing\display.o
 .text.openAperture
                0x08001498       0x4e .pio\build\nucleo_f031k6\src\frontend&drawing\display.o
 *fill*         0x080014e6        0x2 
 .text.transferSPI16
                0x080014e8       0x38 .pio\build\nucleo_f031k6\src\frontend&drawing\display.o
 .text.fillRectangle
                0x08001520       0x2c .pio\build\nucleo_f031k6\src\frontend&drawing\display.o
                0x08001520                fillRectangle
 .text.display_begin
                0x0800154c      0x260 .pio\build\nucleo_f031k6\src\frontend&drawing\display.o
                0x0800154c                display_begin
 .text.putPixel
                0x080017ac       0x1c .pio\build\nucleo_f031k6\src\frontend&drawing\display.o
                0x080017ac                putPixel
 .text.putColumn
                0x080017c8       0x2a .pio\build\nucleo_f031k6\src\frontend&drawing\display.o
                0x080017c8                putColumn
 .text.putRow   0x080017f2       0x2a .pio\build\nucleo_f031k6\src\frontend&drawing\display.o
                0x080017f2                putRow
 .text.putImage
                0x0800181c       0xe8 .pio\build\nucleo_f031k6\src\frontend&drawing\display.o
                0x0800181c                putImage
 .text.printText
                0x08001904       0x98 .pio\build\nucleo_f031k6\src\frontend&drawing\display.o
                0x08001904                printText
 .text.printTextX2
                0x0800199c       0xa0 .pio\build\nucleo_f031k6\src\frontend&drawing\display.o
                0x0800199c                printTextX2
 .text.printNumber
                0x08001a3c       0x80 .pio\build\nucleo_f031k6\src\frontend&drawing\display.o
                0x08001a3c                printNumber
 .text.redraw_entire_grid
                0x08001abc      0x198 .pio\build\nucleo_f031k6\src\frontend&drawing\draw_manager.o
                0x08001abc                redraw_entire_grid
 .text.redraw_white_text
                0x08001c54       0x98 .pio\build\nucleo_f031k6\src\frontend&drawing\draw_manager.o
                0x08001c54                redraw_white_text
 .text.draw_home_page
                0x08001cec       0x78 .pio\build\nucleo_f031k6\src\frontend&drawing\draw_manager.o
                0x08001cec                draw_home_page
 .text.draw_pause_menu
                0x08001d64       0x6c .pio\build\nucleo_f031k6\src\frontend&drawing\draw_manager.o
                0x08001d64                draw_pause_menu
 .text.flicker_text
                0x08001dd0      0x134 .pio\build\nucleo_f031k6\src\frontend&drawing\draw_manager.o
                0x08001dd0                flicker_text
 .text.draw_current_page
                0x08001f04       0x24 .pio\build\nucleo_f031k6\src\frontend&drawing\draw_manager.o
                0x08001f04                draw_current_page
 .text.point_at_entity_texture
                0x08001f28      0x170 .pio\build\nucleo_f031k6\src\frontend&drawing\draw_manager.o
                0x08001f28                point_at_entity_texture
 .text.point_at_static_texture
                0x08002098       0x78 .pio\build\nucleo_f031k6\src\frontend&drawing\draw_manager.o
                0x08002098                point_at_static_texture
 .text.move_entities
                0x08002110      0x4ec .pio\build\nucleo_f031k6\src\frontend&drawing\draw_manager.o
                0x08002110                move_entities
 .text.eat_ghost
                0x080025fc       0xec .pio\build\nucleo_f031k6\src\frontend&drawing\draw_manager.o
                0x080025fc                eat_ghost
 .text.draw_pacman_dying
                0x080026e8      0x1a4 .pio\build\nucleo_f031k6\src\frontend&drawing\draw_manager.o
                0x080026e8                draw_pacman_dying
 .text.set_menu_page
                0x0800288c       0x10 .pio\build\nucleo_f031k6\src\frontend&drawing\menu.o
                0x0800288c                set_menu_page
 .text.get_active_menu_page
                0x0800289c        0xc .pio\build\nucleo_f031k6\src\frontend&drawing\menu.o
                0x0800289c                get_active_menu_page
 .text.get_cursor_position
                0x080028a8        0xc .pio\build\nucleo_f031k6\src\frontend&drawing\menu.o
                0x080028a8                get_cursor_position
 .text.move_cursor
                0x080028b4       0xd0 .pio\build\nucleo_f031k6\src\frontend&drawing\menu.o
                0x080028b4                move_cursor
 .text.create_singleton_grid
                0x08002984       0x30 .pio\build\nucleo_f031k6\src\grid.o
                0x08002984                create_singleton_grid
 .text.create_reset_grid
                0x080029b4       0xb4 .pio\build\nucleo_f031k6\src\grid.o
                0x080029b4                create_reset_grid
 .text.add_grid_state
                0x08002a68       0x24 .pio\build\nucleo_f031k6\src\grid.o
                0x08002a68                add_grid_state
 .text.add_grid_state_point
                0x08002a8c       0x28 .pio\build\nucleo_f031k6\src\grid.o
                0x08002a8c                add_grid_state_point
 .text.remove_grid_state
                0x08002ab4       0x24 .pio\build\nucleo_f031k6\src\grid.o
                0x08002ab4                remove_grid_state
 .text.remove_grid_state_point
                0x08002ad8       0x28 .pio\build\nucleo_f031k6\src\grid.o
                0x08002ad8                remove_grid_state_point
 .text.get_grid_state
                0x08002b00       0x24 .pio\build\nucleo_f031k6\src\grid.o
                0x08002b00                get_grid_state
 .text.is_grid_state
                0x08002b24       0x2c .pio\build\nucleo_f031k6\src\grid.o
                0x08002b24                is_grid_state
 .text.has_grid_state
                0x08002b50       0x2c .pio\build\nucleo_f031k6\src\grid.o
                0x08002b50                has_grid_state
 .text.has_grid_state_point
                0x08002b7c       0x30 .pio\build\nucleo_f031k6\src\grid.o
                0x08002b7c                has_grid_state_point
 .text.destroy_grid
                0x08002bac       0x14 .pio\build\nucleo_f031k6\src\grid.o
                0x08002bac                destroy_grid
 .text.check_if_eat_ghost_static
                0x08002bc0      0x100 .pio\build\nucleo_f031k6\src\main.o
                0x08002bc0                check_if_eat_ghost_static
 .text.set_scatter_mode_to_chase_mode
                0x08002cc0       0x94 .pio\build\nucleo_f031k6\src\main.o
                0x08002cc0                set_scatter_mode_to_chase_mode
 .text.check_if_eat_ghost_real_time
                0x08002d54       0x8a .pio\build\nucleo_f031k6\src\main.o
                0x08002d54                check_if_eat_ghost_real_time
 .text.set_ghosts_mode
                0x08002dde       0x1c .pio\build\nucleo_f031k6\src\main.o
                0x08002dde                set_ghosts_mode
 .text.reset_eaten_ghosts
                0x08002dfa       0xbe .pio\build\nucleo_f031k6\src\main.o
                0x08002dfa                reset_eaten_ghosts
 .text.exit_game
                0x08002eb8       0x5a .pio\build\nucleo_f031k6\src\main.o
                0x08002eb8                exit_game
 .text.is_pacman_dead
                0x08002f12       0x8a .pio\build\nucleo_f031k6\src\main.o
                0x08002f12                is_pacman_dead
 .text.startup.main
                0x08002f9c      0x6fc .pio\build\nucleo_f031k6\src\main.o
                0x08002f9c                main
 .text.initSound
                0x08003698       0x68 .pio\build\nucleo_f031k6\src\music&sound\sound.o
                0x08003698                initSound
 .text.initSerial
                0x08003700       0x98 .pio\build\nucleo_f031k6\src\serial.o
                0x08003700                initSerial
 .text.eputchar
                0x08003798       0x1c .pio\build\nucleo_f031k6\src\serial.o
                0x08003798                eputchar
 .text.eputs    0x080037b4       0x14 .pio\build\nucleo_f031k6\src\serial.o
                0x080037b4                eputs
 .text.is_not_empty
                0x080037c8        0x8 .pio\build\nucleo_f031k6\src\utils\arr.o
                0x080037c8                is_not_empty
 .text.get_list_size
                0x080037d0       0x1e .pio\build\nucleo_f031k6\src\utils\arr.o
                0x080037d0                get_list_size
 .text.push     0x080037ee       0x48 .pio\build\nucleo_f031k6\src\utils\arr.o
                0x080037ee                push
 .text.search_item
                0x08003836       0x2a .pio\build\nucleo_f031k6\src\utils\arr.o
                0x08003836                search_item
 .text.remove_item
                0x08003860       0x70 .pio\build\nucleo_f031k6\src\utils\arr.o
                0x08003860                remove_item
 .text.clear_arr
                0x080038d0       0x12 .pio\build\nucleo_f031k6\src\utils\arr.o
                0x080038d0                clear_arr
 .text.reverse_points
                0x080038e2       0x3c .pio\build\nucleo_f031k6\src\utils\arr.o
                0x080038e2                reverse_points
 *fill*         0x0800391e        0x2 
 .text.initSysTick
                0x08003920       0x1c .pio\build\nucleo_f031k6\src\utils\events.o
                0x08003920                initSysTick
 .text.SysTick_Handler
                0x0800393c       0x10 .pio\build\nucleo_f031k6\src\utils\events.o
                0x0800393c                SysTick_Handler
 .text.initClock
                0x0800394c       0x70 .pio\build\nucleo_f031k6\src\utils\events.o
                0x0800394c                initClock
 .text.delay    0x080039bc       0x20 .pio\build\nucleo_f031k6\src\utils\events.o
                0x080039bc                delay
 .text.enablePullUp
                0x080039dc       0x18 .pio\build\nucleo_f031k6\src\utils\events.o
                0x080039dc                enablePullUp
 .text.pinMode  0x080039f4       0x14 .pio\build\nucleo_f031k6\src\utils\events.o
                0x080039f4                pinMode
 .text.setupIO  0x08003a08       0xc8 .pio\build\nucleo_f031k6\src\utils\events.o
                0x08003a08                setupIO
 .text.SET_UP_STM
                0x08003ad0       0x18 .pio\build\nucleo_f031k6\src\utils\events.o
                0x08003ad0                SET_UP_STM
 .text.is_button_up_pressed
                0x08003ae8        0xe .pio\build\nucleo_f031k6\src\utils\events.o
                0x08003ae8                is_button_up_pressed
 *fill*         0x08003af6        0x2 
 .text.is_button_right_pressed
                0x08003af8       0x10 .pio\build\nucleo_f031k6\src\utils\events.o
                0x08003af8                is_button_right_pressed
 .text.is_button_down_pressed
                0x08003b08        0xe .pio\build\nucleo_f031k6\src\utils\events.o
                0x08003b08                is_button_down_pressed
 *fill*         0x08003b16        0x2 
 .text.is_button_left_pressed
                0x08003b18       0x10 .pio\build\nucleo_f031k6\src\utils\events.o
                0x08003b18                is_button_left_pressed
 .text.is_button_pause_pressed
                0x08003b28        0xe .pio\build\nucleo_f031k6\src\utils\events.o
                0x08003b28                is_button_pause_pressed
 *fill*         0x08003b36        0x2 
 .text.turn_off_LEDS
                0x08003b38       0x38 .pio\build\nucleo_f031k6\src\utils\events.o
                0x08003b38                turn_off_LEDS
 .text.turn_on_LEDS
                0x08003b70       0x34 .pio\build\nucleo_f031k6\src\utils\events.o
                0x08003b70                turn_on_LEDS
 .text.turn_on_low_green_LED
                0x08003ba4       0x10 .pio\build\nucleo_f031k6\src\utils\events.o
                0x08003ba4                turn_on_low_green_LED
 .text.turn_on_yellow_LED
                0x08003bb4       0x10 .pio\build\nucleo_f031k6\src\utils\events.o
                0x08003bb4                turn_on_yellow_LED
 .text.turn_on_red_LED
                0x08003bc4       0x10 .pio\build\nucleo_f031k6\src\utils\events.o
                0x08003bc4                turn_on_red_LED
 .text.turn_off_high_green_LED
                0x08003bd4       0x14 .pio\build\nucleo_f031k6\src\utils\events.o
                0x08003bd4                turn_off_high_green_LED
 .text.turn_off_low_green_LED
                0x08003be8       0x14 .pio\build\nucleo_f031k6\src\utils\events.o
                0x08003be8                turn_off_low_green_LED
 .text.turn_off_yellow_LED
                0x08003bfc       0x10 .pio\build\nucleo_f031k6\src\utils\events.o
                0x08003bfc                turn_off_yellow_LED
 .text.display_life_LED
                0x08003c0c       0x46 .pio\build\nucleo_f031k6\src\utils\events.o
                0x08003c0c                display_life_LED
 .text.create_point
                0x08003c52       0x18 .pio\build\nucleo_f031k6\src\utils\point.o
                0x08003c52                create_point
 .text.create_deep_copy
                0x08003c6a       0x1c .pio\build\nucleo_f031k6\src\utils\point.o
                0x08003c6a                create_deep_copy
 .text.create_deep_copy_stack
                0x08003c86       0x24 .pio\build\nucleo_f031k6\src\utils\point.o
                0x08003c86                create_deep_copy_stack
 .text.copy_point_values
                0x08003caa       0x14 .pio\build\nucleo_f031k6\src\utils\point.o
                0x08003caa                copy_point_values
 .text.set_point_coord
                0x08003cbe        0xe .pio\build\nucleo_f031k6\src\utils\point.o
                0x08003cbe                set_point_coord
 .text.compare_points
                0x08003ccc       0x24 .pio\build\nucleo_f031k6\src\utils\point.o
                0x08003ccc                compare_points
 .text.is_point_valid
                0x08003cf0       0x1a .pio\build\nucleo_f031k6\src\utils\point.o
                0x08003cf0                is_point_valid
 .text.destroy_point
                0x08003d0a        0xa .pio\build\nucleo_f031k6\src\utils\point.o
                0x08003d0a                destroy_point
 .text.linear_congruence_rand
                0x08003d14       0x68 .pio\build\nucleo_f031k6\src\utils\random.o
                0x08003d14                linear_congruence_rand
 .text.get_random_number_in_range
                0x08003d7c       0x2a .pio\build\nucleo_f031k6\src\utils\random.o
                0x08003d7c                get_random_number_in_range
 .text.get_random_point_on_grid
                0x08003da6       0x8e .pio\build\nucleo_f031k6\src\utils\random.o
                0x08003da6                get_random_point_on_grid
 .text.calloc   0x08003e34       0x14 c:/users/administrator/.platformio/packages/toolchain-gccarmnoneeabi/bin/../lib/gcc/arm-none-eabi/7.2.1/../../../../arm-none-eabi/lib/thumb/v6-m\libc_nano.a(lib_a-calloc.o)
                0x08003e34                calloc
 .text.__libc_init_array
                0x08003e48       0x48 c:/users/administrator/.platformio/packages/toolchain-gccarmnoneeabi/bin/../lib/gcc/arm-none-eabi/7.2.1/../../../../arm-none-eabi/lib/thumb/v6-m\libc_nano.a(lib_a-init.o)
                0x08003e48                __libc_init_array
 .text.malloc   0x08003e90       0x14 c:/users/administrator/.platformio/packages/toolchain-gccarmnoneeabi/bin/../lib/gcc/arm-none-eabi/7.2.1/../../../../arm-none-eabi/lib/thumb/v6-m\libc_nano.a(lib_a-malloc.o)
                0x08003e90                malloc
 .text.free     0x08003ea4       0x14 c:/users/administrator/.platformio/packages/toolchain-gccarmnoneeabi/bin/../lib/gcc/arm-none-eabi/7.2.1/../../../../arm-none-eabi/lib/thumb/v6-m\libc_nano.a(lib_a-malloc.o)
                0x08003ea4                free
 .text.memcpy   0x08003eb8       0x12 c:/users/administrator/.platformio/packages/toolchain-gccarmnoneeabi/bin/../lib/gcc/arm-none-eabi/7.2.1/../../../../arm-none-eabi/lib/thumb/v6-m\libc_nano.a(lib_a-memcpy-stub.o)
                0x08003eb8                memcpy
 .text.memset   0x08003eca       0x10 c:/users/administrator/.platformio/packages/toolchain-gccarmnoneeabi/bin/../lib/gcc/arm-none-eabi/7.2.1/../../../../arm-none-eabi/lib/thumb/v6-m\libc_nano.a(lib_a-memset.o)
                0x08003eca                memset
 .text._calloc_r
                0x08003eda       0x1c c:/users/administrator/.platformio/packages/toolchain-gccarmnoneeabi/bin/../lib/gcc/arm-none-eabi/7.2.1/../../../../arm-none-eabi/lib/thumb/v6-m\libc_nano.a(lib_a-nano-callocr.o)
                0x08003eda                _calloc_r
 *fill*         0x08003ef6        0x2 
 .text._free_r  0x08003ef8       0x94 c:/users/administrator/.platformio/packages/toolchain-gccarmnoneeabi/bin/../lib/gcc/arm-none-eabi/7.2.1/../../../../arm-none-eabi/lib/thumb/v6-m\libc_nano.a(lib_a-nano-freer.o)
                0x08003ef8                _free_r
 .text._malloc_r
                0x08003f8c       0xbc c:/users/administrator/.platformio/packages/toolchain-gccarmnoneeabi/bin/../lib/gcc/arm-none-eabi/7.2.1/../../../../arm-none-eabi/lib/thumb/v6-m\libc_nano.a(lib_a-nano-mallocr.o)
                0x08003f8c                _malloc_r
 .text._sbrk_r  0x08004048       0x24 c:/users/administrator/.platformio/packages/toolchain-gccarmnoneeabi/bin/../lib/gcc/arm-none-eabi/7.2.1/../../../../arm-none-eabi/lib/thumb/v6-m\libc_nano.a(lib_a-sbrkr.o)
                0x08004048                _sbrk_r
 .text.__malloc_lock
                0x0800406c        0x2 c:/users/administrator/.platformio/packages/toolchain-gccarmnoneeabi/bin/../lib/gcc/arm-none-eabi/7.2.1/../../../../arm-none-eabi/lib/thumb/v6-m\libc_nano.a(lib_a-mlock.o)
                0x0800406c                __malloc_lock
 .text.__malloc_unlock
                0x0800406e        0x2 c:/users/administrator/.platformio/packages/toolchain-gccarmnoneeabi/bin/../lib/gcc/arm-none-eabi/7.2.1/../../../../arm-none-eabi/lib/thumb/v6-m\libc_nano.a(lib_a-mlock.o)
                0x0800406e                __malloc_unlock
 .text._sbrk    0x08004070       0x1c c:/users/administrator/.platformio/packages/toolchain-gccarmnoneeabi/bin/../lib/gcc/arm-none-eabi/7.2.1/../../../../arm-none-eabi/lib/thumb/v6-m\libnosys.a(sbrk.o)
                0x08004070                _sbrk
 *(.glue_7)
 .glue_7        0x0800408c        0x0 linker stubs
 *(.glue_7t)
 .glue_7t       0x0800408c        0x0 linker stubs
 *(.eh_frame)
 .eh_frame      0x0800408c        0x0 c:/users/administrator/.platformio/packages/toolchain-gccarmnoneeabi/bin/../lib/gcc/arm-none-eabi/7.2.1/thumb/v6-m/crtbegin.o
 *(.init)
 .init          0x0800408c        0x4 c:/users/administrator/.platformio/packages/toolchain-gccarmnoneeabi/bin/../lib/gcc/arm-none-eabi/7.2.1/thumb/v6-m/crti.o
                0x0800408c                _init
 .init          0x08004090        0x8 c:/users/administrator/.platformio/packages/toolchain-gccarmnoneeabi/bin/../lib/gcc/arm-none-eabi/7.2.1/thumb/v6-m/crtn.o
 *(.fini)
 .fini          0x08004098        0x4 c:/users/administrator/.platformio/packages/toolchain-gccarmnoneeabi/bin/../lib/gcc/arm-none-eabi/7.2.1/thumb/v6-m/crti.o
                0x08004098                _fini
 .fini          0x0800409c        0x8 c:/users/administrator/.platformio/packages/toolchain-gccarmnoneeabi/bin/../lib/gcc/arm-none-eabi/7.2.1/thumb/v6-m/crtn.o
                0x080040a4                . = ALIGN (0x4)
                0x080040a4                _etext = .

.vfp11_veneer   0x080040a4        0x0
 .vfp11_veneer  0x080040a4        0x0 linker stubs

.v4_bx          0x080040a4        0x0
 .v4_bx         0x080040a4        0x0 linker stubs

.iplt           0x080040a4        0x0
 .iplt          0x080040a4        0x0 c:/users/administrator/.platformio/packages/toolchain-gccarmnoneeabi/bin/../lib/gcc/arm-none-eabi/7.2.1/thumb/v6-m/crtbegin.o

.rodata         0x080040a4     0x391c
                0x080040a4                . = ALIGN (0x4)
 *(.rodata)
 .rodata        0x080040a4       0x20 .pio\build\nucleo_f031k6\src\behaviours\entities&sprites\inky.o
 .rodata        0x080040c4      0x244 .pio\build\nucleo_f031k6\src\frontend&drawing\draw_manager.o
 .rodata        0x08004308      0x234 .pio\build\nucleo_f031k6\src\grid.o
 .rodata        0x0800453c        0x7 .pio\build\nucleo_f031k6\src\main.o
 *(.rodata*)
 .rodata.trace_path_a_star.str1.1
                0x08004543       0x1c .pio\build\nucleo_f031k6\src\behaviours\algo.o
 .rodata.create_ghost.str1.1
                0x0800455f       0x10 .pio\build\nucleo_f031k6\src\behaviours\entities&sprites\ghosts.o
 .rodata.set_ghost_position.str1.1
                0x0800456f       0x4e .pio\build\nucleo_f031k6\src\behaviours\entities&sprites\ghosts.o
 .rodata._pacman.str1.1
                0x080045bd       0x11 .pio\build\nucleo_f031k6\src\behaviours\entities&sprites\pacman.o
 .rodata.Font5x7
                0x080045ce      0x1e0 .pio\build\nucleo_f031k6\src\frontend&drawing\display.o
 .rodata.draw_pause_menu.str1.1
                0x080047ae        0x7 .pio\build\nucleo_f031k6\src\frontend&drawing\draw_manager.o
 .rodata.move_entities.str1.1
                0x080047b5      0x11a .pio\build\nucleo_f031k6\src\frontend&drawing\draw_manager.o
 .rodata.redraw_entire_grid.str1.1
                0x080048cf        0xd .pio\build\nucleo_f031k6\src\frontend&drawing\draw_manager.o
 .rodata.redraw_white_text.str1.1
                0x080048dc       0x40 .pio\build\nucleo_f031k6\src\frontend&drawing\draw_manager.o
 .rodata.create_singleton_grid.str1.1
                0x0800491c        0x7 .pio\build\nucleo_f031k6\src\grid.o
 .rodata.main.str1.1
                0x08004923       0x1b .pio\build\nucleo_f031k6\src\main.o
 .rodata.blank_array
                0x0800493e       0x80 .pio\build\nucleo_f031k6\src\texture_src\blank_textures.o
                0x0800493e                blank_array
 .rodata.blinky_array
                0x080049be      0x200 .pio\build\nucleo_f031k6\src\texture_src\blinky_textures.o
                0x080049be                blinky_array
 .rodata.clyde_array
                0x08004bbe      0x200 .pio\build\nucleo_f031k6\src\texture_src\clyde_textures.o
                0x08004bbe                clyde_array
 .rodata.fright_ghost_array
                0x08004dbe       0x80 .pio\build\nucleo_f031k6\src\texture_src\fright_ghost_textures.o
                0x08004dbe                fright_ghost_array
 .rodata.inky_array
                0x08004e3e      0x200 .pio\build\nucleo_f031k6\src\texture_src\inky_textures.o
                0x08004e3e                inky_array
 .rodata.main_menu_array
                0x0800503e     0x1c80 .pio\build\nucleo_f031k6\src\texture_src\main_menu_title.o
                0x0800503e                main_menu_array
 .rodata.pacman_array
                0x08006cbe      0x400 .pio\build\nucleo_f031k6\src\texture_src\pacman_textures.o
                0x08006cbe                pacman_array
 .rodata.pickups_array
                0x080070be      0x180 .pio\build\nucleo_f031k6\src\texture_src\pickups_textures.o
                0x080070be                pickups_array
 .rodata.pinky_array
                0x0800723e      0x200 .pio\build\nucleo_f031k6\src\texture_src\pinky_textures.o
                0x0800723e                pinky_array
 .rodata.wall_array
                0x0800743e      0x580 .pio\build\nucleo_f031k6\src\texture_src\wall_textures.o
                0x0800743e                wall_array
                0x080079c0                . = ALIGN (0x4)
 *fill*         0x080079be        0x2 

.ARM.extab      0x080079c0        0x0
                0x080079c0                . = ALIGN (0x4)
 *(.ARM.extab* .gnu.linkonce.armextab.*)
                0x080079c0                . = ALIGN (0x4)

.ARM            0x080079c0        0x8
                0x080079c0                . = ALIGN (0x4)
                0x080079c0                __exidx_start = .
 *(.ARM.exidx*)
 .ARM.exidx     0x080079c0        0x8 c:/users/administrator/.platformio/packages/toolchain-gccarmnoneeabi/bin/../lib/gcc/arm-none-eabi/7.2.1/thumb/v6-m\libgcc.a(_udivmoddi4.o)
                0x080079c8                __exidx_end = .
                0x080079c8                . = ALIGN (0x4)

.rel.dyn        0x080079c8        0x0
 .rel.iplt      0x080079c8        0x0 c:/users/administrator/.platformio/packages/toolchain-gccarmnoneeabi/bin/../lib/gcc/arm-none-eabi/7.2.1/thumb/v6-m/crtbegin.o

.preinit_array  0x080079c8        0x0
                0x080079c8                . = ALIGN (0x4)
                0x080079c8                PROVIDE (__preinit_array_start, .)
 *(.preinit_array*)
                0x080079c8                PROVIDE (__preinit_array_end, .)
                0x080079c8                . = ALIGN (0x4)

.init_array     0x080079c8        0x4
                0x080079c8                . = ALIGN (0x4)
                0x080079c8                PROVIDE (__init_array_start, .)
 *(SORT_BY_NAME(.init_array.*))
 *(.init_array*)
 .init_array    0x080079c8        0x4 c:/users/administrator/.platformio/packages/toolchain-gccarmnoneeabi/bin/../lib/gcc/arm-none-eabi/7.2.1/thumb/v6-m/crtbegin.o
                0x080079cc                PROVIDE (__init_array_end, .)
                0x080079cc                . = ALIGN (0x4)

.fini_array     0x080079cc        0x4
                0x080079cc                . = ALIGN (0x4)
                [!provide]                PROVIDE (__fini_array_start, .)
 *(SORT_BY_NAME(.fini_array.*))
 *(.fini_array*)
 .fini_array    0x080079cc        0x4 c:/users/administrator/.platformio/packages/toolchain-gccarmnoneeabi/bin/../lib/gcc/arm-none-eabi/7.2.1/thumb/v6-m/crtbegin.o
                [!provide]                PROVIDE (__fini_array_end, .)
                0x080079d0                . = ALIGN (0x4)
                0x080079d0                _sidata = LOADADDR (.data)

.data           0x20000000       0x70 load address 0x080079d0
                0x20000000                . = ALIGN (0x4)
                0x20000000                _sdata = .
 *(.data)
 *(.data*)
 .data.feed_pointer.5510
                0x20000000        0x1 .pio\build\nucleo_f031k6\src\behaviours\entities&sprites\blinky.o
 .data.feed_pointer.5500
                0x20000001        0x1 .pio\build\nucleo_f031k6\src\behaviours\entities&sprites\clyde.o
 .data.feed_pointer.5533
                0x20000002        0x1 .pio\build\nucleo_f031k6\src\behaviours\entities&sprites\inky.o
 .data.feed_pointer.5510
                0x20000003        0x1 .pio\build\nucleo_f031k6\src\behaviours\entities&sprites\pinky.o
 .data.active_menu
                0x20000004        0x1 .pio\build\nucleo_f031k6\src\frontend&drawing\menu.o
 *fill*         0x20000005        0x3 
 .data.iterator.4872
                0x20000008        0x4 .pio\build\nucleo_f031k6\src\utils\random.o
 .data._impure_ptr
                0x2000000c        0x4 c:/users/administrator/.platformio/packages/toolchain-gccarmnoneeabi/bin/../lib/gcc/arm-none-eabi/7.2.1/../../../../arm-none-eabi/lib/thumb/v6-m\libc_nano.a(lib_a-impure.o)
                0x2000000c                _impure_ptr
 .data.impure_data
                0x20000010       0x60 c:/users/administrator/.platformio/packages/toolchain-gccarmnoneeabi/bin/../lib/gcc/arm-none-eabi/7.2.1/../../../../arm-none-eabi/lib/thumb/v6-m\libc_nano.a(lib_a-impure.o)
 *(.RamFunc)
 *(.RamFunc*)
                0x20000070                . = ALIGN (0x4)
                0x20000070                _edata = .

.igot.plt       0x20000070        0x0 load address 0x08007a40
 .igot.plt      0x20000070        0x0 c:/users/administrator/.platformio/packages/toolchain-gccarmnoneeabi/bin/../lib/gcc/arm-none-eabi/7.2.1/thumb/v6-m/crtbegin.o
                0x20000070                . = ALIGN (0x4)

.bss            0x20000070      0x1e4 load address 0x08007a40
                0x20000070                _sbss = .
                0x20000070                __bss_start__ = _sbss
 *(.bss)
 .bss           0x20000070       0x1c c:/users/administrator/.platformio/packages/toolchain-gccarmnoneeabi/bin/../lib/gcc/arm-none-eabi/7.2.1/thumb/v6-m/crtbegin.o
 *(.bss*)
 .bss.current_blinky.5536
                0x2000008c        0x4 .pio\build\nucleo_f031k6\src\behaviours\entities&sprites\blinky.o
 .bss.feed_cache.5505
                0x20000090       0x64 .pio\build\nucleo_f031k6\src\behaviours\entities&sprites\blinky.o
 .bss.current_clyde.5530
                0x200000f4        0x4 .pio\build\nucleo_f031k6\src\behaviours\entities&sprites\clyde.o
 .bss.feed_cache.5499
                0x200000f8       0x64 .pio\build\nucleo_f031k6\src\behaviours\entities&sprites\clyde.o
 .bss.current_inky.5563
                0x2000015c        0x4 .pio\build\nucleo_f031k6\src\behaviours\entities&sprites\inky.o
 .bss.feed_cache.5532
                0x20000160       0x64 .pio\build\nucleo_f031k6\src\behaviours\entities&sprites\inky.o
 .bss.pacman.4843
                0x200001c4        0x4 .pio\build\nucleo_f031k6\src\behaviours\entities&sprites\pacman.o
 .bss.current_pinky.5540
                0x200001c8        0x4 .pio\build\nucleo_f031k6\src\behaviours\entities&sprites\pinky.o
 .bss.feed_cache.5509
                0x200001cc       0x64 .pio\build\nucleo_f031k6\src\behaviours\entities&sprites\pinky.o
 .bss.flicker_switch.5782
                0x20000230        0x1 .pio\build\nucleo_f031k6\src\frontend&drawing\draw_manager.o
 .bss.is_mouth_open
                0x20000231        0x1 .pio\build\nucleo_f031k6\src\frontend&drawing\draw_manager.o
 .bss.cursor_position
                0x20000232        0x1 .pio\build\nucleo_f031k6\src\frontend&drawing\menu.o
 *fill*         0x20000233        0x1 
 .bss.singleton_grid
                0x20000234        0x4 .pio\build\nucleo_f031k6\src\grid.o
 .bss.stored_seed.4873
                0x20000238        0x8 .pio\build\nucleo_f031k6\src\utils\random.o
 .bss.__malloc_free_list
                0x20000240        0x4 c:/users/administrator/.platformio/packages/toolchain-gccarmnoneeabi/bin/../lib/gcc/arm-none-eabi/7.2.1/../../../../arm-none-eabi/lib/thumb/v6-m\libc_nano.a(lib_a-nano-mallocr.o)
                0x20000240                __malloc_free_list
 .bss.__malloc_sbrk_start
                0x20000244        0x4 c:/users/administrator/.platformio/packages/toolchain-gccarmnoneeabi/bin/../lib/gcc/arm-none-eabi/7.2.1/../../../../arm-none-eabi/lib/thumb/v6-m\libc_nano.a(lib_a-nano-mallocr.o)
                0x20000244                __malloc_sbrk_start
 .bss.heap_end.4102
                0x20000248        0x4 c:/users/administrator/.platformio/packages/toolchain-gccarmnoneeabi/bin/../lib/gcc/arm-none-eabi/7.2.1/../../../../arm-none-eabi/lib/thumb/v6-m\libnosys.a(sbrk.o)
 *(COMMON)
 COMMON         0x2000024c        0x4 .pio\build\nucleo_f031k6\src\utils\events.o
                0x2000024c                milliseconds
 COMMON         0x20000250        0x4 c:/users/administrator/.platformio/packages/toolchain-gccarmnoneeabi/bin/../lib/gcc/arm-none-eabi/7.2.1/../../../../arm-none-eabi/lib/thumb/v6-m\libc_nano.a(lib_a-reent.o)
                0x20000250                errno
                0x20000254                . = ALIGN (0x4)
                0x20000254                _ebss = .
                0x20000254                __bss_end__ = _ebss

._user_heap_stack
                0x20000254      0x604 load address 0x08007a40
                0x20000258                . = ALIGN (0x8)
 *fill*         0x20000254        0x4 
                0x20000258                PROVIDE (end, .)
                [!provide]                PROVIDE (_end, .)
                0x20000458                . = (. + _Min_Heap_Size)
 *fill*         0x20000258      0x200 
                0x20000858                . = (. + _Min_Stack_Size)
 *fill*         0x20000458      0x400 
                0x20000858                . = ALIGN (0x8)

/DISCARD/
 libc.a(*)
 libm.a(*)
 libgcc.a(*)

.ARM.attributes
                0x00000000       0x28
 *(.ARM.attributes)
 .ARM.attributes
                0x00000000       0x1e c:/users/administrator/.platformio/packages/toolchain-gccarmnoneeabi/bin/../lib/gcc/arm-none-eabi/7.2.1/thumb/v6-m/crti.o
 .ARM.attributes
                0x0000001e       0x2c c:/users/administrator/.platformio/packages/toolchain-gccarmnoneeabi/bin/../lib/gcc/arm-none-eabi/7.2.1/thumb/v6-m/crtbegin.o
 .ARM.attributes
                0x0000004a       0x21 .pio\build\nucleo_f031k6\FrameworkCMSIS\gcc\startup_stm32f031x6.o
 .ARM.attributes
                0x0000006b       0x31 .pio\build\nucleo_f031k6\FrameworkCMSIS\system_stm32f0xx.o
 .ARM.attributes
                0x0000009c       0x31 .pio\build\nucleo_f031k6\src\behaviours\algo.o
 .ARM.attributes
                0x000000cd       0x31 .pio\build\nucleo_f031k6\src\behaviours\entities&sprites\blinky.o
 .ARM.attributes
                0x000000fe       0x31 .pio\build\nucleo_f031k6\src\behaviours\entities&sprites\clyde.o
 .ARM.attributes
                0x0000012f       0x31 .pio\build\nucleo_f031k6\src\behaviours\entities&sprites\ghosts.o
 .ARM.attributes
                0x00000160       0x31 .pio\build\nucleo_f031k6\src\behaviours\entities&sprites\inky.o
 .ARM.attributes
                0x00000191       0x31 .pio\build\nucleo_f031k6\src\behaviours\entities&sprites\pacman.o
 .ARM.attributes
                0x000001c2       0x31 .pio\build\nucleo_f031k6\src\behaviours\entities&sprites\pinky.o
 .ARM.attributes
                0x000001f3       0x31 .pio\build\nucleo_f031k6\src\frontend&drawing\display.o
 .ARM.attributes
                0x00000224       0x31 .pio\build\nucleo_f031k6\src\frontend&drawing\draw_manager.o
 .ARM.attributes
                0x00000255       0x31 .pio\build\nucleo_f031k6\src\frontend&drawing\menu.o
 .ARM.attributes
                0x00000286       0x31 .pio\build\nucleo_f031k6\src\grid.o
 .ARM.attributes
                0x000002b7       0x31 .pio\build\nucleo_f031k6\src\main.o
 .ARM.attributes
                0x000002e8       0x31 .pio\build\nucleo_f031k6\src\music&sound\sound.o
 .ARM.attributes
                0x00000319       0x31 .pio\build\nucleo_f031k6\src\serial.o
 .ARM.attributes
                0x0000034a       0x31 .pio\build\nucleo_f031k6\src\texture_src\blank_textures.o
 .ARM.attributes
                0x0000037b       0x31 .pio\build\nucleo_f031k6\src\texture_src\blinky_textures.o
 .ARM.attributes
                0x000003ac       0x31 .pio\build\nucleo_f031k6\src\texture_src\clyde_textures.o
 .ARM.attributes
                0x000003dd       0x31 .pio\build\nucleo_f031k6\src\texture_src\fright_ghost_textures.o
 .ARM.attributes
                0x0000040e       0x31 .pio\build\nucleo_f031k6\src\texture_src\inky_textures.o
 .ARM.attributes
                0x0000043f       0x31 .pio\build\nucleo_f031k6\src\texture_src\main_menu_title.o
 .ARM.attributes
                0x00000470       0x31 .pio\build\nucleo_f031k6\src\texture_src\pacman_textures.o
 .ARM.attributes
                0x000004a1       0x31 .pio\build\nucleo_f031k6\src\texture_src\pickups_textures.o
 .ARM.attributes
                0x000004d2       0x31 .pio\build\nucleo_f031k6\src\texture_src\pinky_textures.o
 .ARM.attributes
                0x00000503       0x31 .pio\build\nucleo_f031k6\src\texture_src\wall_textures.o
 .ARM.attributes
                0x00000534       0x31 .pio\build\nucleo_f031k6\src\utils\arr.o
 .ARM.attributes
                0x00000565       0x31 .pio\build\nucleo_f031k6\src\utils\events.o
 .ARM.attributes
                0x00000596       0x31 .pio\build\nucleo_f031k6\src\utils\point.o
 .ARM.attributes
                0x000005c7       0x31 .pio\build\nucleo_f031k6\src\utils\random.o
 .ARM.attributes
                0x000005f8       0x2c c:/users/administrator/.platformio/packages/toolchain-gccarmnoneeabi/bin/../lib/gcc/arm-none-eabi/7.2.1/../../../../arm-none-eabi/lib/thumb/v6-m\libc_nano.a(lib_a-calloc.o)
 .ARM.attributes
                0x00000624       0x2c c:/users/administrator/.platformio/packages/toolchain-gccarmnoneeabi/bin/../lib/gcc/arm-none-eabi/7.2.1/../../../../arm-none-eabi/lib/thumb/v6-m\libc_nano.a(lib_a-impure.o)
 .ARM.attributes
                0x00000650       0x2c c:/users/administrator/.platformio/packages/toolchain-gccarmnoneeabi/bin/../lib/gcc/arm-none-eabi/7.2.1/../../../../arm-none-eabi/lib/thumb/v6-m\libc_nano.a(lib_a-init.o)
 .ARM.attributes
                0x0000067c       0x2c c:/users/administrator/.platformio/packages/toolchain-gccarmnoneeabi/bin/../lib/gcc/arm-none-eabi/7.2.1/../../../../arm-none-eabi/lib/thumb/v6-m\libc_nano.a(lib_a-malloc.o)
 .ARM.attributes
                0x000006a8       0x2c c:/users/administrator/.platformio/packages/toolchain-gccarmnoneeabi/bin/../lib/gcc/arm-none-eabi/7.2.1/../../../../arm-none-eabi/lib/thumb/v6-m\libc_nano.a(lib_a-memcpy-stub.o)
 .ARM.attributes
                0x000006d4       0x2c c:/users/administrator/.platformio/packages/toolchain-gccarmnoneeabi/bin/../lib/gcc/arm-none-eabi/7.2.1/../../../../arm-none-eabi/lib/thumb/v6-m\libc_nano.a(lib_a-memset.o)
 .ARM.attributes
                0x00000700       0x2c c:/users/administrator/.platformio/packages/toolchain-gccarmnoneeabi/bin/../lib/gcc/arm-none-eabi/7.2.1/../../../../arm-none-eabi/lib/thumb/v6-m\libc_nano.a(lib_a-nano-callocr.o)
 .ARM.attributes
                0x0000072c       0x2c c:/users/administrator/.platformio/packages/toolchain-gccarmnoneeabi/bin/../lib/gcc/arm-none-eabi/7.2.1/../../../../arm-none-eabi/lib/thumb/v6-m\libc_nano.a(lib_a-nano-freer.o)
 .ARM.attributes
                0x00000758       0x2c c:/users/administrator/.platformio/packages/toolchain-gccarmnoneeabi/bin/../lib/gcc/arm-none-eabi/7.2.1/../../../../arm-none-eabi/lib/thumb/v6-m\libc_nano.a(lib_a-nano-mallocr.o)
 .ARM.attributes
                0x00000784       0x2c c:/users/administrator/.platformio/packages/toolchain-gccarmnoneeabi/bin/../lib/gcc/arm-none-eabi/7.2.1/../../../../arm-none-eabi/lib/thumb/v6-m\libc_nano.a(lib_a-sbrkr.o)
 .ARM.attributes
                0x000007b0       0x2c c:/users/administrator/.platformio/packages/toolchain-gccarmnoneeabi/bin/../lib/gcc/arm-none-eabi/7.2.1/../../../../arm-none-eabi/lib/thumb/v6-m\libc_nano.a(lib_a-mlock.o)
 .ARM.attributes
                0x000007dc       0x2c c:/users/administrator/.platformio/packages/toolchain-gccarmnoneeabi/bin/../lib/gcc/arm-none-eabi/7.2.1/../../../../arm-none-eabi/lib/thumb/v6-m\libc_nano.a(lib_a-reent.o)
 .ARM.attributes
                0x00000808       0x1e c:/users/administrator/.platformio/packages/toolchain-gccarmnoneeabi/bin/../lib/gcc/arm-none-eabi/7.2.1/thumb/v6-m\libgcc.a(_thumb1_case_sqi.o)
 .ARM.attributes
                0x00000826       0x1e c:/users/administrator/.platformio/packages/toolchain-gccarmnoneeabi/bin/../lib/gcc/arm-none-eabi/7.2.1/thumb/v6-m\libgcc.a(_thumb1_case_uqi.o)
 .ARM.attributes
                0x00000844       0x1e c:/users/administrator/.platformio/packages/toolchain-gccarmnoneeabi/bin/../lib/gcc/arm-none-eabi/7.2.1/thumb/v6-m\libgcc.a(_udivsi3.o)
 .ARM.attributes
                0x00000862       0x1e c:/users/administrator/.platformio/packages/toolchain-gccarmnoneeabi/bin/../lib/gcc/arm-none-eabi/7.2.1/thumb/v6-m\libgcc.a(_dvmd_tls.o)
 .ARM.attributes
                0x00000880       0x1e c:/users/administrator/.platformio/packages/toolchain-gccarmnoneeabi/bin/../lib/gcc/arm-none-eabi/7.2.1/thumb/v6-m\libgcc.a(_aeabi_uldivmod.o)
 .ARM.attributes
                0x0000089e       0x2c c:/users/administrator/.platformio/packages/toolchain-gccarmnoneeabi/bin/../lib/gcc/arm-none-eabi/7.2.1/thumb/v6-m\libgcc.a(_muldi3.o)
 .ARM.attributes
                0x000008ca       0x2c c:/users/administrator/.platformio/packages/toolchain-gccarmnoneeabi/bin/../lib/gcc/arm-none-eabi/7.2.1/thumb/v6-m\libgcc.a(_udivmoddi4.o)
 .ARM.attributes
                0x000008f6       0x1e c:/users/administrator/.platformio/packages/toolchain-gccarmnoneeabi/bin/../lib/gcc/arm-none-eabi/7.2.1/thumb/v6-m\libgcc.a(_clzdi2.o)
 .ARM.attributes
                0x00000914       0x1e c:/users/administrator/.platformio/packages/toolchain-gccarmnoneeabi/bin/../lib/gcc/arm-none-eabi/7.2.1/thumb/v6-m\libgcc.a(_clzsi2.o)
 .ARM.attributes
                0x00000932       0x2c c:/users/administrator/.platformio/packages/toolchain-gccarmnoneeabi/bin/../lib/gcc/arm-none-eabi/7.2.1/../../../../arm-none-eabi/lib/thumb/v6-m\libnosys.a(sbrk.o)
 .ARM.attributes
                0x0000095e       0x1e c:/users/administrator/.platformio/packages/toolchain-gccarmnoneeabi/bin/../lib/gcc/arm-none-eabi/7.2.1/thumb/v6-m/crtn.o
OUTPUT(.pio\build\nucleo_f031k6\firmware.elf elf32-littlearm)

.comment        0x00000000       0x7e
 .comment       0x00000000       0x7e .pio\build\nucleo_f031k6\FrameworkCMSIS\system_stm32f0xx.o
                                 0x7f (size before relaxing)
 .comment       0x0000007e       0x7f .pio\build\nucleo_f031k6\src\behaviours\algo.o
 .comment       0x0000007e       0x7f .pio\build\nucleo_f031k6\src\behaviours\entities&sprites\blinky.o
 .comment       0x0000007e       0x7f .pio\build\nucleo_f031k6\src\behaviours\entities&sprites\clyde.o
 .comment       0x0000007e       0x7f .pio\build\nucleo_f031k6\src\behaviours\entities&sprites\ghosts.o
 .comment       0x0000007e       0x7f .pio\build\nucleo_f031k6\src\behaviours\entities&sprites\inky.o
 .comment       0x0000007e       0x7f .pio\build\nucleo_f031k6\src\behaviours\entities&sprites\pacman.o
 .comment       0x0000007e       0x7f .pio\build\nucleo_f031k6\src\behaviours\entities&sprites\pinky.o
 .comment       0x0000007e       0x7f .pio\build\nucleo_f031k6\src\frontend&drawing\display.o
 .comment       0x0000007e       0x7f .pio\build\nucleo_f031k6\src\frontend&drawing\draw_manager.o
 .comment       0x0000007e       0x7f .pio\build\nucleo_f031k6\src\frontend&drawing\menu.o
 .comment       0x0000007e       0x7f .pio\build\nucleo_f031k6\src\grid.o
 .comment       0x0000007e       0x7f .pio\build\nucleo_f031k6\src\main.o
 .comment       0x0000007e       0x7f .pio\build\nucleo_f031k6\src\music&sound\sound.o
 .comment       0x0000007e       0x7f .pio\build\nucleo_f031k6\src\serial.o
 .comment       0x0000007e       0x7f .pio\build\nucleo_f031k6\src\texture_src\blank_textures.o
 .comment       0x0000007e       0x7f .pio\build\nucleo_f031k6\src\texture_src\blinky_textures.o
 .comment       0x0000007e       0x7f .pio\build\nucleo_f031k6\src\texture_src\clyde_textures.o
 .comment       0x0000007e       0x7f .pio\build\nucleo_f031k6\src\texture_src\fright_ghost_textures.o
 .comment       0x0000007e       0x7f .pio\build\nucleo_f031k6\src\texture_src\inky_textures.o
 .comment       0x0000007e       0x7f .pio\build\nucleo_f031k6\src\texture_src\main_menu_title.o
 .comment       0x0000007e       0x7f .pio\build\nucleo_f031k6\src\texture_src\pacman_textures.o
 .comment       0x0000007e       0x7f .pio\build\nucleo_f031k6\src\texture_src\pickups_textures.o
 .comment       0x0000007e       0x7f .pio\build\nucleo_f031k6\src\texture_src\pinky_textures.o
 .comment       0x0000007e       0x7f .pio\build\nucleo_f031k6\src\texture_src\wall_textures.o
 .comment       0x0000007e       0x7f .pio\build\nucleo_f031k6\src\utils\arr.o
 .comment       0x0000007e       0x7f .pio\build\nucleo_f031k6\src\utils\events.o
 .comment       0x0000007e       0x7f .pio\build\nucleo_f031k6\src\utils\point.o
 .comment       0x0000007e       0x7f .pio\build\nucleo_f031k6\src\utils\random.o

.debug_frame    0x00000000      0x2b4
 .debug_frame   0x00000000       0x28 c:/users/administrator/.platformio/packages/toolchain-gccarmnoneeabi/bin/../lib/gcc/arm-none-eabi/7.2.1/../../../../arm-none-eabi/lib/thumb/v6-m\libc_nano.a(lib_a-calloc.o)
 .debug_frame   0x00000028       0x2c c:/users/administrator/.platformio/packages/toolchain-gccarmnoneeabi/bin/../lib/gcc/arm-none-eabi/7.2.1/../../../../arm-none-eabi/lib/thumb/v6-m\libc_nano.a(lib_a-init.o)
 .debug_frame   0x00000054       0x40 c:/users/administrator/.platformio/packages/toolchain-gccarmnoneeabi/bin/../lib/gcc/arm-none-eabi/7.2.1/../../../../arm-none-eabi/lib/thumb/v6-m\libc_nano.a(lib_a-malloc.o)
 .debug_frame   0x00000094       0x28 c:/users/administrator/.platformio/packages/toolchain-gccarmnoneeabi/bin/../lib/gcc/arm-none-eabi/7.2.1/../../../../arm-none-eabi/lib/thumb/v6-m\libc_nano.a(lib_a-memcpy-stub.o)
 .debug_frame   0x000000bc       0x20 c:/users/administrator/.platformio/packages/toolchain-gccarmnoneeabi/bin/../lib/gcc/arm-none-eabi/7.2.1/../../../../arm-none-eabi/lib/thumb/v6-m\libc_nano.a(lib_a-memset.o)
 .debug_frame   0x000000dc       0x2c c:/users/administrator/.platformio/packages/toolchain-gccarmnoneeabi/bin/../lib/gcc/arm-none-eabi/7.2.1/../../../../arm-none-eabi/lib/thumb/v6-m\libc_nano.a(lib_a-nano-callocr.o)
 .debug_frame   0x00000108       0x2c c:/users/administrator/.platformio/packages/toolchain-gccarmnoneeabi/bin/../lib/gcc/arm-none-eabi/7.2.1/../../../../arm-none-eabi/lib/thumb/v6-m\libc_nano.a(lib_a-nano-freer.o)
 .debug_frame   0x00000134       0x2c c:/users/administrator/.platformio/packages/toolchain-gccarmnoneeabi/bin/../lib/gcc/arm-none-eabi/7.2.1/../../../../arm-none-eabi/lib/thumb/v6-m\libc_nano.a(lib_a-nano-mallocr.o)
 .debug_frame   0x00000160       0x2c c:/users/administrator/.platformio/packages/toolchain-gccarmnoneeabi/bin/../lib/gcc/arm-none-eabi/7.2.1/../../../../arm-none-eabi/lib/thumb/v6-m\libc_nano.a(lib_a-sbrkr.o)
 .debug_frame   0x0000018c       0x30 c:/users/administrator/.platformio/packages/toolchain-gccarmnoneeabi/bin/../lib/gcc/arm-none-eabi/7.2.1/../../../../arm-none-eabi/lib/thumb/v6-m\libc_nano.a(lib_a-mlock.o)
 .debug_frame   0x000001bc       0x48 c:/users/administrator/.platformio/packages/toolchain-gccarmnoneeabi/bin/../lib/gcc/arm-none-eabi/7.2.1/../../../../arm-none-eabi/lib/thumb/v6-m\libc_nano.a(lib_a-reent.o)
 .debug_frame   0x00000204       0x20 c:/users/administrator/.platformio/packages/toolchain-gccarmnoneeabi/bin/../lib/gcc/arm-none-eabi/7.2.1/thumb/v6-m\libgcc.a(_udivsi3.o)
 .debug_frame   0x00000224       0x34 c:/users/administrator/.platformio/packages/toolchain-gccarmnoneeabi/bin/../lib/gcc/arm-none-eabi/7.2.1/thumb/v6-m\libgcc.a(_muldi3.o)
 .debug_frame   0x00000258       0x3c c:/users/administrator/.platformio/packages/toolchain-gccarmnoneeabi/bin/../lib/gcc/arm-none-eabi/7.2.1/thumb/v6-m\libgcc.a(_udivmoddi4.o)
 .debug_frame   0x00000294       0x20 c:/users/administrator/.platformio/packages/toolchain-gccarmnoneeabi/bin/../lib/gcc/arm-none-eabi/7.2.1/../../../../arm-none-eabi/lib/thumb/v6-m\libnosys.a(sbrk.o)

Cross Reference Table

Symbol                                            File
ADC1_IRQHandler                                   .pio\build\nucleo_f031k6\FrameworkCMSIS\gcc\startup_stm32f031x6.o
AHBPrescTable                                     .pio\build\nucleo_f031k6\FrameworkCMSIS\system_stm32f0xx.o
APBPrescTable                                     .pio\build\nucleo_f031k6\FrameworkCMSIS\system_stm32f0xx.o
DMA1_Channel1_IRQHandler                          .pio\build\nucleo_f031k6\FrameworkCMSIS\gcc\startup_stm32f031x6.o
DMA1_Channel2_3_IRQHandler                        .pio\build\nucleo_f031k6\FrameworkCMSIS\gcc\startup_stm32f031x6.o
DMA1_Channel4_5_IRQHandler                        .pio\build\nucleo_f031k6\FrameworkCMSIS\gcc\startup_stm32f031x6.o
Default_Handler                                   .pio\build\nucleo_f031k6\FrameworkCMSIS\gcc\startup_stm32f031x6.o
EXTI0_1_IRQHandler                                .pio\build\nucleo_f031k6\FrameworkCMSIS\gcc\startup_stm32f031x6.o
EXTI2_3_IRQHandler                                .pio\build\nucleo_f031k6\FrameworkCMSIS\gcc\startup_stm32f031x6.o
EXTI4_15_IRQHandler                               .pio\build\nucleo_f031k6\FrameworkCMSIS\gcc\startup_stm32f031x6.o
FLASH_IRQHandler                                  .pio\build\nucleo_f031k6\FrameworkCMSIS\gcc\startup_stm32f031x6.o
HardFault_Handler                                 .pio\build\nucleo_f031k6\FrameworkCMSIS\gcc\startup_stm32f031x6.o
I2C1_IRQHandler                                   .pio\build\nucleo_f031k6\FrameworkCMSIS\gcc\startup_stm32f031x6.o
NMI_Handler                                       .pio\build\nucleo_f031k6\FrameworkCMSIS\gcc\startup_stm32f031x6.o
PVD_IRQHandler                                    .pio\build\nucleo_f031k6\FrameworkCMSIS\gcc\startup_stm32f031x6.o
PendSV_Handler                                    .pio\build\nucleo_f031k6\FrameworkCMSIS\gcc\startup_stm32f031x6.o
RCC_IRQHandler                                    .pio\build\nucleo_f031k6\FrameworkCMSIS\gcc\startup_stm32f031x6.o
RGBToWord                                         .pio\build\nucleo_f031k6\src\frontend&drawing\display.o
RTC_IRQHandler                                    .pio\build\nucleo_f031k6\FrameworkCMSIS\gcc\startup_stm32f031x6.o
Reset_Handler                                     .pio\build\nucleo_f031k6\FrameworkCMSIS\gcc\startup_stm32f031x6.o
SET_UP_STM                                        .pio\build\nucleo_f031k6\src\utils\events.o
                                                  .pio\build\nucleo_f031k6\src\main.o
SPI1_IRQHandler                                   .pio\build\nucleo_f031k6\FrameworkCMSIS\gcc\startup_stm32f031x6.o
SVC_Handler                                       .pio\build\nucleo_f031k6\FrameworkCMSIS\gcc\startup_stm32f031x6.o
SysTick_Handler                                   .pio\build\nucleo_f031k6\src\utils\events.o
                                                  .pio\build\nucleo_f031k6\FrameworkCMSIS\gcc\startup_stm32f031x6.o
SystemCoreClock                                   .pio\build\nucleo_f031k6\FrameworkCMSIS\system_stm32f0xx.o
SystemCoreClockUpdate                             .pio\build\nucleo_f031k6\FrameworkCMSIS\system_stm32f0xx.o
SystemInit                                        .pio\build\nucleo_f031k6\FrameworkCMSIS\system_stm32f0xx.o
                                                  .pio\build\nucleo_f031k6\FrameworkCMSIS\gcc\startup_stm32f031x6.o
TIM14_IRQHandler                                  .pio\build\nucleo_f031k6\FrameworkCMSIS\gcc\startup_stm32f031x6.o
TIM16_IRQHandler                                  .pio\build\nucleo_f031k6\FrameworkCMSIS\gcc\startup_stm32f031x6.o
TIM17_IRQHandler                                  .pio\build\nucleo_f031k6\FrameworkCMSIS\gcc\startup_stm32f031x6.o
TIM1_BRK_UP_TRG_COM_IRQHandler                    .pio\build\nucleo_f031k6\FrameworkCMSIS\gcc\startup_stm32f031x6.o
TIM1_CC_IRQHandler                                .pio\build\nucleo_f031k6\FrameworkCMSIS\gcc\startup_stm32f031x6.o
TIM2_IRQHandler                                   .pio\build\nucleo_f031k6\FrameworkCMSIS\gcc\startup_stm32f031x6.o
TIM3_IRQHandler                                   .pio\build\nucleo_f031k6\FrameworkCMSIS\gcc\startup_stm32f031x6.o
USART1_IRQHandler                                 .pio\build\nucleo_f031k6\FrameworkCMSIS\gcc\startup_stm32f031x6.o
WWDG_IRQHandler                                   .pio\build\nucleo_f031k6\FrameworkCMSIS\gcc\startup_stm32f031x6.o
__aeabi_idiv                                      c:/users/administrator/.platformio/packages/toolchain-gccarmnoneeabi/bin/../lib/gcc/arm-none-eabi/7.2.1/thumb/v6-m\libgcc.a(_divsi3.o)
                                                  .pio\build\nucleo_f031k6\src\serial.o
                                                  .pio\build\nucleo_f031k6\src\music&sound\sound.o
                                                  .pio\build\nucleo_f031k6\FrameworkCMSIS\system_stm32f0xx.o
__aeabi_idiv0                                     c:/users/administrator/.platformio/packages/toolchain-gccarmnoneeabi/bin/../lib/gcc/arm-none-eabi/7.2.1/thumb/v6-m\libgcc.a(_dvmd_tls.o)
                                                  c:/users/administrator/.platformio/packages/toolchain-gccarmnoneeabi/bin/../lib/gcc/arm-none-eabi/7.2.1/thumb/v6-m\libgcc.a(_divsi3.o)
                                                  c:/users/administrator/.platformio/packages/toolchain-gccarmnoneeabi/bin/../lib/gcc/arm-none-eabi/7.2.1/thumb/v6-m\libgcc.a(_udivsi3.o)
__aeabi_idivmod                                   c:/users/administrator/.platformio/packages/toolchain-gccarmnoneeabi/bin/../lib/gcc/arm-none-eabi/7.2.1/thumb/v6-m\libgcc.a(_divsi3.o)
                                                  .pio\build\nucleo_f031k6\src\serial.o
                                                  .pio\build\nucleo_f031k6\src\frontend&drawing\display.o
__aeabi_ldiv0                                     c:/users/administrator/.platformio/packages/toolchain-gccarmnoneeabi/bin/../lib/gcc/arm-none-eabi/7.2.1/thumb/v6-m\libgcc.a(_dvmd_tls.o)
                                                  c:/users/administrator/.platformio/packages/toolchain-gccarmnoneeabi/bin/../lib/gcc/arm-none-eabi/7.2.1/thumb/v6-m\libgcc.a(_aeabi_uldivmod.o)
__aeabi_lmul                                      c:/users/administrator/.platformio/packages/toolchain-gccarmnoneeabi/bin/../lib/gcc/arm-none-eabi/7.2.1/thumb/v6-m\libgcc.a(_muldi3.o)
                                                  .pio\build\nucleo_f031k6\src\utils\random.o
__aeabi_uidiv                                     c:/users/administrator/.platformio/packages/toolchain-gccarmnoneeabi/bin/../lib/gcc/arm-none-eabi/7.2.1/thumb/v6-m\libgcc.a(_udivsi3.o)
                                                  .pio\build\nucleo_f031k6\src\music&sound\sound.o
                                                  .pio\build\nucleo_f031k6\src\frontend&drawing\display.o
                                                  .pio\build\nucleo_f031k6\FrameworkCMSIS\system_stm32f0xx.o
__aeabi_uidivmod                                  c:/users/administrator/.platformio/packages/toolchain-gccarmnoneeabi/bin/../lib/gcc/arm-none-eabi/7.2.1/thumb/v6-m\libgcc.a(_udivsi3.o)
                                                  .pio\build\nucleo_f031k6\src\frontend&drawing\display.o
__aeabi_uldivmod                                  c:/users/administrator/.platformio/packages/toolchain-gccarmnoneeabi/bin/../lib/gcc/arm-none-eabi/7.2.1/thumb/v6-m\libgcc.a(_aeabi_uldivmod.o)
                                                  .pio\build\nucleo_f031k6\src\utils\random.o
__bss_end__                                       c:/users/administrator/.platformio/packages/toolchain-gccarmnoneeabi/bin/../lib/gcc/arm-none-eabi/7.2.1/../../../../arm-none-eabi/lib/thumb/v6-m/crt0.o
__bss_start__                                     c:/users/administrator/.platformio/packages/toolchain-gccarmnoneeabi/bin/../lib/gcc/arm-none-eabi/7.2.1/../../../../arm-none-eabi/lib/thumb/v6-m/crt0.o
__call_exitprocs                                  c:/users/administrator/.platformio/packages/toolchain-gccarmnoneeabi/bin/../lib/gcc/arm-none-eabi/7.2.1/../../../../arm-none-eabi/lib/thumb/v6-m\libc_nano.a(lib_a-exit.o)
__clzdi2                                          c:/users/administrator/.platformio/packages/toolchain-gccarmnoneeabi/bin/../lib/gcc/arm-none-eabi/7.2.1/thumb/v6-m\libgcc.a(_clzdi2.o)
                                                  c:/users/administrator/.platformio/packages/toolchain-gccarmnoneeabi/bin/../lib/gcc/arm-none-eabi/7.2.1/thumb/v6-m\libgcc.a(_udivmoddi4.o)
__clzsi2                                          c:/users/administrator/.platformio/packages/toolchain-gccarmnoneeabi/bin/../lib/gcc/arm-none-eabi/7.2.1/thumb/v6-m\libgcc.a(_clzsi2.o)
                                                  c:/users/administrator/.platformio/packages/toolchain-gccarmnoneeabi/bin/../lib/gcc/arm-none-eabi/7.2.1/thumb/v6-m\libgcc.a(_clzdi2.o)
__deregister_frame_info                           c:/users/administrator/.platformio/packages/toolchain-gccarmnoneeabi/bin/../lib/gcc/arm-none-eabi/7.2.1/thumb/v6-m/crtbegin.o
__divsi3                                          c:/users/administrator/.platformio/packages/toolchain-gccarmnoneeabi/bin/../lib/gcc/arm-none-eabi/7.2.1/thumb/v6-m\libgcc.a(_divsi3.o)
__dso_handle                                      c:/users/administrator/.platformio/packages/toolchain-gccarmnoneeabi/bin/../lib/gcc/arm-none-eabi/7.2.1/thumb/v6-m/crtbegin.o
__gnu_thumb1_case_sqi                             c:/users/administrator/.platformio/packages/toolchain-gccarmnoneeabi/bin/../lib/gcc/arm-none-eabi/7.2.1/thumb/v6-m\libgcc.a(_thumb1_case_sqi.o)
                                                  .pio\build\nucleo_f031k6\src\frontend&drawing\draw_manager.o
__gnu_thumb1_case_uqi                             c:/users/administrator/.platformio/packages/toolchain-gccarmnoneeabi/bin/../lib/gcc/arm-none-eabi/7.2.1/thumb/v6-m\libgcc.a(_thumb1_case_uqi.o)
                                                  .pio\build\nucleo_f031k6\src\utils\events.o
                                                  .pio\build\nucleo_f031k6\src\main.o
                                                  .pio\build\nucleo_f031k6\src\frontend&drawing\draw_manager.o
__init_array_end                                  c:/users/administrator/.platformio/packages/toolchain-gccarmnoneeabi/bin/../lib/gcc/arm-none-eabi/7.2.1/../../../../arm-none-eabi/lib/thumb/v6-m\libc_nano.a(lib_a-init.o)
__init_array_start                                c:/users/administrator/.platformio/packages/toolchain-gccarmnoneeabi/bin/../lib/gcc/arm-none-eabi/7.2.1/../../../../arm-none-eabi/lib/thumb/v6-m\libc_nano.a(lib_a-init.o)
__libc_fini_array                                 c:/users/administrator/.platformio/packages/toolchain-gccarmnoneeabi/bin/../lib/gcc/arm-none-eabi/7.2.1/../../../../arm-none-eabi/lib/thumb/v6-m/crt0.o
__libc_init_array                                 c:/users/administrator/.platformio/packages/toolchain-gccarmnoneeabi/bin/../lib/gcc/arm-none-eabi/7.2.1/../../../../arm-none-eabi/lib/thumb/v6-m\libc_nano.a(lib_a-init.o)
                                                  .pio\build\nucleo_f031k6\FrameworkCMSIS\gcc\startup_stm32f031x6.o
                                                  c:/users/administrator/.platformio/packages/toolchain-gccarmnoneeabi/bin/../lib/gcc/arm-none-eabi/7.2.1/../../../../arm-none-eabi/lib/thumb/v6-m/crt0.o
__malloc_free_list                                c:/users/administrator/.platformio/packages/toolchain-gccarmnoneeabi/bin/../lib/gcc/arm-none-eabi/7.2.1/../../../../arm-none-eabi/lib/thumb/v6-m\libc_nano.a(lib_a-nano-mallocr.o)
                                                  c:/users/administrator/.platformio/packages/toolchain-gccarmnoneeabi/bin/../lib/gcc/arm-none-eabi/7.2.1/../../../../arm-none-eabi/lib/thumb/v6-m\libc_nano.a(lib_a-nano-freer.o)
__malloc_lock                                     c:/users/administrator/.platformio/packages/toolchain-gccarmnoneeabi/bin/../lib/gcc/arm-none-eabi/7.2.1/../../../../arm-none-eabi/lib/thumb/v6-m\libc_nano.a(lib_a-mlock.o)
                                                  c:/users/administrator/.platformio/packages/toolchain-gccarmnoneeabi/bin/../lib/gcc/arm-none-eabi/7.2.1/../../../../arm-none-eabi/lib/thumb/v6-m\libc_nano.a(lib_a-nano-mallocr.o)
                                                  c:/users/administrator/.platformio/packages/toolchain-gccarmnoneeabi/bin/../lib/gcc/arm-none-eabi/7.2.1/../../../../arm-none-eabi/lib/thumb/v6-m\libc_nano.a(lib_a-nano-freer.o)
__malloc_sbrk_start                               c:/users/administrator/.platformio/packages/toolchain-gccarmnoneeabi/bin/../lib/gcc/arm-none-eabi/7.2.1/../../../../arm-none-eabi/lib/thumb/v6-m\libc_nano.a(lib_a-nano-mallocr.o)
__malloc_unlock                                   c:/users/administrator/.platformio/packages/toolchain-gccarmnoneeabi/bin/../lib/gcc/arm-none-eabi/7.2.1/../../../../arm-none-eabi/lib/thumb/v6-m\libc_nano.a(lib_a-mlock.o)
                                                  c:/users/administrator/.platformio/packages/toolchain-gccarmnoneeabi/bin/../lib/gcc/arm-none-eabi/7.2.1/../../../../arm-none-eabi/lib/thumb/v6-m\libc_nano.a(lib_a-nano-mallocr.o)
                                                  c:/users/administrator/.platformio/packages/toolchain-gccarmnoneeabi/bin/../lib/gcc/arm-none-eabi/7.2.1/../../../../arm-none-eabi/lib/thumb/v6-m\libc_nano.a(lib_a-nano-freer.o)
__muldi3                                          c:/users/administrator/.platformio/packages/toolchain-gccarmnoneeabi/bin/../lib/gcc/arm-none-eabi/7.2.1/thumb/v6-m\libgcc.a(_muldi3.o)
__preinit_array_end                               c:/users/administrator/.platformio/packages/toolchain-gccarmnoneeabi/bin/../lib/gcc/arm-none-eabi/7.2.1/../../../../arm-none-eabi/lib/thumb/v6-m\libc_nano.a(lib_a-init.o)
__preinit_array_start                             c:/users/administrator/.platformio/packages/toolchain-gccarmnoneeabi/bin/../lib/gcc/arm-none-eabi/7.2.1/../../../../arm-none-eabi/lib/thumb/v6-m\libc_nano.a(lib_a-init.o)
__register_frame_info                             c:/users/administrator/.platformio/packages/toolchain-gccarmnoneeabi/bin/../lib/gcc/arm-none-eabi/7.2.1/thumb/v6-m/crtbegin.o
__sf_fake_stderr                                  c:/users/administrator/.platformio/packages/toolchain-gccarmnoneeabi/bin/../lib/gcc/arm-none-eabi/7.2.1/../../../../arm-none-eabi/lib/thumb/v6-m\libc_nano.a(lib_a-impure.o)
__sf_fake_stdin                                   c:/users/administrator/.platformio/packages/toolchain-gccarmnoneeabi/bin/../lib/gcc/arm-none-eabi/7.2.1/../../../../arm-none-eabi/lib/thumb/v6-m\libc_nano.a(lib_a-impure.o)
__sf_fake_stdout                                  c:/users/administrator/.platformio/packages/toolchain-gccarmnoneeabi/bin/../lib/gcc/arm-none-eabi/7.2.1/../../../../arm-none-eabi/lib/thumb/v6-m\libc_nano.a(lib_a-impure.o)
__stack                                           c:/users/administrator/.platformio/packages/toolchain-gccarmnoneeabi/bin/../lib/gcc/arm-none-eabi/7.2.1/../../../../arm-none-eabi/lib/thumb/v6-m/crt0.o
__udivmoddi4                                      c:/users/administrator/.platformio/packages/toolchain-gccarmnoneeabi/bin/../lib/gcc/arm-none-eabi/7.2.1/thumb/v6-m\libgcc.a(_udivmoddi4.o)
                                                  c:/users/administrator/.platformio/packages/toolchain-gccarmnoneeabi/bin/../lib/gcc/arm-none-eabi/7.2.1/thumb/v6-m\libgcc.a(_aeabi_uldivmod.o)
__udivsi3                                         c:/users/administrator/.platformio/packages/toolchain-gccarmnoneeabi/bin/../lib/gcc/arm-none-eabi/7.2.1/thumb/v6-m\libgcc.a(_udivsi3.o)
_blinky                                           .pio\build\nucleo_f031k6\src\behaviours\entities&sprites\blinky.o
                                                  .pio\build\nucleo_f031k6\src\main.o
_blinky_feed_next                                 .pio\build\nucleo_f031k6\src\behaviours\entities&sprites\blinky.o
                                                  .pio\build\nucleo_f031k6\src\main.o
_calloc_r                                         c:/users/administrator/.platformio/packages/toolchain-gccarmnoneeabi/bin/../lib/gcc/arm-none-eabi/7.2.1/../../../../arm-none-eabi/lib/thumb/v6-m\libc_nano.a(lib_a-nano-callocr.o)
                                                  c:/users/administrator/.platformio/packages/toolchain-gccarmnoneeabi/bin/../lib/gcc/arm-none-eabi/7.2.1/../../../../arm-none-eabi/lib/thumb/v6-m\libc_nano.a(lib_a-calloc.o)
_clyde                                            .pio\build\nucleo_f031k6\src\behaviours\entities&sprites\clyde.o
                                                  .pio\build\nucleo_f031k6\src\main.o
_clyde_feed_next                                  .pio\build\nucleo_f031k6\src\behaviours\entities&sprites\clyde.o
                                                  .pio\build\nucleo_f031k6\src\main.o
_ebss                                             .pio\build\nucleo_f031k6\FrameworkCMSIS\gcc\startup_stm32f031x6.o
_edata                                            .pio\build\nucleo_f031k6\FrameworkCMSIS\gcc\startup_stm32f031x6.o
_estack                                           .pio\build\nucleo_f031k6\FrameworkCMSIS\gcc\startup_stm32f031x6.o
_exit                                             c:/users/administrator/.platformio/packages/toolchain-gccarmnoneeabi/bin/../lib/gcc/arm-none-eabi/7.2.1/../../../../arm-none-eabi/lib/thumb/v6-m\libnosys.a(_exit.o)
                                                  c:/users/administrator/.platformio/packages/toolchain-gccarmnoneeabi/bin/../lib/gcc/arm-none-eabi/7.2.1/../../../../arm-none-eabi/lib/thumb/v6-m\libc_nano.a(lib_a-exit.o)
_feed                                             .pio\build\nucleo_f031k6\src\music&sound\tones.o
_fini                                             c:/users/administrator/.platformio/packages/toolchain-gccarmnoneeabi/bin/../lib/gcc/arm-none-eabi/7.2.1/thumb/v6-m/crti.o
_free_r                                           c:/users/administrator/.platformio/packages/toolchain-gccarmnoneeabi/bin/../lib/gcc/arm-none-eabi/7.2.1/../../../../arm-none-eabi/lib/thumb/v6-m\libc_nano.a(lib_a-nano-freer.o)
                                                  c:/users/administrator/.platformio/packages/toolchain-gccarmnoneeabi/bin/../lib/gcc/arm-none-eabi/7.2.1/../../../../arm-none-eabi/lib/thumb/v6-m\libc_nano.a(lib_a-reent.o)
                                                  c:/users/administrator/.platformio/packages/toolchain-gccarmnoneeabi/bin/../lib/gcc/arm-none-eabi/7.2.1/../../../../arm-none-eabi/lib/thumb/v6-m\libc_nano.a(lib_a-malloc.o)
_global_impure_ptr                                c:/users/administrator/.platformio/packages/toolchain-gccarmnoneeabi/bin/../lib/gcc/arm-none-eabi/7.2.1/../../../../arm-none-eabi/lib/thumb/v6-m\libc_nano.a(lib_a-impure.o)
                                                  c:/users/administrator/.platformio/packages/toolchain-gccarmnoneeabi/bin/../lib/gcc/arm-none-eabi/7.2.1/../../../../arm-none-eabi/lib/thumb/v6-m\libc_nano.a(lib_a-exit.o)
_impure_ptr                                       c:/users/administrator/.platformio/packages/toolchain-gccarmnoneeabi/bin/../lib/gcc/arm-none-eabi/7.2.1/../../../../arm-none-eabi/lib/thumb/v6-m\libc_nano.a(lib_a-impure.o)
                                                  c:/users/administrator/.platformio/packages/toolchain-gccarmnoneeabi/bin/../lib/gcc/arm-none-eabi/7.2.1/../../../../arm-none-eabi/lib/thumb/v6-m\libc_nano.a(lib_a-reent.o)
                                                  c:/users/administrator/.platformio/packages/toolchain-gccarmnoneeabi/bin/../lib/gcc/arm-none-eabi/7.2.1/../../../../arm-none-eabi/lib/thumb/v6-m\libc_nano.a(lib_a-malloc.o)
                                                  c:/users/administrator/.platformio/packages/toolchain-gccarmnoneeabi/bin/../lib/gcc/arm-none-eabi/7.2.1/../../../../arm-none-eabi/lib/thumb/v6-m\libc_nano.a(lib_a-calloc.o)
_init                                             c:/users/administrator/.platformio/packages/toolchain-gccarmnoneeabi/bin/../lib/gcc/arm-none-eabi/7.2.1/thumb/v6-m/crti.o
                                                  c:/users/administrator/.platformio/packages/toolchain-gccarmnoneeabi/bin/../lib/gcc/arm-none-eabi/7.2.1/../../../../arm-none-eabi/lib/thumb/v6-m\libc_nano.a(lib_a-init.o)
_inky                                             .pio\build\nucleo_f031k6\src\behaviours\entities&sprites\inky.o
                                                  .pio\build\nucleo_f031k6\src\main.o
_inky_feed_next                                   .pio\build\nucleo_f031k6\src\behaviours\entities&sprites\inky.o
                                                  .pio\build\nucleo_f031k6\src\main.o
_mainCRTStartup                                   c:/users/administrator/.platformio/packages/toolchain-gccarmnoneeabi/bin/../lib/gcc/arm-none-eabi/7.2.1/../../../../arm-none-eabi/lib/thumb/v6-m/crt0.o
_malloc_r                                         c:/users/administrator/.platformio/packages/toolchain-gccarmnoneeabi/bin/../lib/gcc/arm-none-eabi/7.2.1/../../../../arm-none-eabi/lib/thumb/v6-m\libc_nano.a(lib_a-nano-mallocr.o)
                                                  c:/users/administrator/.platformio/packages/toolchain-gccarmnoneeabi/bin/../lib/gcc/arm-none-eabi/7.2.1/../../../../arm-none-eabi/lib/thumb/v6-m\libc_nano.a(lib_a-nano-callocr.o)
                                                  c:/users/administrator/.platformio/packages/toolchain-gccarmnoneeabi/bin/../lib/gcc/arm-none-eabi/7.2.1/../../../../arm-none-eabi/lib/thumb/v6-m\libc_nano.a(lib_a-malloc.o)
_pacman                                           .pio\build\nucleo_f031k6\src\behaviours\entities&sprites\pacman.o
                                                  .pio\build\nucleo_f031k6\src\main.o
_pinky                                            .pio\build\nucleo_f031k6\src\behaviours\entities&sprites\pinky.o
                                                  .pio\build\nucleo_f031k6\src\main.o
_pinky_feed_next                                  .pio\build\nucleo_f031k6\src\behaviours\entities&sprites\pinky.o
                                                  .pio\build\nucleo_f031k6\src\main.o
_reclaim_reent                                    c:/users/administrator/.platformio/packages/toolchain-gccarmnoneeabi/bin/../lib/gcc/arm-none-eabi/7.2.1/../../../../arm-none-eabi/lib/thumb/v6-m\libc_nano.a(lib_a-reent.o)
_sbrk                                             c:/users/administrator/.platformio/packages/toolchain-gccarmnoneeabi/bin/../lib/gcc/arm-none-eabi/7.2.1/../../../../arm-none-eabi/lib/thumb/v6-m\libnosys.a(sbrk.o)
                                                  c:/users/administrator/.platformio/packages/toolchain-gccarmnoneeabi/bin/../lib/gcc/arm-none-eabi/7.2.1/../../../../arm-none-eabi/lib/thumb/v6-m\libc_nano.a(lib_a-sbrkr.o)
_sbrk_r                                           c:/users/administrator/.platformio/packages/toolchain-gccarmnoneeabi/bin/../lib/gcc/arm-none-eabi/7.2.1/../../../../arm-none-eabi/lib/thumb/v6-m\libc_nano.a(lib_a-sbrkr.o)
                                                  c:/users/administrator/.platformio/packages/toolchain-gccarmnoneeabi/bin/../lib/gcc/arm-none-eabi/7.2.1/../../../../arm-none-eabi/lib/thumb/v6-m\libc_nano.a(lib_a-nano-mallocr.o)
_sbss                                             .pio\build\nucleo_f031k6\FrameworkCMSIS\gcc\startup_stm32f031x6.o
_sdata                                            .pio\build\nucleo_f031k6\FrameworkCMSIS\gcc\startup_stm32f031x6.o
_sidata                                           .pio\build\nucleo_f031k6\FrameworkCMSIS\gcc\startup_stm32f031x6.o
_start                                            c:/users/administrator/.platformio/packages/toolchain-gccarmnoneeabi/bin/../lib/gcc/arm-none-eabi/7.2.1/../../../../arm-none-eabi/lib/thumb/v6-m/crt0.o
add_grid_state                                    .pio\build\nucleo_f031k6\src\grid.o
                                                  .pio\build\nucleo_f031k6\src\main.o
add_grid_state_point                              .pio\build\nucleo_f031k6\src\grid.o
                                                  .pio\build\nucleo_f031k6\src\main.o