Archive member included to satisfy reference by file (symbol)

c:/users/lenovo/.platformio/packages/toolchain-gccarmnoneeabi/bin/../lib/gcc/arm-none-eabi/7.2.1/../../../../arm-none-eabi/lib/thumb/v6-m\libc_nano.a(lib_a-calloc.o)
                              .pio\build\nucleo_f031k6\src\utils\point.o (calloc)
c:/users/lenovo/.platformio/packages/toolchain-gccarmnoneeabi/bin/../lib/gcc/arm-none-eabi/7.2.1/../../../../arm-none-eabi/lib/thumb/v6-m\libc_nano.a(lib_a-exit.o)
                              c:/users/lenovo/.platformio/packages/toolchain-gccarmnoneeabi/bin/../lib/gcc/arm-none-eabi/7.2.1/../../../../arm-none-eabi/lib/thumb/v6-m/crt0.o (exit)
c:/users/lenovo/.platformio/packages/toolchain-gccarmnoneeabi/bin/../lib/gcc/arm-none-eabi/7.2.1/../../../../arm-none-eabi/lib/thumb/v6-m\libc_nano.a(lib_a-impure.o)
                              c:/users/lenovo/.platformio/packages/toolchain-gccarmnoneeabi/bin/../lib/gcc/arm-none-eabi/7.2.1/../../../../arm-none-eabi/lib/thumb/v6-m\libc_nano.a(lib_a-exit.o) (_global_impure_ptr)
c:/users/lenovo/.platformio/packages/toolchain-gccarmnoneeabi/bin/../lib/gcc/arm-none-eabi/7.2.1/../../../../arm-none-eabi/lib/thumb/v6-m\libc_nano.a(lib_a-init.o)
                              c:/users/lenovo/.platformio/packages/toolchain-gccarmnoneeabi/bin/../lib/gcc/arm-none-eabi/7.2.1/../../../../arm-none-eabi/lib/thumb/v6-m/crt0.o (__libc_init_array)
c:/users/lenovo/.platformio/packages/toolchain-gccarmnoneeabi/bin/../lib/gcc/arm-none-eabi/7.2.1/../../../../arm-none-eabi/lib/thumb/v6-m\libc_nano.a(lib_a-malloc.o)
                              .pio\build\nucleo_f031k6\src\behaviours\entities&sprites\ghosts.o (malloc)
c:/users/lenovo/.platformio/packages/toolchain-gccarmnoneeabi/bin/../lib/gcc/arm-none-eabi/7.2.1/../../../../arm-none-eabi/lib/thumb/v6-m\libc_nano.a(lib_a-memcpy-stub.o)
                              .pio\build\nucleo_f031k6\src\frontend&drawing\draw_manager.o (memcpy)
c:/users/lenovo/.platformio/packages/toolchain-gccarmnoneeabi/bin/../lib/gcc/arm-none-eabi/7.2.1/../../../../arm-none-eabi/lib/thumb/v6-m\libc_nano.a(lib_a-memset.o)
                              c:/users/lenovo/.platformio/packages/toolchain-gccarmnoneeabi/bin/../lib/gcc/arm-none-eabi/7.2.1/../../../../arm-none-eabi/lib/thumb/v6-m/crt0.o (memset)
c:/users/lenovo/.platformio/packages/toolchain-gccarmnoneeabi/bin/../lib/gcc/arm-none-eabi/7.2.1/../../../../arm-none-eabi/lib/thumb/v6-m\libc_nano.a(lib_a-nano-callocr.o)
                              c:/users/lenovo/.platformio/packages/toolchain-gccarmnoneeabi/bin/../lib/gcc/arm-none-eabi/7.2.1/../../../../arm-none-eabi/lib/thumb/v6-m\libc_nano.a(lib_a-calloc.o) (_calloc_r)
c:/users/lenovo/.platformio/packages/toolchain-gccarmnoneeabi/bin/../lib/gcc/arm-none-eabi/7.2.1/../../../../arm-none-eabi/lib/thumb/v6-m\libc_nano.a(lib_a-nano-freer.o)
                              c:/users/lenovo/.platformio/packages/toolchain-gccarmnoneeabi/bin/../lib/gcc/arm-none-eabi/7.2.1/../../../../arm-none-eabi/lib/thumb/v6-m\libc_nano.a(lib_a-malloc.o) (_free_r)
c:/users/lenovo/.platformio/packages/toolchain-gccarmnoneeabi/bin/../lib/gcc/arm-none-eabi/7.2.1/../../../../arm-none-eabi/lib/thumb/v6-m\libc_nano.a(lib_a-nano-mallocr.o)
                              c:/users/lenovo/.platformio/packages/toolchain-gccarmnoneeabi/bin/../lib/gcc/arm-none-eabi/7.2.1/../../../../arm-none-eabi/lib/thumb/v6-m\libc_nano.a(lib_a-malloc.o) (_malloc_r)
c:/users/lenovo/.platformio/packages/toolchain-gccarmnoneeabi/bin/../lib/gcc/arm-none-eabi/7.2.1/../../../../arm-none-eabi/lib/thumb/v6-m\libc_nano.a(lib_a-sbrkr.o)
                              c:/users/lenovo/.platformio/packages/toolchain-gccarmnoneeabi/bin/../lib/gcc/arm-none-eabi/7.2.1/../../../../arm-none-eabi/lib/thumb/v6-m\libc_nano.a(lib_a-nano-mallocr.o) (_sbrk_r)
c:/users/lenovo/.platformio/packages/toolchain-gccarmnoneeabi/bin/../lib/gcc/arm-none-eabi/7.2.1/../../../../arm-none-eabi/lib/thumb/v6-m\libc_nano.a(lib_a-mlock.o)
                              c:/users/lenovo/.platformio/packages/toolchain-gccarmnoneeabi/bin/../lib/gcc/arm-none-eabi/7.2.1/../../../../arm-none-eabi/lib/thumb/v6-m\libc_nano.a(lib_a-nano-freer.o) (__malloc_lock)
c:/users/lenovo/.platformio/packages/toolchain-gccarmnoneeabi/bin/../lib/gcc/arm-none-eabi/7.2.1/../../../../arm-none-eabi/lib/thumb/v6-m\libc_nano.a(lib_a-reent.o)
                              c:/users/lenovo/.platformio/packages/toolchain-gccarmnoneeabi/bin/../lib/gcc/arm-none-eabi/7.2.1/../../../../arm-none-eabi/lib/thumb/v6-m\libc_nano.a(lib_a-sbrkr.o) (errno)
c:/users/lenovo/.platformio/packages/toolchain-gccarmnoneeabi/bin/../lib/gcc/arm-none-eabi/7.2.1/thumb/v6-m\libgcc.a(_thumb1_case_sqi.o)
                              .pio\build\nucleo_f031k6\src\frontend&drawing\draw_manager.o (__gnu_thumb1_case_sqi)
c:/users/lenovo/.platformio/packages/toolchain-gccarmnoneeabi/bin/../lib/gcc/arm-none-eabi/7.2.1/thumb/v6-m\libgcc.a(_thumb1_case_uqi.o)
[...]
Memory Configuration

Name             Origin             Length             Attributes
RAM              0x20000000         0x00001000         xrw
FLASH            0x08000000         0x00008000         xr
*default*        0x00000000         0xffffffff

Linker script and memory map

LOAD c:/users/lenovo/.platformio/packages/toolchain-gccarmnoneeabi/bin/../lib/gcc/arm-none-eabi/7.2.1/thumb/v6-m/crti.o
LOAD c:/users/lenovo/.platformio/packages/toolchain-gccarmnoneeabi/bin/../lib/gcc/arm-none-eabi/7.2.1/thumb/v6-m/crtbegin.o
LOAD c:/users/lenovo/.platformio/packages/toolchain-gccarmnoneeabi/bin/../lib/gcc/arm-none-eabi/7.2.1/../../../../arm-none-eabi/lib/thumb/v6-m/crt0.o
LOAD .pio\build\nucleo_f031k6\FrameworkCMSIS\gcc\startup_stm32f031x6.o
LOAD .pio\build\nucleo_f031k6\FrameworkCMSIS\system_stm32f0xx.o
LOAD .pio\build\nucleo_f031k6\src\behaviours\algo.o
LOAD .pio\build\nucleo_f031k6\src\behaviours\entities&sprites\blinky.o
LOAD .pio\build\nucleo_f031k6\src\behaviours\entities&sprites\clyde.o
LOAD .pio\build\nucleo_f031k6\src\behaviours\entities&sprites\ghosts.o
LOAD .pio\build\nucleo_f031k6\src\behaviours\entities&sprites\inky.o
LOAD .pio\build\nucleo_f031k6\src\behaviours\entities&sprites\pacman.o
LOAD .pio\build\nucleo_f031k6\src\behaviours\entities&sprites\pinky.o
LOAD .pio\build\nucleo_f031k6\src\frontend&drawing\display.o
LOAD .pio\build\nucleo_f031k6\src\frontend&drawing\draw_manager.o
LOAD .pio\build\nucleo_f031k6\src\frontend&drawing\menu.o
LOAD .pio\build\nucleo_f031k6\src\grid.o
LOAD .pio\build\nucleo_f031k6\src\main.o
LOAD .pio\build\nucleo_f031k6\src\music&sound\sound.o
LOAD .pio\build\nucleo_f031k6\src\serial.o
LOAD .pio\build\nucleo_f031k6\src\texture_src\blank_textures.o
LOAD .pio\build\nucleo_f031k6\src\texture_src\blinky_textures.o
LOAD .pio\build\nucleo_f031k6\src\texture_src\clyde_textures.o
LOAD .pio\build\nucleo_f031k6\src\texture_src\fright_ghost_textures.o
LOAD .pio\build\nucleo_f031k6\src\texture_src\inky_textures.o
LOAD .pio\build\nucleo_f031k6\src\texture_src\main_menu_title.o
LOAD .pio\build\nucleo_f031k6\src\texture_src\pacman_textures.o
LOAD .pio\build\nucleo_f031k6\src\texture_src\pickups_textures.o
LOAD .pio\build\nucleo_f031k6\src\texture_src\pinky_textures.o
LOAD .pio\build\nucleo_f031k6\src\texture_src\wall_textures.o
LOAD .pio\build\nucleo_f031k6\src\utils\arr.o
LOAD .pio\build\nucleo_f031k6\src\utils\events.o
LOAD .pio\build\nucleo_f031k6\src\utils\point.o
START GROUP
LOAD c:/users/lenovo/.platformio/packages/toolchain-gccarmnoneeabi/bin/../lib/gcc/arm-none-eabi/7.2.1/../../../../arm-none-eabi/lib/thumb/v6-m\libc_nano.a
LOAD c:/users/lenovo/.platformio/packages/toolchain-gccarmnoneeabi/bin/../lib/gcc/arm-none-eabi/7.2.1/thumb/v6-m\libgcc.a
LOAD c:/users/lenovo/.platformio/packages/toolchain-gccarmnoneeabi/bin/../lib/gcc/arm-none-eabi/7.2.1/../../../../arm-none-eabi/lib/thumb/v6-m\libm.a
LOAD c:/users/lenovo/.platformio/packages/toolchain-gccarmnoneeabi/bin/../lib/gcc/arm-none-eabi/7.2.1/../../../../arm-none-eabi/lib/thumb/v6-m\libstdc++_nano.a
END GROUP
START GROUP
LOAD c:/users/lenovo/.platformio/packages/toolchain-gccarmnoneeabi/bin/../lib/gcc/arm-none-eabi/7.2.1/thumb/v6-m\libgcc.a
LOAD c:/users/lenovo/.platformio/packages/toolchain-gccarmnoneeabi/bin/../lib/gcc/arm-none-eabi/7.2.1/../../../../arm-none-eabi/lib/thumb/v6-m\libc_nano.a
END GROUP
START GROUP
LOAD c:/users/lenovo/.platformio/packages/toolchain-gccarmnoneeabi/bin/../lib/gcc/arm-none-eabi/7.2.1/thumb/v6-m\libgcc.a
LOAD c:/users/lenovo/.platformio/packages/toolchain-gccarmnoneeabi/bin/../lib/gcc/arm-none-eabi/7.2.1/../../../../arm-none-eabi/lib/thumb/v6-m\libc_nano.a
LOAD c:/users/lenovo/.platformio/packages/toolchain-gccarmnoneeabi/bin/../lib/gcc/arm-none-eabi/7.2.1/../../../../arm-none-eabi/lib/thumb/v6-m\libnosys.a
END GROUP
START GROUP
LOAD c:/users/lenovo/.platformio/packages/toolchain-gccarmnoneeabi/bin/../lib/gcc/arm-none-eabi/7.2.1/thumb/v6-m\libgcc.a
LOAD c:/users/lenovo/.platformio/packages/toolchain-gccarmnoneeabi/bin/../lib/gcc/arm-none-eabi/7.2.1/../../../../arm-none-eabi/lib/thumb/v6-m\libc_nano.a
LOAD c:/users/lenovo/.platformio/packages/toolchain-gccarmnoneeabi/bin/../lib/gcc/arm-none-eabi/7.2.1/../../../../arm-none-eabi/lib/thumb/v6-m\libnosys.a
END GROUP
LOAD c:/users/lenovo/.platformio/packages/toolchain-gccarmnoneeabi/bin/../lib/gcc/arm-none-eabi/7.2.1/thumb/v6-m/crtend.o
LOAD c:/users/lenovo/.platformio/packages/toolchain-gccarmnoneeabi/bin/../lib/gcc/arm-none-eabi/7.2.1/thumb/v6-m/crtn.o
                0x20001000                _estack = (ORIGIN (RAM) + LENGTH (RAM))
                0x00000200                _Min_Heap_Size = 0x200
                0x00000400                _Min_Stack_Size = 0x400

.isr_vector     0x08000000       0xc0
                0x08000000                . = ALIGN (0x4)
 *(.isr_vector)
 .isr_vector    0x08000000       0xc0 .pio\build\nucleo_f031k6\FrameworkCMSIS\gcc\startup_stm32f031x6.o
                0x08000000                g_pfnVectors
                0x080000c0                . = ALIGN (0x4)

.text           0x080000c0     0x37e8
                0x080000c0                . = ALIGN (0x4)
 *(.text)
 .text          0x080000c0       0x48 c:/users/lenovo/.platformio/packages/toolchain-gccarmnoneeabi/bin/../lib/gcc/arm-none-eabi/7.2.1/thumb/v6-m/crtbegin.o
 .text          0x08000108       0x14 c:/users/lenovo/.platformio/packages/toolchain-gccarmnoneeabi/bin/../lib/gcc/arm-none-eabi/7.2.1/thumb/v6-m\libgcc.a(_thumb1_case_sqi.o)
                0x08000108                __gnu_thumb1_case_sqi
 .text          0x0800011c       0x14 c:/users/lenovo/.platformio/packages/toolchain-gccarmnoneeabi/bin/../lib/gcc/arm-none-eabi/7.2.1/thumb/v6-m\libgcc.a(_thumb1_case_uqi.o)
                0x0800011c                __gnu_thumb1_case_uqi
 .text          0x08000130      0x114 c:/users/lenovo/.platformio/packages/toolchain-gccarmnoneeabi/bin/../lib/gcc/arm-none-eabi/7.2.1/thumb/v6-m\libgcc.a(_udivsi3.o)
                0x08000130                __aeabi_uidiv
                0x08000130                __udivsi3
                0x0800023c                __aeabi_uidivmod
 .text          0x08000244      0x1d4 c:/users/lenovo/.platformio/packages/toolchain-gccarmnoneeabi/bin/../lib/gcc/arm-none-eabi/7.2.1/thumb/v6-m\libgcc.a(_divsi3.o)
                0x08000244                __divsi3
                0x08000244                __aeabi_idiv
                0x08000410                __aeabi_idivmod
 .text          0x08000418        0x4 c:/users/lenovo/.platformio/packages/toolchain-gccarmnoneeabi/bin/../lib/gcc/arm-none-eabi/7.2.1/thumb/v6-m\libgcc.a(_dvmd_tls.o)
                0x08000418                __aeabi_idiv0
                0x08000418                __aeabi_ldiv0
 *(.text*)
 .text.Reset_Handler
                0x0800041c       0x50 .pio\build\nucleo_f031k6\FrameworkCMSIS\gcc\startup_stm32f031x6.o
                0x0800041c                Reset_Handler
 .text.Default_Handler
                0x0800046c        0x2 .pio\build\nucleo_f031k6\FrameworkCMSIS\gcc\startup_stm32f031x6.o
                0x0800046c                TIM1_CC_IRQHandler
                0x0800046c                HardFault_Handler
                0x0800046c                PVD_IRQHandler
                0x0800046c                PendSV_Handler
                0x0800046c                NMI_Handler
                0x0800046c                I2C1_IRQHandler
                0x0800046c                SPI1_IRQHandler
                0x0800046c                EXTI2_3_IRQHandler
                0x0800046c                ADC1_IRQHandler
                0x0800046c                TIM17_IRQHandler
                0x0800046c                RTC_IRQHandler
                0x0800046c                TIM16_IRQHandler
                0x0800046c                TIM3_IRQHandler
                0x0800046c                EXTI4_15_IRQHandler
                0x0800046c                RCC_IRQHandler
                0x0800046c                DMA1_Channel1_IRQHandler
                0x0800046c                Default_Handler
                0x0800046c                TIM14_IRQHandler
                0x0800046c                DMA1_Channel4_5_IRQHandler
                0x0800046c                EXTI0_1_IRQHandler
                0x0800046c                SVC_Handler
                0x0800046c                WWDG_IRQHandler
                0x0800046c                TIM2_IRQHandler
                0x0800046c                DMA1_Channel2_3_IRQHandler
                0x0800046c                FLASH_IRQHandler
                0x0800046c                USART1_IRQHandler
                0x0800046c                TIM1_BRK_UP_TRG_COM_IRQHandler
 .text.SystemInit
                0x0800046e        0x2 .pio\build\nucleo_f031k6\FrameworkCMSIS\system_stm32f0xx.o
                0x0800046e                SystemInit
 .text.calculate_heuristics_h
                0x08000470       0x4e .pio\build\nucleo_f031k6\src\behaviours\algo.o
                0x08000470                calculate_heuristics_h
 .text.find_smallest_heuristic_node
                0x080004be       0x8a .pio\build\nucleo_f031k6\src\behaviours\algo.o
                0x080004be                find_smallest_heuristic_node
 .text.trace_path_a_star
                0x08000548      0x250 .pio\build\nucleo_f031k6\src\behaviours\algo.o
                0x08000548                trace_path_a_star
 .text._blinky  0x08000798       0x38 .pio\build\nucleo_f031k6\src\behaviours\entities&sprites\blinky.o
                0x08000798                _blinky
 .text.get_blinky_scatter_position
                0x080007d0        0xc .pio\build\nucleo_f031k6\src\behaviours\entities&sprites\blinky.o
                0x080007d0                get_blinky_scatter_position
 .text.get_blinky_position
                0x080007dc        0xc .pio\build\nucleo_f031k6\src\behaviours\entities&sprites\blinky.o
                0x080007dc                get_blinky_position
 .text.set_blinky_position
                0x080007e8       0x14 .pio\build\nucleo_f031k6\src\behaviours\entities&sprites\blinky.o
                0x080007e8                set_blinky_position
 .text.get_blinky_mode
                0x080007fc        0xc .pio\build\nucleo_f031k6\src\behaviours\entities&sprites\blinky.o
                0x080007fc                get_blinky_mode
 .text.get_blinky_target_position
                0x08000808       0x36 .pio\build\nucleo_f031k6\src\behaviours\entities&sprites\blinky.o
                0x08000808                get_blinky_target_position
 .text.set_blinky_mode
                0x0800083e       0x10 .pio\build\nucleo_f031k6\src\behaviours\entities&sprites\blinky.o
                0x0800083e                set_blinky_mode
 .text.get_blinky_behaviour_change
                0x0800084e        0xc .pio\build\nucleo_f031k6\src\behaviours\entities&sprites\blinky.o
                0x0800084e                get_blinky_behaviour_change
 .text.set_blinky_behaviour_change
                0x0800085a       0x10 .pio\build\nucleo_f031k6\src\behaviours\entities&sprites\blinky.o
                0x0800085a                set_blinky_behaviour_change
 *fill*         0x0800086a        0x2 
 .text._blinky_feed_next
                0x0800086c       0x94 .pio\build\nucleo_f031k6\src\behaviours\entities&sprites\blinky.o
                0x0800086c                _blinky_feed_next
 .text._clyde   0x08000900       0x38 .pio\build\nucleo_f031k6\src\behaviours\entities&sprites\clyde.o
                0x08000900                _clyde
 .text.get_clyde_scatter_position
                0x08000938        0xc .pio\build\nucleo_f031k6\src\behaviours\entities&sprites\clyde.o
                0x08000938                get_clyde_scatter_position
 .text.get_clyde_position
                0x08000944        0xc .pio\build\nucleo_f031k6\src\behaviours\entities&sprites\clyde.o
                0x08000944                get_clyde_position
 .text.set_clyde_position
                0x08000950       0x14 .pio\build\nucleo_f031k6\src\behaviours\entities&sprites\clyde.o
                0x08000950                set_clyde_position
 .text.get_clyde_mode
                0x08000964        0xc .pio\build\nucleo_f031k6\src\behaviours\entities&sprites\clyde.o
                0x08000964                get_clyde_mode
 .text.get_clyde_target_position
                0x08000970       0x80 .pio\build\nucleo_f031k6\src\behaviours\entities&sprites\clyde.o
                0x08000970                get_clyde_target_position
 .text.set_clyde_mode
                0x080009f0       0x10 .pio\build\nucleo_f031k6\src\behaviours\entities&sprites\clyde.o
                0x080009f0                set_clyde_mode
 .text.get_clyde_behaviour_change
                0x08000a00        0xc .pio\build\nucleo_f031k6\src\behaviours\entities&sprites\clyde.o
                0x08000a00                get_clyde_behaviour_change
 .text.set_clyde_behaviour_change
                0x08000a0c       0x10 .pio\build\nucleo_f031k6\src\behaviours\entities&sprites\clyde.o
                0x08000a0c                set_clyde_behaviour_change
 .text._clyde_feed_next
                0x08000a1c       0x94 .pio\build\nucleo_f031k6\src\behaviours\entities&sprites\clyde.o
                0x08000a1c                _clyde_feed_next
 .text.create_ghost
                0x08000ab0       0x22 .pio\build\nucleo_f031k6\src\behaviours\entities&sprites\ghosts.o
                0x08000ab0                create_ghost
 .text.get_ghost_scatter_position
                0x08000ad2        0x4 .pio\build\nucleo_f031k6\src\behaviours\entities&sprites\ghosts.o
                0x08000ad2                get_ghost_scatter_position
 .text.get_ghost_position
                0x08000ad6        0x4 .pio\build\nucleo_f031k6\src\behaviours\entities&sprites\ghosts.o
                0x08000ad6                get_ghost_position
 *fill*         0x08000ada        0x2 
 .text.set_ghost_position
                0x08000adc       0x48 .pio\build\nucleo_f031k6\src\behaviours\entities&sprites\ghosts.o
                0x08000adc                set_ghost_position
 .text.get_ghost_mode
                0x08000b24        0x4 .pio\build\nucleo_f031k6\src\behaviours\entities&sprites\ghosts.o
                0x08000b24                get_ghost_mode
 .text.set_ghost_mode
                0x08000b28        0x8 .pio\build\nucleo_f031k6\src\behaviours\entities&sprites\ghosts.o
                0x08000b28                set_ghost_mode
 .text.get_ghost_behaviour_change
                0x08000b30        0x4 .pio\build\nucleo_f031k6\src\behaviours\entities&sprites\ghosts.o
                0x08000b30                get_ghost_behaviour_change
 .text.set_ghost_behaviour
                0x08000b34        0x4 .pio\build\nucleo_f031k6\src\behaviours\entities&sprites\ghosts.o
                0x08000b34                set_ghost_behaviour
 .text._inky    0x08000b38       0x38 .pio\build\nucleo_f031k6\src\behaviours\entities&sprites\inky.o
                0x08000b38                _inky
 .text.get_inky_scatter_position
                0x08000b70        0xc .pio\build\nucleo_f031k6\src\behaviours\entities&sprites\inky.o
                0x08000b70                get_inky_scatter_position
 .text.get_inky_position
                0x08000b7c        0xc .pio\build\nucleo_f031k6\src\behaviours\entities&sprites\inky.o
                0x08000b7c                get_inky_position
 .text.set_inky_position
                0x08000b88       0x14 .pio\build\nucleo_f031k6\src\behaviours\entities&sprites\inky.o
                0x08000b88                set_inky_position
 .text.get_inky_mode
                0x08000b9c        0xc .pio\build\nucleo_f031k6\src\behaviours\entities&sprites\inky.o
                0x08000b9c                get_inky_mode
 .text.get_inky_target_position
                0x08000ba8      0x130 .pio\build\nucleo_f031k6\src\behaviours\entities&sprites\inky.o
                0x08000ba8                get_inky_target_position
 .text.set_inky_mode
                0x08000cd8       0x10 .pio\build\nucleo_f031k6\src\behaviours\entities&sprites\inky.o
                0x08000cd8                set_inky_mode
 .text.get_inky_behaviour_change
                0x08000ce8        0xc .pio\build\nucleo_f031k6\src\behaviours\entities&sprites\inky.o
                0x08000ce8                get_inky_behaviour_change
 .text.set_inky_behaviour_change
                0x08000cf4       0x10 .pio\build\nucleo_f031k6\src\behaviours\entities&sprites\inky.o
                0x08000cf4                set_inky_behaviour_change
 .text._inky_feed_next
                0x08000d04       0x94 .pio\build\nucleo_f031k6\src\behaviours\entities&sprites\inky.o
                0x08000d04                _inky_feed_next
 .text._pacman  0x08000d98       0x34 .pio\build\nucleo_f031k6\src\behaviours\entities&sprites\pacman.o
                0x08000d98                _pacman
 .text.get_pacman_state
                0x08000dcc        0xa .pio\build\nucleo_f031k6\src\behaviours\entities&sprites\pacman.o
                0x08000dcc                get_pacman_state
 .text.set_pacman_state
                0x08000dd6        0xc .pio\build\nucleo_f031k6\src\behaviours\entities&sprites\pacman.o
                0x08000dd6                set_pacman_state
 .text.get_pacman_position
                0x08000de2        0xa .pio\build\nucleo_f031k6\src\behaviours\entities&sprites\pacman.o
                0x08000de2                get_pacman_position
 .text.set_pacman_position
                0x08000dec       0x16 .pio\build\nucleo_f031k6\src\behaviours\entities&sprites\pacman.o
                0x08000dec                set_pacman_position
 *fill*         0x08000e02        0x2 
 .text.get_pacman_direction
                0x08000e04       0x34 .pio\build\nucleo_f031k6\src\behaviours\entities&sprites\pacman.o
                0x08000e04                get_pacman_direction
 .text.get_pac_dx
                0x08000e38        0xc .pio\build\nucleo_f031k6\src\behaviours\entities&sprites\pacman.o
                0x08000e38                get_pac_dx
 .text.get_pac_dy
                0x08000e44        0xc .pio\build\nucleo_f031k6\src\behaviours\entities&sprites\pacman.o
                0x08000e44                get_pac_dy
 .text.set_pacman_direction
                0x08000e50       0x34 .pio\build\nucleo_f031k6\src\behaviours\entities&sprites\pacman.o
                0x08000e50                set_pacman_direction
 .text._pinky   0x08000e84       0x38 .pio\build\nucleo_f031k6\src\behaviours\entities&sprites\pinky.o
                0x08000e84                _pinky
 .text.get_pinky_scatter_position
                0x08000ebc        0xc .pio\build\nucleo_f031k6\src\behaviours\entities&sprites\pinky.o
                0x08000ebc                get_pinky_scatter_position
 .text.get_pinky_position
                0x08000ec8        0xc .pio\build\nucleo_f031k6\src\behaviours\entities&sprites\pinky.o
                0x08000ec8                get_pinky_position
 .text.set_pinky_position
                0x08000ed4       0x14 .pio\build\nucleo_f031k6\src\behaviours\entities&sprites\pinky.o
                0x08000ed4                set_pinky_position
 .text.get_pinky_mode
                0x08000ee8        0xc .pio\build\nucleo_f031k6\src\behaviours\entities&sprites\pinky.o
                0x08000ee8                get_pinky_mode
 .text.get_pinky_target_position
                0x08000ef4       0xc0 .pio\build\nucleo_f031k6\src\behaviours\entities&sprites\pinky.o
                0x08000ef4                get_pinky_target_position
 .text.set_pinky_mode
                0x08000fb4       0x10 .pio\build\nucleo_f031k6\src\behaviours\entities&sprites\pinky.o
                0x08000fb4                set_pinky_mode
 .text.get_pinky_behaviour_change
                0x08000fc4        0xc .pio\build\nucleo_f031k6\src\behaviours\entities&sprites\pinky.o
                0x08000fc4                get_pinky_behaviour_change
 .text.set_pinky_behaviour_change
                0x08000fd0       0x10 .pio\build\nucleo_f031k6\src\behaviours\entities&sprites\pinky.o
                0x08000fd0                set_pinky_behaviour_change
 .text._pinky_feed_next
                0x08000fe0       0x94 .pio\build\nucleo_f031k6\src\behaviours\entities&sprites\pinky.o
                0x08000fe0                _pinky_feed_next
 .text.CSLow    0x08001074        0xe .pio\build\nucleo_f031k6\src\frontend&drawing\display.o
 .text.CSHigh   0x08001082        0xe .pio\build\nucleo_f031k6\src\frontend&drawing\display.o
 .text.DCHigh   0x08001090        0xe .pio\build\nucleo_f031k6\src\frontend&drawing\display.o
 *fill*         0x0800109e        0x2 
 .text.transferSPI8
                0x080010a0       0x3c .pio\build\nucleo_f031k6\src\frontend&drawing\display.o
 .text.command  0x080010dc       0x14 .pio\build\nucleo_f031k6\src\frontend&drawing\display.o
 .text.data     0x080010f0       0x10 .pio\build\nucleo_f031k6\src\frontend&drawing\display.o
 .text.openAperture
                0x08001100       0x4e .pio\build\nucleo_f031k6\src\frontend&drawing\display.o
 *fill*         0x0800114e        0x2 
 .text.transferSPI16
                0x08001150       0x38 .pio\build\nucleo_f031k6\src\frontend&drawing\display.o
 .text.fillRectangle
                0x08001188       0x2c .pio\build\nucleo_f031k6\src\frontend&drawing\display.o
                0x08001188                fillRectangle
 .text.display_begin
                0x080011b4      0x260 .pio\build\nucleo_f031k6\src\frontend&drawing\display.o
                0x080011b4                display_begin
 .text.putPixel
                0x08001414       0x1c .pio\build\nucleo_f031k6\src\frontend&drawing\display.o
                0x08001414                putPixel
 .text.putColumn
                0x08001430       0x2a .pio\build\nucleo_f031k6\src\frontend&drawing\display.o
                0x08001430                putColumn
 .text.putRow   0x0800145a       0x2a .pio\build\nucleo_f031k6\src\frontend&drawing\display.o
                0x0800145a                putRow
 .text.putImage
                0x08001484       0xe8 .pio\build\nucleo_f031k6\src\frontend&drawing\display.o
                0x08001484                putImage
 .text.printText
                0x0800156c       0x98 .pio\build\nucleo_f031k6\src\frontend&drawing\display.o
                0x0800156c                printText
 .text.printTextX2
                0x08001604       0xa0 .pio\build\nucleo_f031k6\src\frontend&drawing\display.o
                0x08001604                printTextX2
 .text.printNumber
                0x080016a4       0x80 .pio\build\nucleo_f031k6\src\frontend&drawing\display.o
                0x080016a4                printNumber
 .text.redraw_entire_grid
                0x08001724      0x1ac .pio\build\nucleo_f031k6\src\frontend&drawing\draw_manager.o
                0x08001724                redraw_entire_grid
 .text.redraw_white_text
                0x080018d0       0x98 .pio\build\nucleo_f031k6\src\frontend&drawing\draw_manager.o
                0x080018d0                redraw_white_text
 .text.draw_home_page
                0x08001968       0x78 .pio\build\nucleo_f031k6\src\frontend&drawing\draw_manager.o
                0x08001968                draw_home_page
 .text.draw_pause_menu
                0x080019e0       0x6c .pio\build\nucleo_f031k6\src\frontend&drawing\draw_manager.o
                0x080019e0                draw_pause_menu
 .text.flicker_text
                0x08001a4c      0x164 .pio\build\nucleo_f031k6\src\frontend&drawing\draw_manager.o
                0x08001a4c                flicker_text
 .text.draw_current_page
                0x08001bb0       0x30 .pio\build\nucleo_f031k6\src\frontend&drawing\draw_manager.o
                0x08001bb0                draw_current_page
 .text.point_at_entity_texture
                0x08001be0      0x1a4 .pio\build\nucleo_f031k6\src\frontend&drawing\draw_manager.o
                0x08001be0                point_at_entity_texture
 .text.point_at_static_texture
                0x08001d84       0x80 .pio\build\nucleo_f031k6\src\frontend&drawing\draw_manager.o
                0x08001d84                point_at_static_texture
 .text.move_entities
                0x08001e04      0x50c .pio\build\nucleo_f031k6\src\frontend&drawing\draw_manager.o
                0x08001e04                move_entities
 .text.eat_ghost
                0x08002310      0x104 .pio\build\nucleo_f031k6\src\frontend&drawing\draw_manager.o
                0x08002310                eat_ghost
 .text.set_menu_page
                0x08002414       0x20 .pio\build\nucleo_f031k6\src\frontend&drawing\menu.o
                0x08002414                set_menu_page
 .text.get_active_menu_page
                0x08002434        0xc .pio\build\nucleo_f031k6\src\frontend&drawing\menu.o
                0x08002434                get_active_menu_page
 .text.get_cursor_position
                0x08002440        0xc .pio\build\nucleo_f031k6\src\frontend&drawing\menu.o
                0x08002440                get_cursor_position
 .text.move_cursor
                0x0800244c      0x104 .pio\build\nucleo_f031k6\src\frontend&drawing\menu.o
                0x0800244c                move_cursor
 .text.create_singleton_grid
                0x08002550       0x3c .pio\build\nucleo_f031k6\src\grid.o
                0x08002550                create_singleton_grid
 .text.create_reset_grid
                0x0800258c       0xcc .pio\build\nucleo_f031k6\src\grid.o
                0x0800258c                create_reset_grid
 .text.add_grid_state
                0x08002658       0x38 .pio\build\nucleo_f031k6\src\grid.o
                0x08002658                add_grid_state
 .text.add_grid_state_point
                0x08002690       0x4c .pio\build\nucleo_f031k6\src\grid.o
                0x08002690                add_grid_state_point
 .text.remove_grid_state
                0x080026dc       0x38 .pio\build\nucleo_f031k6\src\grid.o
                0x080026dc                remove_grid_state
 .text.remove_grid_state_point
                0x08002714       0x4c .pio\build\nucleo_f031k6\src\grid.o
                0x08002714                remove_grid_state_point
 .text.get_grid_state
                0x08002760       0x38 .pio\build\nucleo_f031k6\src\grid.o
                0x08002760                get_grid_state
 .text.is_grid_state
                0x08002798       0x40 .pio\build\nucleo_f031k6\src\grid.o
                0x08002798                is_grid_state
 .text.has_grid_state
                0x080027d8       0x40 .pio\build\nucleo_f031k6\src\grid.o
                0x080027d8                has_grid_state
 .text.has_grid_state_point
                0x08002818       0x50 .pio\build\nucleo_f031k6\src\grid.o
                0x08002818                has_grid_state_point
 .text.destroy_grid
                0x08002868       0x24 .pio\build\nucleo_f031k6\src\grid.o
                0x08002868                destroy_grid
 .text.check_if_eat_ghost_static
                0x0800288c      0x100 .pio\build\nucleo_f031k6\src\main.o
                0x0800288c                check_if_eat_ghost_static
 .text.set_scatter_mode_to_chase_mode
                0x0800298c       0x94 .pio\build\nucleo_f031k6\src\main.o
                0x0800298c                set_scatter_mode_to_chase_mode
 .text.check_if_eat_ghost_real_time
                0x08002a20       0xa4 .pio\build\nucleo_f031k6\src\main.o
                0x08002a20                check_if_eat_ghost_real_time
 .text.set_ghosts_mode
                0x08002ac4       0x1c .pio\build\nucleo_f031k6\src\main.o
                0x08002ac4                set_ghosts_mode
 .text.reset_eaten_ghosts
                0x08002ae0       0xcc .pio\build\nucleo_f031k6\src\main.o
                0x08002ae0                reset_eaten_ghosts
 .text.startup.main
                0x08002bac      0x408 .pio\build\nucleo_f031k6\src\main.o
                0x08002bac                main
 .text.initSound
                0x08002fb4       0x68 .pio\build\nucleo_f031k6\src\music&sound\sound.o
                0x08002fb4                initSound
 .text.initSerial
                0x0800301c       0x98 .pio\build\nucleo_f031k6\src\serial.o
                0x0800301c                initSerial
 .text.eputchar
                0x080030b4       0x1c .pio\build\nucleo_f031k6\src\serial.o
                0x080030b4                eputchar
 .text.eputs    0x080030d0       0x14 .pio\build\nucleo_f031k6\src\serial.o
                0x080030d0                eputs
 .text.printDecimal
                0x080030e4       0x46 .pio\build\nucleo_f031k6\src\serial.o
                0x080030e4                printDecimal
 .text.is_not_empty
                0x0800312a        0xa .pio\build\nucleo_f031k6\src\utils\arr.o
                0x0800312a                is_not_empty
 .text.get_list_size
                0x08003134       0x1a .pio\build\nucleo_f031k6\src\utils\arr.o
                0x08003134                get_list_size
 .text.push     0x0800314e       0x34 .pio\build\nucleo_f031k6\src\utils\arr.o
                0x0800314e                push
 .text.search_item
                0x08003182       0x24 .pio\build\nucleo_f031k6\src\utils\arr.o
                0x08003182                search_item
 *fill*         0x080031a6        0x2 
 .text.remove_item
                0x080031a8       0x50 .pio\build\nucleo_f031k6\src\utils\arr.o
                0x080031a8                remove_item
 .text.free_arr
                0x080031f8       0x1e .pio\build\nucleo_f031k6\src\utils\arr.o
                0x080031f8                free_arr
 .text.reverse_points
                0x08003216       0x2c .pio\build\nucleo_f031k6\src\utils\arr.o
                0x08003216                reverse_points
 *fill*         0x08003242        0x2 
 .text.initSysTick
                0x08003244       0x1c .pio\build\nucleo_f031k6\src\utils\events.o
                0x08003244                initSysTick
 .text.SysTick_Handler
                0x08003260       0x10 .pio\build\nucleo_f031k6\src\utils\events.o
                0x08003260                SysTick_Handler
 .text.initClock
                0x08003270       0x70 .pio\build\nucleo_f031k6\src\utils\events.o
                0x08003270                initClock
 .text.delay    0x080032e0       0x20 .pio\build\nucleo_f031k6\src\utils\events.o
                0x080032e0                delay
 .text.enablePullUp
                0x08003300       0x18 .pio\build\nucleo_f031k6\src\utils\events.o
                0x08003300                enablePullUp
 .text.pinMode  0x08003318       0x14 .pio\build\nucleo_f031k6\src\utils\events.o
                0x08003318                pinMode
 .text.setupIO  0x0800332c       0xc8 .pio\build\nucleo_f031k6\src\utils\events.o
                0x0800332c                setupIO
 .text.SET_UP_STM
                0x080033f4       0x18 .pio\build\nucleo_f031k6\src\utils\events.o
                0x080033f4                SET_UP_STM
 .text.is_button_up_pressed
                0x0800340c        0xe .pio\build\nucleo_f031k6\src\utils\events.o
                0x0800340c                is_button_up_pressed
 *fill*         0x0800341a        0x2 
 .text.is_button_right_pressed
                0x0800341c       0x10 .pio\build\nucleo_f031k6\src\utils\events.o
                0x0800341c                is_button_right_pressed
 .text.is_button_down_pressed
                0x0800342c        0xe .pio\build\nucleo_f031k6\src\utils\events.o
                0x0800342c                is_button_down_pressed
 *fill*         0x0800343a        0x2 
 .text.is_button_left_pressed
                0x0800343c       0x10 .pio\build\nucleo_f031k6\src\utils\events.o
                0x0800343c                is_button_left_pressed
 .text.is_button_pause_pressed
                0x0800344c        0xe .pio\build\nucleo_f031k6\src\utils\events.o
                0x0800344c                is_button_pause_pressed
 *fill*         0x0800345a        0x2 
 .text.turn_off_LEDS
                0x0800345c       0x38 .pio\build\nucleo_f031k6\src\utils\events.o
                0x0800345c                turn_off_LEDS
 .text.turn_on_LEDS
                0x08003494       0x34 .pio\build\nucleo_f031k6\src\utils\events.o
                0x08003494                turn_on_LEDS
 .text.create_point
                0x080034c8       0x28 .pio\build\nucleo_f031k6\src\utils\point.o
                0x080034c8                create_point
 .text.create_deep_copy
                0x080034f0       0x38 .pio\build\nucleo_f031k6\src\utils\point.o
                0x080034f0                create_deep_copy
 .text.copy_point_values
                0x08003528       0x24 .pio\build\nucleo_f031k6\src\utils\point.o
                0x08003528                copy_point_values
 .text.set_point_coord
                0x0800354c       0x1c .pio\build\nucleo_f031k6\src\utils\point.o
                0x0800354c                set_point_coord
 .text.set_x_point_coord
                0x08003568       0x1c .pio\build\nucleo_f031k6\src\utils\point.o
                0x08003568                set_x_point_coord
 .text.set_y_point_coord
                0x08003584       0x1c .pio\build\nucleo_f031k6\src\utils\point.o
                0x08003584                set_y_point_coord
 .text.get_x_point_coord
                0x080035a0       0x18 .pio\build\nucleo_f031k6\src\utils\point.o
                0x080035a0                get_x_point_coord
 .text.get_y_point_coord
                0x080035b8       0x18 .pio\build\nucleo_f031k6\src\utils\point.o
                0x080035b8                get_y_point_coord
 .text.compare_points
                0x080035d0       0x4c .pio\build\nucleo_f031k6\src\utils\point.o
                0x080035d0                compare_points
 .text.destroy_point
                0x0800361c       0x1c .pio\build\nucleo_f031k6\src\utils\point.o
                0x0800361c                destroy_point
 .text.calloc   0x08003638       0x14 c:/users/lenovo/.platformio/packages/toolchain-gccarmnoneeabi/bin/../lib/gcc/arm-none-eabi/7.2.1/../../../../arm-none-eabi/lib/thumb/v6-m\libc_nano.a(lib_a-calloc.o)
                0x08003638                calloc
 .text.__libc_init_array
                0x0800364c       0x48 c:/users/lenovo/.platformio/packages/toolchain-gccarmnoneeabi/bin/../lib/gcc/arm-none-eabi/7.2.1/../../../../arm-none-eabi/lib/thumb/v6-m\libc_nano.a(lib_a-init.o)
                0x0800364c                __libc_init_array
 .text.malloc   0x08003694       0x14 c:/users/lenovo/.platformio/packages/toolchain-gccarmnoneeabi/bin/../lib/gcc/arm-none-eabi/7.2.1/../../../../arm-none-eabi/lib/thumb/v6-m\libc_nano.a(lib_a-malloc.o)
                0x08003694                malloc
 .text.free     0x080036a8       0x14 c:/users/lenovo/.platformio/packages/toolchain-gccarmnoneeabi/bin/../lib/gcc/arm-none-eabi/7.2.1/../../../../arm-none-eabi/lib/thumb/v6-m\libc_nano.a(lib_a-malloc.o)
                0x080036a8                free
 .text.memcpy   0x080036bc       0x12 c:/users/lenovo/.platformio/packages/toolchain-gccarmnoneeabi/bin/../lib/gcc/arm-none-eabi/7.2.1/../../../../arm-none-eabi/lib/thumb/v6-m\libc_nano.a(lib_a-memcpy-stub.o)
                0x080036bc                memcpy
 .text.memset   0x080036ce       0x10 c:/users/lenovo/.platformio/packages/toolchain-gccarmnoneeabi/bin/../lib/gcc/arm-none-eabi/7.2.1/../../../../arm-none-eabi/lib/thumb/v6-m\libc_nano.a(lib_a-memset.o)
                0x080036ce                memset
 .text._calloc_r
                0x080036de       0x1c c:/users/lenovo/.platformio/packages/toolchain-gccarmnoneeabi/bin/../lib/gcc/arm-none-eabi/7.2.1/../../../../arm-none-eabi/lib/thumb/v6-m\libc_nano.a(lib_a-nano-callocr.o)
                0x080036de                _calloc_r
 *fill*         0x080036fa        0x2 
 .text._free_r  0x080036fc       0x94 c:/users/lenovo/.platformio/packages/toolchain-gccarmnoneeabi/bin/../lib/gcc/arm-none-eabi/7.2.1/../../../../arm-none-eabi/lib/thumb/v6-m\libc_nano.a(lib_a-nano-freer.o)
                0x080036fc                _free_r
 .text._malloc_r
                0x08003790       0xbc c:/users/lenovo/.platformio/packages/toolchain-gccarmnoneeabi/bin/../lib/gcc/arm-none-eabi/7.2.1/../../../../arm-none-eabi/lib/thumb/v6-m\libc_nano.a(lib_a-nano-mallocr.o)
                0x08003790                _malloc_r
 .text._sbrk_r  0x0800384c       0x24 c:/users/lenovo/.platformio/packages/toolchain-gccarmnoneeabi/bin/../lib/gcc/arm-none-eabi/7.2.1/../../../../arm-none-eabi/lib/thumb/v6-m\libc_nano.a(lib_a-sbrkr.o)
                0x0800384c                _sbrk_r
 .text.__malloc_lock
                0x08003870        0x2 c:/users/lenovo/.platformio/packages/toolchain-gccarmnoneeabi/bin/../lib/gcc/arm-none-eabi/7.2.1/../../../../arm-none-eabi/lib/thumb/v6-m\libc_nano.a(lib_a-mlock.o)
                0x08003870                __malloc_lock
 .text.__malloc_unlock
                0x08003872        0x2 c:/users/lenovo/.platformio/packages/toolchain-gccarmnoneeabi/bin/../lib/gcc/arm-none-eabi/7.2.1/../../../../arm-none-eabi/lib/thumb/v6-m\libc_nano.a(lib_a-mlock.o)
                0x08003872                __malloc_unlock
 .text._sbrk    0x08003874       0x1c c:/users/lenovo/.platformio/packages/toolchain-gccarmnoneeabi/bin/../lib/gcc/arm-none-eabi/7.2.1/../../../../arm-none-eabi/lib/thumb/v6-m\libnosys.a(sbrk.o)
                0x08003874                _sbrk
 *(.glue_7)
 .glue_7        0x08003890        0x0 linker stubs
 *(.glue_7t)
 .glue_7t       0x08003890        0x0 linker stubs
 *(.eh_frame)
 .eh_frame      0x08003890        0x0 c:/users/lenovo/.platformio/packages/toolchain-gccarmnoneeabi/bin/../lib/gcc/arm-none-eabi/7.2.1/thumb/v6-m/crtbegin.o
 *(.init)
 .init          0x08003890        0x4 c:/users/lenovo/.platformio/packages/toolchain-gccarmnoneeabi/bin/../lib/gcc/arm-none-eabi/7.2.1/thumb/v6-m/crti.o
                0x08003890                _init
 .init          0x08003894        0x8 c:/users/lenovo/.platformio/packages/toolchain-gccarmnoneeabi/bin/../lib/gcc/arm-none-eabi/7.2.1/thumb/v6-m/crtn.o
 *(.fini)
 .fini          0x0800389c        0x4 c:/users/lenovo/.platformio/packages/toolchain-gccarmnoneeabi/bin/../lib/gcc/arm-none-eabi/7.2.1/thumb/v6-m/crti.o
                0x0800389c                _fini
 .fini          0x080038a0        0x8 c:/users/lenovo/.platformio/packages/toolchain-gccarmnoneeabi/bin/../lib/gcc/arm-none-eabi/7.2.1/thumb/v6-m/crtn.o
                0x080038a8                . = ALIGN (0x4)
                0x080038a8                _etext = .

.vfp11_veneer   0x080038a8        0x0
 .vfp11_veneer  0x080038a8        0x0 linker stubs

.v4_bx          0x080038a8        0x0
 .v4_bx         0x080038a8        0x0 linker stubs

.iplt           0x080038a8        0x0
 .iplt          0x080038a8        0x0 c:/users/lenovo/.platformio/packages/toolchain-gccarmnoneeabi/bin/../lib/gcc/arm-none-eabi/7.2.1/thumb/v6-m/crtbegin.o

.rodata         0x080038a8     0x465c
                0x080038a8                . = ALIGN (0x4)
 *(.rodata)
 .rodata        0x080038a8       0x20 .pio\build\nucleo_f031k6\src\behaviours\entities&sprites\inky.o
 .rodata        0x080038c8      0x244 .pio\build\nucleo_f031k6\src\frontend&drawing\draw_manager.o
 .rodata        0x08003b0c      0x234 .pio\build\nucleo_f031k6\src\grid.o
 .rodata        0x08003d40        0x5 .pio\build\nucleo_f031k6\src\main.o
 *(.rodata*)
 .rodata.set_ghost_position.str1.1
                0x08003d45       0x4e .pio\build\nucleo_f031k6\src\behaviours\entities&sprites\ghosts.o
 .rodata.Font5x7
                0x08003d93      0x1e0 .pio\build\nucleo_f031k6\src\frontend&drawing\display.o
 .rodata.draw_current_page.str1.1
                0x08003f73       0x51 .pio\build\nucleo_f031k6\src\frontend&drawing\draw_manager.o
 .rodata.draw_pause_menu.str1.1
                0x08003fc4        0x7 .pio\build\nucleo_f031k6\src\frontend&drawing\draw_manager.o
 .rodata.eat_ghost.str1.1
                0x08003fcb       0x8e .pio\build\nucleo_f031k6\src\frontend&drawing\draw_manager.o
 .rodata.flicker_text.str1.1
                0x08004059       0xe3 .pio\build\nucleo_f031k6\src\frontend&drawing\draw_manager.o
                                 0xe6 (size before relaxing)
 .rodata.move_entities.str1.1
                0x0800413c      0x17a .pio\build\nucleo_f031k6\src\frontend&drawing\draw_manager.o
 .rodata.point_at_entity_texture.str1.1
                0x080042b6      0x173 .pio\build\nucleo_f031k6\src\frontend&drawing\draw_manager.o
 .rodata.point_at_static_texture.str1.1
                0x08004429       0x59 .pio\build\nucleo_f031k6\src\frontend&drawing\draw_manager.o
 .rodata.redraw_entire_grid.str1.1
                0x08004482       0x64 .pio\build\nucleo_f031k6\src\frontend&drawing\draw_manager.o
 .rodata.redraw_white_text.str1.1
                0x080044e6       0x40 .pio\build\nucleo_f031k6\src\frontend&drawing\draw_manager.o
 .rodata.move_cursor.str1.1
                0x08004526       0x7b .pio\build\nucleo_f031k6\src\frontend&drawing\menu.o
 .rodata.set_menu_page.str1.1
                0x080045a1       0x5c .pio\build\nucleo_f031k6\src\frontend&drawing\menu.o
 .rodata.add_grid_state.str1.1
                0x080045fd       0x53 .pio\build\nucleo_f031k6\src\grid.o
 .rodata.create_reset_grid.str1.1
                0x08004650       0xcb .pio\build\nucleo_f031k6\src\grid.o
 .rodata.create_singleton_grid.str1.1
                0x0800471b       0x96 .pio\build\nucleo_f031k6\src\grid.o
 .rodata.destroy_grid.str1.1
                0x080047b1       0x2f .pio\build\nucleo_f031k6\src\grid.o
 .rodata.get_grid_state.str1.1
                0x080047e0       0xa5 .pio\build\nucleo_f031k6\src\grid.o
 .rodata.has_grid_state.str1.1
                0x08004885       0x64 .pio\build\nucleo_f031k6\src\grid.o
 .rodata.is_grid_state.str1.1
                0x080048e9       0x9f .pio\build\nucleo_f031k6\src\grid.o
 .rodata.remove_grid_state.str1.1
                0x08004988       0x56 .pio\build\nucleo_f031k6\src\grid.o
 .rodata.set_grid_state.str1.1
                0x080049de       0x8a .pio\build\nucleo_f031k6\src\grid.o
 .rodata.check_if_eat_ghost_real_time.str1.1
                0x08004a68       0x58 .pio\build\nucleo_f031k6\src\main.o
 .rodata.main.str1.1
                0x08004ac0       0x1b .pio\build\nucleo_f031k6\src\main.o
 .rodata.reset_eaten_ghosts.str1.1
                0x08004adb       0x3f .pio\build\nucleo_f031k6\src\main.o
 .rodata.blank_array
                0x08004b1a       0x80 .pio\build\nucleo_f031k6\src\texture_src\blank_textures.o
                0x08004b1a                blank_array
 .rodata.blinky_array
                0x08004b9a      0x200 .pio\build\nucleo_f031k6\src\texture_src\blinky_textures.o
                0x08004b9a                blinky_array
 .rodata.clyde_array
                0x08004d9a      0x200 .pio\build\nucleo_f031k6\src\texture_src\clyde_textures.o
                0x08004d9a                clyde_array
 .rodata.fright_ghost_array
                0x08004f9a       0x80 .pio\build\nucleo_f031k6\src\texture_src\fright_ghost_textures.o
                0x08004f9a                fright_ghost_array
 .rodata.inky_array
                0x0800501a      0x200 .pio\build\nucleo_f031k6\src\texture_src\inky_textures.o
                0x0800501a                inky_array
 .rodata.main_menu_array
                0x0800521a     0x1c80 .pio\build\nucleo_f031k6\src\texture_src\main_menu_title.o
                0x0800521a                main_menu_array
 .rodata.pacman_array
                0x08006e9a      0x400 .pio\build\nucleo_f031k6\src\texture_src\pacman_textures.o
                0x08006e9a                pacman_array
 .rodata.pickups_array
                0x0800729a      0x180 .pio\build\nucleo_f031k6\src\texture_src\pickups_textures.o
                0x0800729a                pickups_array
 .rodata.pinky_array
                0x0800741a      0x200 .pio\build\nucleo_f031k6\src\texture_src\pinky_textures.o
                0x0800741a                pinky_array
 .rodata.wall_array
                0x0800761a      0x580 .pio\build\nucleo_f031k6\src\texture_src\wall_textures.o
                0x0800761a                wall_array
 .rodata.compare_points.str1.1
                0x08007b9a       0xfd .pio\build\nucleo_f031k6\src\utils\point.o
 .rodata.copy_point_values.str1.1
                0x08007c97       0x49 .pio\build\nucleo_f031k6\src\utils\point.o
 .rodata.create_deep_copy.str1.1
                0x08007ce0       0x47 .pio\build\nucleo_f031k6\src\utils\point.o
 .rodata.create_point.str1.1
                0x08007d27       0x49 .pio\build\nucleo_f031k6\src\utils\point.o
 .rodata.destroy_point.str1.1
                0x08007d70       0x30 .pio\build\nucleo_f031k6\src\utils\point.o
 .rodata.get_x_point_coord.str1.1
                0x08007da0       0x47 .pio\build\nucleo_f031k6\src\utils\point.o
 .rodata.get_y_point_coord.str1.1
                0x08007de7       0x47 .pio\build\nucleo_f031k6\src\utils\point.o
 .rodata.set_point_coord.str1.1
                0x08007e2e       0x46 .pio\build\nucleo_f031k6\src\utils\point.o
 .rodata.set_x_point_coord.str1.1
                0x08007e74       0x47 .pio\build\nucleo_f031k6\src\utils\point.o
 .rodata.set_y_point_coord.str1.1
                0x08007ebb       0x47 .pio\build\nucleo_f031k6\src\utils\point.o
                0x08007f04                . = ALIGN (0x4)
 *fill*         0x08007f02        0x2 

.rel.dyn        0x08007f04        0x0
 .rel.iplt      0x08007f04        0x0 c:/users/lenovo/.platformio/packages/toolchain-gccarmnoneeabi/bin/../lib/gcc/arm-none-eabi/7.2.1/thumb/v6-m/crtbegin.o

.ARM.extab      0x08007f04        0x0
                0x08007f04                . = ALIGN (0x4)
 *(.ARM.extab* .gnu.linkonce.armextab.*)
                0x08007f04                . = ALIGN (0x4)

.ARM            0x08007f04        0x0
                0x08007f04                . = ALIGN (0x4)
                0x08007f04                __exidx_start = .
 *(.ARM.exidx*)
                0x08007f04                __exidx_end = .
                0x08007f04                . = ALIGN (0x4)

.preinit_array  0x08007f04        0x0
                0x08007f04                . = ALIGN (0x4)
                0x08007f04                PROVIDE (__preinit_array_start, .)
 *(.preinit_array*)
                0x08007f04                PROVIDE (__preinit_array_end, .)
                0x08007f04                . = ALIGN (0x4)

.init_array     0x08007f04        0x4
                0x08007f04                . = ALIGN (0x4)
                0x08007f04                PROVIDE (__init_array_start, .)
 *(SORT_BY_NAME(.init_array.*))
 *(.init_array*)
 .init_array    0x08007f04        0x4 c:/users/lenovo/.platformio/packages/toolchain-gccarmnoneeabi/bin/../lib/gcc/arm-none-eabi/7.2.1/thumb/v6-m/crtbegin.o
                0x08007f08                PROVIDE (__init_array_end, .)
                0x08007f08                . = ALIGN (0x4)

.fini_array     0x08007f08        0x4
                0x08007f08                . = ALIGN (0x4)
                [!provide]                PROVIDE (__fini_array_start, .)
 *(SORT_BY_NAME(.fini_array.*))
 *(.fini_array*)
 .fini_array    0x08007f08        0x4 c:/users/lenovo/.platformio/packages/toolchain-gccarmnoneeabi/bin/../lib/gcc/arm-none-eabi/7.2.1/thumb/v6-m/crtbegin.o
                [!provide]                PROVIDE (__fini_array_end, .)
                0x08007f0c                . = ALIGN (0x4)
                0x08007f0c                _sidata = LOADADDR (.data)

.data           0x20000000       0x6c load address 0x08007f0c
                0x20000000                . = ALIGN (0x4)
                0x20000000                _sdata = .
 *(.data)
 *(.data*)
 .data.feed_pointer.5499
                0x20000000        0x1 .pio\build\nucleo_f031k6\src\behaviours\entities&sprites\blinky.o
 .data.feed_pointer.5503
                0x20000001        0x1 .pio\build\nucleo_f031k6\src\behaviours\entities&sprites\clyde.o
 .data.feed_pointer.5534
                0x20000002        0x1 .pio\build\nucleo_f031k6\src\behaviours\entities&sprites\inky.o
 .data.feed_pointer.5513
                0x20000003        0x1 .pio\build\nucleo_f031k6\src\behaviours\entities&sprites\pinky.o
 .data.active_menu
                0x20000004        0x1 .pio\build\nucleo_f031k6\src\frontend&drawing\menu.o
 *fill*         0x20000005        0x3 
 .data._impure_ptr
                0x20000008        0x4 c:/users/lenovo/.platformio/packages/toolchain-gccarmnoneeabi/bin/../lib/gcc/arm-none-eabi/7.2.1/../../../../arm-none-eabi/lib/thumb/v6-m\libc_nano.a(lib_a-impure.o)
                0x20000008                _impure_ptr
 .data.impure_data
                0x2000000c       0x60 c:/users/lenovo/.platformio/packages/toolchain-gccarmnoneeabi/bin/../lib/gcc/arm-none-eabi/7.2.1/../../../../arm-none-eabi/lib/thumb/v6-m\libc_nano.a(lib_a-impure.o)
 *(.RamFunc)
 *(.RamFunc*)
                0x2000006c                . = ALIGN (0x4)
                0x2000006c                _edata = .

.igot.plt       0x2000006c        0x0 load address 0x08007f78
 .igot.plt      0x2000006c        0x0 c:/users/lenovo/.platformio/packages/toolchain-gccarmnoneeabi/bin/../lib/gcc/arm-none-eabi/7.2.1/thumb/v6-m/crtbegin.o
                0x2000006c                . = ALIGN (0x4)

.bss            0x2000006c      0x36c load address 0x08007f78
                0x2000006c                _sbss = .
                0x2000006c                __bss_start__ = _sbss
 *(.bss)
 .bss           0x2000006c       0x1c c:/users/lenovo/.platformio/packages/toolchain-gccarmnoneeabi/bin/../lib/gcc/arm-none-eabi/7.2.1/thumb/v6-m/crtbegin.o
 *(.bss*)
 .bss.current_blinky.5524
                0x20000088        0x4 .pio\build\nucleo_f031k6\src\behaviours\entities&sprites\blinky.o
 .bss.feed_cache.5498
                0x2000008c       0xc8 .pio\build\nucleo_f031k6\src\behaviours\entities&sprites\blinky.o
 .bss.current_clyde.5528
                0x20000154        0x4 .pio\build\nucleo_f031k6\src\behaviours\entities&sprites\clyde.o
 .bss.feed_cache.5502
                0x20000158       0xc8 .pio\build\nucleo_f031k6\src\behaviours\entities&sprites\clyde.o
 .bss.current_inky.5559
                0x20000220        0x4 .pio\build\nucleo_f031k6\src\behaviours\entities&sprites\inky.o
 .bss.feed_cache.5533
                0x20000224       0xc8 .pio\build\nucleo_f031k6\src\behaviours\entities&sprites\inky.o
 .bss.pacman.4847
                0x200002ec        0x4 .pio\build\nucleo_f031k6\src\behaviours\entities&sprites\pacman.o
 .bss.current_pinky.5538
                0x200002f0        0x4 .pio\build\nucleo_f031k6\src\behaviours\entities&sprites\pinky.o
 .bss.feed_cache.5512
                0x200002f4       0xc8 .pio\build\nucleo_f031k6\src\behaviours\entities&sprites\pinky.o
 .bss.flicker_switch.6591
                0x200003bc        0x1 .pio\build\nucleo_f031k6\src\frontend&drawing\draw_manager.o
 .bss.is_mouth_open
                0x200003bd        0x1 .pio\build\nucleo_f031k6\src\frontend&drawing\draw_manager.o
 .bss.cursor_position
                0x200003be        0x1 .pio\build\nucleo_f031k6\src\frontend&drawing\menu.o
 *fill*         0x200003bf        0x1 
 .bss.singleton_grid
                0x200003c0        0x4 .pio\build\nucleo_f031k6\src\grid.o
 .bss.__malloc_free_list
                0x200003c4        0x4 c:/users/lenovo/.platformio/packages/toolchain-gccarmnoneeabi/bin/../lib/gcc/arm-none-eabi/7.2.1/../../../../arm-none-eabi/lib/thumb/v6-m\libc_nano.a(lib_a-nano-mallocr.o)
                0x200003c4                __malloc_free_list
 .bss.__malloc_sbrk_start
                0x200003c8        0x4 c:/users/lenovo/.platformio/packages/toolchain-gccarmnoneeabi/bin/../lib/gcc/arm-none-eabi/7.2.1/../../../../arm-none-eabi/lib/thumb/v6-m\libc_nano.a(lib_a-nano-mallocr.o)
                0x200003c8                __malloc_sbrk_start
 .bss.heap_end.4102
                0x200003cc        0x4 c:/users/lenovo/.platformio/packages/toolchain-gccarmnoneeabi/bin/../lib/gcc/arm-none-eabi/7.2.1/../../../../arm-none-eabi/lib/thumb/v6-m\libnosys.a(sbrk.o)
 *(COMMON)
 COMMON         0x200003d0        0x4 .pio\build\nucleo_f031k6\src\utils\events.o
                0x200003d0                milliseconds
 COMMON         0x200003d4        0x4 c:/users/lenovo/.platformio/packages/toolchain-gccarmnoneeabi/bin/../lib/gcc/arm-none-eabi/7.2.1/../../../../arm-none-eabi/lib/thumb/v6-m\libc_nano.a(lib_a-reent.o)
                0x200003d4                errno
                0x200003d8                . = ALIGN (0x4)
                0x200003d8                _ebss = .
                0x200003d8                __bss_end__ = _ebss

._user_heap_stack
                0x200003d8      0x600 load address 0x08007f78
                0x200003d8                . = ALIGN (0x8)
                0x200003d8                PROVIDE (end, .)
                [!provide]                PROVIDE (_end, .)
                0x200005d8                . = (. + _Min_Heap_Size)
 *fill*         0x200003d8      0x200 
                0x200009d8                . = (. + _Min_Stack_Size)
 *fill*         0x200005d8      0x400 
                0x200009d8                . = ALIGN (0x8)

/DISCARD/
 libc.a(*)
 libm.a(*)
 libgcc.a(*)

.ARM.attributes
                0x00000000       0x28
 *(.ARM.attributes)
 .ARM.attributes
                0x00000000       0x1e c:/users/lenovo/.platformio/packages/toolchain-gccarmnoneeabi/bin/../lib/gcc/arm-none-eabi/7.2.1/thumb/v6-m/crti.o
 .ARM.attributes
                0x0000001e       0x2c c:/users/lenovo/.platformio/packages/toolchain-gccarmnoneeabi/bin/../lib/gcc/arm-none-eabi/7.2.1/thumb/v6-m/crtbegin.o
 .ARM.attributes
                0x0000004a       0x21 .pio\build\nucleo_f031k6\FrameworkCMSIS\gcc\startup_stm32f031x6.o
 .ARM.attributes
                0x0000006b       0x31 .pio\build\nucleo_f031k6\FrameworkCMSIS\system_stm32f0xx.o
 .ARM.attributes
                0x0000009c       0x31 .pio\build\nucleo_f031k6\src\behaviours\algo.o
 .ARM.attributes
                0x000000cd       0x31 .pio\build\nucleo_f031k6\src\behaviours\entities&sprites\blinky.o
 .ARM.attributes
                0x000000fe       0x31 .pio\build\nucleo_f031k6\src\behaviours\entities&sprites\clyde.o
 .ARM.attributes
                0x0000012f       0x31 .pio\build\nucleo_f031k6\src\behaviours\entities&sprites\ghosts.o
 .ARM.attributes
                0x00000160       0x31 .pio\build\nucleo_f031k6\src\behaviours\entities&sprites\inky.o
 .ARM.attributes
                0x00000191       0x31 .pio\build\nucleo_f031k6\src\behaviours\entities&sprites\pacman.o
 .ARM.attributes
                0x000001c2       0x31 .pio\build\nucleo_f031k6\src\behaviours\entities&sprites\pinky.o
 .ARM.attributes
                0x000001f3       0x31 .pio\build\nucleo_f031k6\src\frontend&drawing\display.o
 .ARM.attributes
                0x00000224       0x31 .pio\build\nucleo_f031k6\src\frontend&drawing\draw_manager.o
 .ARM.attributes
                0x00000255       0x31 .pio\build\nucleo_f031k6\src\frontend&drawing\menu.o
 .ARM.attributes
                0x00000286       0x31 .pio\build\nucleo_f031k6\src\grid.o
 .ARM.attributes
                0x000002b7       0x31 .pio\build\nucleo_f031k6\src\main.o
 .ARM.attributes
                0x000002e8       0x31 .pio\build\nucleo_f031k6\src\music&sound\sound.o
 .ARM.attributes
                0x00000319       0x31 .pio\build\nucleo_f031k6\src\serial.o
 .ARM.attributes
                0x0000034a       0x31 .pio\build\nucleo_f031k6\src\texture_src\blank_textures.o
 .ARM.attributes
                0x0000037b       0x31 .pio\build\nucleo_f031k6\src\texture_src\blinky_textures.o
 .ARM.attributes
                0x000003ac       0x31 .pio\build\nucleo_f031k6\src\texture_src\clyde_textures.o
 .ARM.attributes
                0x000003dd       0x31 .pio\build\nucleo_f031k6\src\texture_src\fright_ghost_textures.o
 .ARM.attributes
                0x0000040e       0x31 .pio\build\nucleo_f031k6\src\texture_src\inky_textures.o
 .ARM.attributes
                0x0000043f       0x31 .pio\build\nucleo_f031k6\src\texture_src\main_menu_title.o
 .ARM.attributes
                0x00000470       0x31 .pio\build\nucleo_f031k6\src\texture_src\pacman_textures.o
 .ARM.attributes
                0x000004a1       0x31 .pio\build\nucleo_f031k6\src\texture_src\pickups_textures.o
 .ARM.attributes
                0x000004d2       0x31 .pio\build\nucleo_f031k6\src\texture_src\pinky_textures.o
 .ARM.attributes
                0x00000503       0x31 .pio\build\nucleo_f031k6\src\texture_src\wall_textures.o
 .ARM.attributes
                0x00000534       0x31 .pio\build\nucleo_f031k6\src\utils\arr.o
 .ARM.attributes
                0x00000565       0x31 .pio\build\nucleo_f031k6\src\utils\events.o
 .ARM.attributes
                0x00000596       0x31 .pio\build\nucleo_f031k6\src\utils\point.o
 .ARM.attributes
                0x000005c7       0x2c c:/users/lenovo/.platformio/packages/toolchain-gccarmnoneeabi/bin/../lib/gcc/arm-none-eabi/7.2.1/../../../../arm-none-eabi/lib/thumb/v6-m\libc_nano.a(lib_a-calloc.o)
 .ARM.attributes
                0x000005f3       0x2c c:/users/lenovo/.platformio/packages/toolchain-gccarmnoneeabi/bin/../lib/gcc/arm-none-eabi/7.2.1/../../../../arm-none-eabi/lib/thumb/v6-m\libc_nano.a(lib_a-impure.o)
 .ARM.attributes
                0x0000061f       0x2c c:/users/lenovo/.platformio/packages/toolchain-gccarmnoneeabi/bin/../lib/gcc/arm-none-eabi/7.2.1/../../../../arm-none-eabi/lib/thumb/v6-m\libc_nano.a(lib_a-init.o)
 .ARM.attributes
                0x0000064b       0x2c c:/users/lenovo/.platformio/packages/toolchain-gccarmnoneeabi/bin/../lib/gcc/arm-none-eabi/7.2.1/../../../../arm-none-eabi/lib/thumb/v6-m\libc_nano.a(lib_a-malloc.o)
 .ARM.attributes
                0x00000677       0x2c c:/users/lenovo/.platformio/packages/toolchain-gccarmnoneeabi/bin/../lib/gcc/arm-none-eabi/7.2.1/../../../../arm-none-eabi/lib/thumb/v6-m\libc_nano.a(lib_a-memcpy-stub.o)
 .ARM.attributes
                0x000006a3       0x2c c:/users/lenovo/.platformio/packages/toolchain-gccarmnoneeabi/bin/../lib/gcc/arm-none-eabi/7.2.1/../../../../arm-none-eabi/lib/thumb/v6-m\libc_nano.a(lib_a-memset.o)
 .ARM.attributes
                0x000006cf       0x2c c:/users/lenovo/.platformio/packages/toolchain-gccarmnoneeabi/bin/../lib/gcc/arm-none-eabi/7.2.1/../../../../arm-none-eabi/lib/thumb/v6-m\libc_nano.a(lib_a-nano-callocr.o)
 .ARM.attributes
                0x000006fb       0x2c c:/users/lenovo/.platformio/packages/toolchain-gccarmnoneeabi/bin/../lib/gcc/arm-none-eabi/7.2.1/../../../../arm-none-eabi/lib/thumb/v6-m\libc_nano.a(lib_a-nano-freer.o)
 .ARM.attributes
                0x00000727       0x2c c:/users/lenovo/.platformio/packages/toolchain-gccarmnoneeabi/bin/../lib/gcc/arm-none-eabi/7.2.1/../../../../arm-none-eabi/lib/thumb/v6-m\libc_nano.a(lib_a-nano-mallocr.o)
 .ARM.attributes
                0x00000753       0x2c c:/users/lenovo/.platformio/packages/toolchain-gccarmnoneeabi/bin/../lib/gcc/arm-none-eabi/7.2.1/../../../../arm-none-eabi/lib/thumb/v6-m\libc_nano.a(lib_a-sbrkr.o)
 .ARM.attributes
                0x0000077f       0x2c c:/users/lenovo/.platformio/packages/toolchain-gccarmnoneeabi/bin/../lib/gcc/arm-none-eabi/7.2.1/../../../../arm-none-eabi/lib/thumb/v6-m\libc_nano.a(lib_a-mlock.o)
 .ARM.attributes
                0x000007ab       0x2c c:/users/lenovo/.platformio/packages/toolchain-gccarmnoneeabi/bin/../lib/gcc/arm-none-eabi/7.2.1/../../../../arm-none-eabi/lib/thumb/v6-m\libc_nano.a(lib_a-reent.o)
 .ARM.attributes
                0x000007d7       0x1e c:/users/lenovo/.platformio/packages/toolchain-gccarmnoneeabi/bin/../lib/gcc/arm-none-eabi/7.2.1/thumb/v6-m\libgcc.a(_thumb1_case_sqi.o)
 .ARM.attributes
                0x000007f5       0x1e c:/users/lenovo/.platformio/packages/toolchain-gccarmnoneeabi/bin/../lib/gcc/arm-none-eabi/7.2.1/thumb/v6-m\libgcc.a(_thumb1_case_uqi.o)
 .ARM.attributes
                0x00000813       0x1e c:/users/lenovo/.platformio/packages/toolchain-gccarmnoneeabi/bin/../lib/gcc/arm-none-eabi/7.2.1/thumb/v6-m\libgcc.a(_udivsi3.o)
 .ARM.attributes
                0x00000831       0x1e c:/users/lenovo/.platformio/packages/toolchain-gccarmnoneeabi/bin/../lib/gcc/arm-none-eabi/7.2.1/thumb/v6-m\libgcc.a(_divsi3.o)
 .ARM.attributes
                0x0000084f       0x1e c:/users/lenovo/.platformio/packages/toolchain-gccarmnoneeabi/bin/../lib/gcc/arm-none-eabi/7.2.1/thumb/v6-m\libgcc.a(_dvmd_tls.o)
 .ARM.attributes
                0x0000086d       0x2c c:/users/lenovo/.platformio/packages/toolchain-gccarmnoneeabi/bin/../lib/gcc/arm-none-eabi/7.2.1/../../../../arm-none-eabi/lib/thumb/v6-m\libnosys.a(sbrk.o)
 .ARM.attributes
                0x00000899       0x1e c:/users/lenovo/.platformio/packages/toolchain-gccarmnoneeabi/bin/../lib/gcc/arm-none-eabi/7.2.1/thumb/v6-m/crtn.o
OUTPUT(.pio\build\nucleo_f031k6\firmware.elf elf32-littlearm)

.comment        0x00000000       0x7e
 .comment       0x00000000       0x7e .pio\build\nucleo_f031k6\FrameworkCMSIS\system_stm32f0xx.o
                                 0x7f (size before relaxing)
 .comment       0x0000007e       0x7f .pio\build\nucleo_f031k6\src\behaviours\algo.o
 .comment       0x0000007e       0x7f .pio\build\nucleo_f031k6\src\behaviours\entities&sprites\blinky.o
 .comment       0x0000007e       0x7f .pio\build\nucleo_f031k6\src\behaviours\entities&sprites\clyde.o
 .comment       0x0000007e       0x7f .pio\build\nucleo_f031k6\src\behaviours\entities&sprites\ghosts.o
 .comment       0x0000007e       0x7f .pio\build\nucleo_f031k6\src\behaviours\entities&sprites\inky.o
 .comment       0x0000007e       0x7f .pio\build\nucleo_f031k6\src\behaviours\entities&sprites\pacman.o
 .comment       0x0000007e       0x7f .pio\build\nucleo_f031k6\src\behaviours\entities&sprites\pinky.o
 .comment       0x0000007e       0x7f .pio\build\nucleo_f031k6\src\frontend&drawing\display.o
 .comment       0x0000007e       0x7f .pio\build\nucleo_f031k6\src\frontend&drawing\draw_manager.o
 .comment       0x0000007e       0x7f .pio\build\nucleo_f031k6\src\frontend&drawing\menu.o
 .comment       0x0000007e       0x7f .pio\build\nucleo_f031k6\src\grid.o
 .comment       0x0000007e       0x7f .pio\build\nucleo_f031k6\src\main.o
 .comment       0x0000007e       0x7f .pio\build\nucleo_f031k6\src\music&sound\sound.o
 .comment       0x0000007e       0x7f .pio\build\nucleo_f031k6\src\serial.o
 .comment       0x0000007e       0x7f .pio\build\nucleo_f031k6\src\texture_src\blank_textures.o
 .comment       0x0000007e       0x7f .pio\build\nucleo_f031k6\src\texture_src\blinky_textures.o
 .comment       0x0000007e       0x7f .pio\build\nucleo_f031k6\src\texture_src\clyde_textures.o
 .comment       0x0000007e       0x7f .pio\build\nucleo_f031k6\src\texture_src\fright_ghost_textures.o
 .comment       0x0000007e       0x7f .pio\build\nucleo_f031k6\src\texture_src\inky_textures.o
 .comment       0x0000007e       0x7f .pio\build\nucleo_f031k6\src\texture_src\main_menu_title.o
 .comment       0x0000007e       0x7f .pio\build\nucleo_f031k6\src\texture_src\pacman_textures.o
 .comment       0x0000007e       0x7f .pio\build\nucleo_f031k6\src\texture_src\pickups_textures.o
 .comment       0x0000007e       0x7f .pio\build\nucleo_f031k6\src\texture_src\pinky_textures.o
 .comment       0x0000007e       0x7f .pio\build\nucleo_f031k6\src\texture_src\wall_textures.o
 .comment       0x0000007e       0x7f .pio\build\nucleo_f031k6\src\utils\arr.o
 .comment       0x0000007e       0x7f .pio\build\nucleo_f031k6\src\utils\events.o
 .comment       0x0000007e       0x7f .pio\build\nucleo_f031k6\src\utils\point.o

.debug_frame    0x00000000      0x264
 .debug_frame   0x00000000       0x28 c:/users/lenovo/.platformio/packages/toolchain-gccarmnoneeabi/bin/../lib/gcc/arm-none-eabi/7.2.1/../../../../arm-none-eabi/lib/thumb/v6-m\libc_nano.a(lib_a-calloc.o)
 .debug_frame   0x00000028       0x2c c:/users/lenovo/.platformio/packages/toolchain-gccarmnoneeabi/bin/../lib/gcc/arm-none-eabi/7.2.1/../../../../arm-none-eabi/lib/thumb/v6-m\libc_nano.a(lib_a-init.o)
 .debug_frame   0x00000054       0x40 c:/users/lenovo/.platformio/packages/toolchain-gccarmnoneeabi/bin/../lib/gcc/arm-none-eabi/7.2.1/../../../../arm-none-eabi/lib/thumb/v6-m\libc_nano.a(lib_a-malloc.o)
 .debug_frame   0x00000094       0x28 c:/users/lenovo/.platformio/packages/toolchain-gccarmnoneeabi/bin/../lib/gcc/arm-none-eabi/7.2.1/../../../../arm-none-eabi/lib/thumb/v6-m\libc_nano.a(lib_a-memcpy-stub.o)
 .debug_frame   0x000000bc       0x20 c:/users/lenovo/.platformio/packages/toolchain-gccarmnoneeabi/bin/../lib/gcc/arm-none-eabi/7.2.1/../../../../arm-none-eabi/lib/thumb/v6-m\libc_nano.a(lib_a-memset.o)
 .debug_frame   0x000000dc       0x2c c:/users/lenovo/.platformio/packages/toolchain-gccarmnoneeabi/bin/../lib/gcc/arm-none-eabi/7.2.1/../../../../arm-none-eabi/lib/thumb/v6-m\libc_nano.a(lib_a-nano-callocr.o)
 .debug_frame   0x00000108       0x2c c:/users/lenovo/.platformio/packages/toolchain-gccarmnoneeabi/bin/../lib/gcc/arm-none-eabi/7.2.1/../../../../arm-none-eabi/lib/thumb/v6-m\libc_nano.a(lib_a-nano-freer.o)
 .debug_frame   0x00000134       0x2c c:/users/lenovo/.platformio/packages/toolchain-gccarmnoneeabi/bin/../lib/gcc/arm-none-eabi/7.2.1/../../../../arm-none-eabi/lib/thumb/v6-m\libc_nano.a(lib_a-nano-mallocr.o)
 .debug_frame   0x00000160       0x2c c:/users/lenovo/.platformio/packages/toolchain-gccarmnoneeabi/bin/../lib/gcc/arm-none-eabi/7.2.1/../../../../arm-none-eabi/lib/thumb/v6-m\libc_nano.a(lib_a-sbrkr.o)
 .debug_frame   0x0000018c       0x30 c:/users/lenovo/.platformio/packages/toolchain-gccarmnoneeabi/bin/../lib/gcc/arm-none-eabi/7.2.1/../../../../arm-none-eabi/lib/thumb/v6-m\libc_nano.a(lib_a-mlock.o)
 .debug_frame   0x000001bc       0x48 c:/users/lenovo/.platformio/packages/toolchain-gccarmnoneeabi/bin/../lib/gcc/arm-none-eabi/7.2.1/../../../../arm-none-eabi/lib/thumb/v6-m\libc_nano.a(lib_a-reent.o)
 .debug_frame   0x00000204       0x20 c:/users/lenovo/.platformio/packages/toolchain-gccarmnoneeabi/bin/../lib/gcc/arm-none-eabi/7.2.1/thumb/v6-m\libgcc.a(_udivsi3.o)
 .debug_frame   0x00000224       0x20 c:/users/lenovo/.platformio/packages/toolchain-gccarmnoneeabi/bin/../lib/gcc/arm-none-eabi/7.2.1/thumb/v6-m\libgcc.a(_divsi3.o)
 .debug_frame   0x00000244       0x20 c:/users/lenovo/.platformio/packages/toolchain-gccarmnoneeabi/bin/../lib/gcc/arm-none-eabi/7.2.1/../../../../arm-none-eabi/lib/thumb/v6-m\libnosys.a(sbrk.o)

Cross Reference Table

Symbol                                            File
ADC1_IRQHandler                                   .pio\build\nucleo_f031k6\FrameworkCMSIS\gcc\startup_stm32f031x6.o
AHBPrescTable                                     .pio\build\nucleo_f031k6\FrameworkCMSIS\system_stm32f0xx.o
APBPrescTable                                     .pio\build\nucleo_f031k6\FrameworkCMSIS\system_stm32f0xx.o
DMA1_Channel1_IRQHandler                          .pio\build\nucleo_f031k6\FrameworkCMSIS\gcc\startup_stm32f031x6.o
DMA1_Channel2_3_IRQHandler                        .pio\build\nucleo_f031k6\FrameworkCMSIS\gcc\startup_stm32f031x6.o
DMA1_Channel4_5_IRQHandler                        .pio\build\nucleo_f031k6\FrameworkCMSIS\gcc\startup_stm32f031x6.o
Default_Handler                                   .pio\build\nucleo_f031k6\FrameworkCMSIS\gcc\startup_stm32f031x6.o
EXTI0_1_IRQHandler                                .pio\build\nucleo_f031k6\FrameworkCMSIS\gcc\startup_stm32f031x6.o
EXTI2_3_IRQHandler                                .pio\build\nucleo_f031k6\FrameworkCMSIS\gcc\startup_stm32f031x6.o
EXTI4_15_IRQHandler                               .pio\build\nucleo_f031k6\FrameworkCMSIS\gcc\startup_stm32f031x6.o
FLASH_IRQHandler                                  .pio\build\nucleo_f031k6\FrameworkCMSIS\gcc\startup_stm32f031x6.o
HardFault_Handler                                 .pio\build\nucleo_f031k6\FrameworkCMSIS\gcc\startup_stm32f031x6.o
I2C1_IRQHandler                                   .pio\build\nucleo_f031k6\FrameworkCMSIS\gcc\startup_stm32f031x6.o
NMI_Handler                                       .pio\build\nucleo_f031k6\FrameworkCMSIS\gcc\startup_stm32f031x6.o
PVD_IRQHandler                                    .pio\build\nucleo_f031k6\FrameworkCMSIS\gcc\startup_stm32f031x6.o
PendSV_Handler                                    .pio\build\nucleo_f031k6\FrameworkCMSIS\gcc\startup_stm32f031x6.o
RCC_IRQHandler                                    .pio\build\nucleo_f031k6\FrameworkCMSIS\gcc\startup_stm32f031x6.o
RGBToWord                                         .pio\build\nucleo_f031k6\src\frontend&drawing\display.o
RTC_IRQHandler                                    .pio\build\nucleo_f031k6\FrameworkCMSIS\gcc\startup_stm32f031x6.o
Reset_Handler                                     .pio\build\nucleo_f031k6\FrameworkCMSIS\gcc\startup_stm32f031x6.o
SET_UP_STM                                        .pio\build\nucleo_f031k6\src\utils\events.o
                                                  .pio\build\nucleo_f031k6\src\main.o
SPI1_IRQHandler                                   .pio\build\nucleo_f031k6\FrameworkCMSIS\gcc\startup_stm32f031x6.o
SVC_Handler                                       .pio\build\nucleo_f031k6\FrameworkCMSIS\gcc\startup_stm32f031x6.o
SysTick_Handler                                   .pio\build\nucleo_f031k6\src\utils\events.o
                                                  .pio\build\nucleo_f031k6\FrameworkCMSIS\gcc\startup_stm32f031x6.o
SystemCoreClock                                   .pio\build\nucleo_f031k6\FrameworkCMSIS\system_stm32f0xx.o
SystemCoreClockUpdate                             .pio\build\nucleo_f031k6\FrameworkCMSIS\system_stm32f0xx.o
SystemInit                                        .pio\build\nucleo_f031k6\FrameworkCMSIS\system_stm32f0xx.o
                                                  .pio\build\nucleo_f031k6\FrameworkCMSIS\gcc\startup_stm32f031x6.o
TIM14_IRQHandler                                  .pio\build\nucleo_f031k6\FrameworkCMSIS\gcc\startup_stm32f031x6.o
TIM16_IRQHandler                                  .pio\build\nucleo_f031k6\FrameworkCMSIS\gcc\startup_stm32f031x6.o
TIM17_IRQHandler                                  .pio\build\nucleo_f031k6\FrameworkCMSIS\gcc\startup_stm32f031x6.o
TIM1_BRK_UP_TRG_COM_IRQHandler                    .pio\build\nucleo_f031k6\FrameworkCMSIS\gcc\startup_stm32f031x6.o
TIM1_CC_IRQHandler                                .pio\build\nucleo_f031k6\FrameworkCMSIS\gcc\startup_stm32f031x6.o
TIM2_IRQHandler                                   .pio\build\nucleo_f031k6\FrameworkCMSIS\gcc\startup_stm32f031x6.o
TIM3_IRQHandler                                   .pio\build\nucleo_f031k6\FrameworkCMSIS\gcc\startup_stm32f031x6.o
USART1_IRQHandler                                 .pio\build\nucleo_f031k6\FrameworkCMSIS\gcc\startup_stm32f031x6.o
WWDG_IRQHandler                                   .pio\build\nucleo_f031k6\FrameworkCMSIS\gcc\startup_stm32f031x6.o
__aeabi_idiv                                      c:/users/lenovo/.platformio/packages/toolchain-gccarmnoneeabi/bin/../lib/gcc/arm-none-eabi/7.2.1/thumb/v6-m\libgcc.a(_divsi3.o)
                                                  .pio\build\nucleo_f031k6\src\serial.o
                                                  .pio\build\nucleo_f031k6\src\music&sound\sound.o
                                                  .pio\build\nucleo_f031k6\FrameworkCMSIS\system_stm32f0xx.o
__aeabi_idiv0                                     c:/users/lenovo/.platformio/packages/toolchain-gccarmnoneeabi/bin/../lib/gcc/arm-none-eabi/7.2.1/thumb/v6-m\libgcc.a(_dvmd_tls.o)
                                                  c:/users/lenovo/.platformio/packages/toolchain-gccarmnoneeabi/bin/../lib/gcc/arm-none-eabi/7.2.1/thumb/v6-m\libgcc.a(_divsi3.o)
                                                  c:/users/lenovo/.platformio/packages/toolchain-gccarmnoneeabi/bin/../lib/gcc/arm-none-eabi/7.2.1/thumb/v6-m\libgcc.a(_udivsi3.o)
__aeabi_idivmod                                   c:/users/lenovo/.platformio/packages/toolchain-gccarmnoneeabi/bin/../lib/gcc/arm-none-eabi/7.2.1/thumb/v6-m\libgcc.a(_divsi3.o)
                                                  .pio\build\nucleo_f031k6\src\serial.o
                                                  .pio\build\nucleo_f031k6\src\frontend&drawing\display.o
__aeabi_ldiv0                                     c:/users/lenovo/.platformio/packages/toolchain-gccarmnoneeabi/bin/../lib/gcc/arm-none-eabi/7.2.1/thumb/v6-m\libgcc.a(_dvmd_tls.o)
__aeabi_uidiv                                     c:/users/lenovo/.platformio/packages/toolchain-gccarmnoneeabi/bin/../lib/gcc/arm-none-eabi/7.2.1/thumb/v6-m\libgcc.a(_udivsi3.o)
                                                  .pio\build\nucleo_f031k6\src\music&sound\sound.o
                                                  .pio\build\nucleo_f031k6\src\frontend&drawing\display.o
                                                  .pio\build\nucleo_f031k6\FrameworkCMSIS\system_stm32f0xx.o
__aeabi_uidivmod                                  c:/users/lenovo/.platformio/packages/toolchain-gccarmnoneeabi/bin/../lib/gcc/arm-none-eabi/7.2.1/thumb/v6-m\libgcc.a(_udivsi3.o)
                                                  .pio\build\nucleo_f031k6\src\frontend&drawing\display.o
__bss_end__                                       c:/users/lenovo/.platformio/packages/toolchain-gccarmnoneeabi/bin/../lib/gcc/arm-none-eabi/7.2.1/../../../../arm-none-eabi/lib/thumb/v6-m/crt0.o
__bss_start__                                     c:/users/lenovo/.platformio/packages/toolchain-gccarmnoneeabi/bin/../lib/gcc/arm-none-eabi/7.2.1/../../../../arm-none-eabi/lib/thumb/v6-m/crt0.o
__call_exitprocs                                  c:/users/lenovo/.platformio/packages/toolchain-gccarmnoneeabi/bin/../lib/gcc/arm-none-eabi/7.2.1/../../../../arm-none-eabi/lib/thumb/v6-m\libc_nano.a(lib_a-exit.o)
__deregister_frame_info                           c:/users/lenovo/.platformio/packages/toolchain-gccarmnoneeabi/bin/../lib/gcc/arm-none-eabi/7.2.1/thumb/v6-m/crtbegin.o
__divsi3                                          c:/users/lenovo/.platformio/packages/toolchain-gccarmnoneeabi/bin/../lib/gcc/arm-none-eabi/7.2.1/thumb/v6-m\libgcc.a(_divsi3.o)
__dso_handle                                      c:/users/lenovo/.platformio/packages/toolchain-gccarmnoneeabi/bin/../lib/gcc/arm-none-eabi/7.2.1/thumb/v6-m/crtbegin.o
__gnu_thumb1_case_sqi                             c:/users/lenovo/.platformio/packages/toolchain-gccarmnoneeabi/bin/../lib/gcc/arm-none-eabi/7.2.1/thumb/v6-m\libgcc.a(_thumb1_case_sqi.o)
                                                  .pio\build\nucleo_f031k6\src\frontend&drawing\draw_manager.o
__gnu_thumb1_case_uqi                             c:/users/lenovo/.platformio/packages/toolchain-gccarmnoneeabi/bin/../lib/gcc/arm-none-eabi/7.2.1/thumb/v6-m\libgcc.a(_thumb1_case_uqi.o)
                                                  .pio\build\nucleo_f031k6\src\utils\events.o
                                                  .pio\build\nucleo_f031k6\src\main.o
                                                  .pio\build\nucleo_f031k6\src\frontend&drawing\menu.o
                                                  .pio\build\nucleo_f031k6\src\frontend&drawing\draw_manager.o
__init_array_end                                  c:/users/lenovo/.platformio/packages/toolchain-gccarmnoneeabi/bin/../lib/gcc/arm-none-eabi/7.2.1/../../../../arm-none-eabi/lib/thumb/v6-m\libc_nano.a(lib_a-init.o)
__init_array_start                                c:/users/lenovo/.platformio/packages/toolchain-gccarmnoneeabi/bin/../lib/gcc/arm-none-eabi/7.2.1/../../../../arm-none-eabi/lib/thumb/v6-m\libc_nano.a(lib_a-init.o)
__libc_fini_array                                 c:/users/lenovo/.platformio/packages/toolchain-gccarmnoneeabi/bin/../lib/gcc/arm-none-eabi/7.2.1/../../../../arm-none-eabi/lib/thumb/v6-m/crt0.o
__libc_init_array                                 c:/users/lenovo/.platformio/packages/toolchain-gccarmnoneeabi/bin/../lib/gcc/arm-none-eabi/7.2.1/../../../../arm-none-eabi/lib/thumb/v6-m\libc_nano.a(lib_a-init.o)
                                                  .pio\build\nucleo_f031k6\FrameworkCMSIS\gcc\startup_stm32f031x6.o
                                                  c:/users/lenovo/.platformio/packages/toolchain-gccarmnoneeabi/bin/../lib/gcc/arm-none-eabi/7.2.1/../../../../arm-none-eabi/lib/thumb/v6-m/crt0.o
__malloc_free_list                                c:/users/lenovo/.platformio/packages/toolchain-gccarmnoneeabi/bin/../lib/gcc/arm-none-eabi/7.2.1/../../../../arm-none-eabi/lib/thumb/v6-m\libc_nano.a(lib_a-nano-mallocr.o)
                                                  c:/users/lenovo/.platformio/packages/toolchain-gccarmnoneeabi/bin/../lib/gcc/arm-none-eabi/7.2.1/../../../../arm-none-eabi/lib/thumb/v6-m\libc_nano.a(lib_a-nano-freer.o)
__malloc_lock                                     c:/users/lenovo/.platformio/packages/toolchain-gccarmnoneeabi/bin/../lib/gcc/arm-none-eabi/7.2.1/../../../../arm-none-eabi/lib/thumb/v6-m\libc_nano.a(lib_a-mlock.o)
                                                  c:/users/lenovo/.platformio/packages/toolchain-gccarmnoneeabi/bin/../lib/gcc/arm-none-eabi/7.2.1/../../../../arm-none-eabi/lib/thumb/v6-m\libc_nano.a(lib_a-nano-mallocr.o)
                                                  c:/users/lenovo/.platformio/packages/toolchain-gccarmnoneeabi/bin/../lib/gcc/arm-none-eabi/7.2.1/../../../../arm-none-eabi/lib/thumb/v6-m\libc_nano.a(lib_a-nano-freer.o)
__malloc_sbrk_start                               c:/users/lenovo/.platformio/packages/toolchain-gccarmnoneeabi/bin/../lib/gcc/arm-none-eabi/7.2.1/../../../../arm-none-eabi/lib/thumb/v6-m\libc_nano.a(lib_a-nano-mallocr.o)
__malloc_unlock                                   c:/users/lenovo/.platformio/packages/toolchain-gccarmnoneeabi/bin/../lib/gcc/arm-none-eabi/7.2.1/../../../../arm-none-eabi/lib/thumb/v6-m\libc_nano.a(lib_a-mlock.o)
                                                  c:/users/lenovo/.platformio/packages/toolchain-gccarmnoneeabi/bin/../lib/gcc/arm-none-eabi/7.2.1/../../../../arm-none-eabi/lib/thumb/v6-m\libc_nano.a(lib_a-nano-mallocr.o)
                                                  c:/users/lenovo/.platformio/packages/toolchain-gccarmnoneeabi/bin/../lib/gcc/arm-none-eabi/7.2.1/../../../../arm-none-eabi/lib/thumb/v6-m\libc_nano.a(lib_a-nano-freer.o)
__preinit_array_end                               c:/users/lenovo/.platformio/packages/toolchain-gccarmnoneeabi/bin/../lib/gcc/arm-none-eabi/7.2.1/../../../../arm-none-eabi/lib/thumb/v6-m\libc_nano.a(lib_a-init.o)
__preinit_array_start                             c:/users/lenovo/.platformio/packages/toolchain-gccarmnoneeabi/bin/../lib/gcc/arm-none-eabi/7.2.1/../../../../arm-none-eabi/lib/thumb/v6-m\libc_nano.a(lib_a-init.o)
__register_frame_info                             c:/users/lenovo/.platformio/packages/toolchain-gccarmnoneeabi/bin/../lib/gcc/arm-none-eabi/7.2.1/thumb/v6-m/crtbegin.o
__sf_fake_stderr                                  c:/users/lenovo/.platformio/packages/toolchain-gccarmnoneeabi/bin/../lib/gcc/arm-none-eabi/7.2.1/../../../../arm-none-eabi/lib/thumb/v6-m\libc_nano.a(lib_a-impure.o)
__sf_fake_stdin                                   c:/users/lenovo/.platformio/packages/toolchain-gccarmnoneeabi/bin/../lib/gcc/arm-none-eabi/7.2.1/../../../../arm-none-eabi/lib/thumb/v6-m\libc_nano.a(lib_a-impure.o)
__sf_fake_stdout                                  c:/users/lenovo/.platformio/packages/toolchain-gccarmnoneeabi/bin/../lib/gcc/arm-none-eabi/7.2.1/../../../../arm-none-eabi/lib/thumb/v6-m\libc_nano.a(lib_a-impure.o)
__stack                                           c:/users/lenovo/.platformio/packages/toolchain-gccarmnoneeabi/bin/../lib/gcc/arm-none-eabi/7.2.1/../../../../arm-none-eabi/lib/thumb/v6-m/crt0.o
__udivsi3                                         c:/users/lenovo/.platformio/packages/toolchain-gccarmnoneeabi/bin/../lib/gcc/arm-none-eabi/7.2.1/thumb/v6-m\libgcc.a(_udivsi3.o)
_blinky                                           .pio\build\nucleo_f031k6\src\behaviours\entities&sprites\blinky.o
                                                  .pio\build\nucleo_f031k6\src\main.o
_blinky_feed_next                                 .pio\build\nucleo_f031k6\src\behaviours\entities&sprites\blinky.o
                                                  .pio\build\nucleo_f031k6\src\main.o
_calloc_r                                         c:/users/lenovo/.platformio/packages/toolchain-gccarmnoneeabi/bin/../lib/gcc/arm-none-eabi/7.2.1/../../../../arm-none-eabi/lib/thumb/v6-m\libc_nano.a(lib_a-nano-callocr.o)
                                                  c:/users/lenovo/.platformio/packages/toolchain-gccarmnoneeabi/bin/../lib/gcc/arm-none-eabi/7.2.1/../../../../arm-none-eabi/lib/thumb/v6-m\libc_nano.a(lib_a-calloc.o)
_clyde                                            .pio\build\nucleo_f031k6\src\behaviours\entities&sprites\clyde.o
                                                  .pio\build\nucleo_f031k6\src\main.o
_clyde_feed_next                                  .pio\build\nucleo_f031k6\src\behaviours\entities&sprites\clyde.o
                                                  .pio\build\nucleo_f031k6\src\main.o
_ebss                                             .pio\build\nucleo_f031k6\FrameworkCMSIS\gcc\startup_stm32f031x6.o
_edata                                            .pio\build\nucleo_f031k6\FrameworkCMSIS\gcc\startup_stm32f031x6.o
_estack                                           .pio\build\nucleo_f031k6\FrameworkCMSIS\gcc\startup_stm32f031x6.o
_exit                                             c:/users/lenovo/.platformio/packages/toolchain-gccarmnoneeabi/bin/../lib/gcc/arm-none-eabi/7.2.1/../../../../arm-none-eabi/lib/thumb/v6-m\libnosys.a(_exit.o)
                                                  c:/users/lenovo/.platformio/packages/toolchain-gccarmnoneeabi/bin/../lib/gcc/arm-none-eabi/7.2.1/../../../../arm-none-eabi/lib/thumb/v6-m\libc_nano.a(lib_a-exit.o)
_fini                                             c:/users/lenovo/.platformio/packages/toolchain-gccarmnoneeabi/bin/../lib/gcc/arm-none-eabi/7.2.1/thumb/v6-m/crti.o
_free_r                                           c:/users/lenovo/.platformio/packages/toolchain-gccarmnoneeabi/bin/../lib/gcc/arm-none-eabi/7.2.1/../../../../arm-none-eabi/lib/thumb/v6-m\libc_nano.a(lib_a-nano-freer.o)
                                                  c:/users/lenovo/.platformio/packages/toolchain-gccarmnoneeabi/bin/../lib/gcc/arm-none-eabi/7.2.1/../../../../arm-none-eabi/lib/thumb/v6-m\libc_nano.a(lib_a-reent.o)
                                                  c:/users/lenovo/.platformio/packages/toolchain-gccarmnoneeabi/bin/../lib/gcc/arm-none-eabi/7.2.1/../../../../arm-none-eabi/lib/thumb/v6-m\libc_nano.a(lib_a-malloc.o)
_global_impure_ptr                                c:/users/lenovo/.platformio/packages/toolchain-gccarmnoneeabi/bin/../lib/gcc/arm-none-eabi/7.2.1/../../../../arm-none-eabi/lib/thumb/v6-m\libc_nano.a(lib_a-impure.o)
                                                  c:/users/lenovo/.platformio/packages/toolchain-gccarmnoneeabi/bin/../lib/gcc/arm-none-eabi/7.2.1/../../../../arm-none-eabi/lib/thumb/v6-m\libc_nano.a(lib_a-exit.o)
_impure_ptr                                       c:/users/lenovo/.platformio/packages/toolchain-gccarmnoneeabi/bin/../lib/gcc/arm-none-eabi/7.2.1/../../../../arm-none-eabi/lib/thumb/v6-m\libc_nano.a(lib_a-impure.o)
                                                  c:/users/lenovo/.platformio/packages/toolchain-gccarmnoneeabi/bin/../lib/gcc/arm-none-eabi/7.2.1/../../../../arm-none-eabi/lib/thumb/v6-m\libc_nano.a(lib_a-reent.o)
                                                  c:/users/lenovo/.platformio/packages/toolchain-gccarmnoneeabi/bin/../lib/gcc/arm-none-eabi/7.2.1/../../../../arm-none-eabi/lib/thumb/v6-m\libc_nano.a(lib_a-malloc.o)
                                                  c:/users/lenovo/.platformio/packages/toolchain-gccarmnoneeabi/bin/../lib/gcc/arm-none-eabi/7.2.1/../../../../arm-none-eabi/lib/thumb/v6-m\libc_nano.a(lib_a-calloc.o)
_init                                             c:/users/lenovo/.platformio/packages/toolchain-gccarmnoneeabi/bin/../lib/gcc/arm-none-eabi/7.2.1/thumb/v6-m/crti.o
                                                  c:/users/lenovo/.platformio/packages/toolchain-gccarmnoneeabi/bin/../lib/gcc/arm-none-eabi/7.2.1/../../../../arm-none-eabi/lib/thumb/v6-m\libc_nano.a(lib_a-init.o)
_inky                                             .pio\build\nucleo_f031k6\src\behaviours\entities&sprites\inky.o
                                                  .pio\build\nucleo_f031k6\src\main.o
_inky_feed_next                                   .pio\build\nucleo_f031k6\src\behaviours\entities&sprites\inky.o
                                                  .pio\build\nucleo_f031k6\src\main.o
_mainCRTStartup                                   c:/users/lenovo/.platformio/packages/toolchain-gccarmnoneeabi/bin/../lib/gcc/arm-none-eabi/7.2.1/../../../../arm-none-eabi/lib/thumb/v6-m/crt0.o
_malloc_r                                         c:/users/lenovo/.platformio/packages/toolchain-gccarmnoneeabi/bin/../lib/gcc/arm-none-eabi/7.2.1/../../../../arm-none-eabi/lib/thumb/v6-m\libc_nano.a(lib_a-nano-mallocr.o)
                                                  c:/users/lenovo/.platformio/packages/toolchain-gccarmnoneeabi/bin/../lib/gcc/arm-none-eabi/7.2.1/../../../../arm-none-eabi/lib/thumb/v6-m\libc_nano.a(lib_a-nano-callocr.o)
                                                  c:/users/lenovo/.platformio/packages/toolchain-gccarmnoneeabi/bin/../lib/gcc/arm-none-eabi/7.2.1/../../../../arm-none-eabi/lib/thumb/v6-m\libc_nano.a(lib_a-malloc.o)
_pacman                                           .pio\build\nucleo_f031k6\src\behaviours\entities&sprites\pacman.o
                                                  .pio\build\nucleo_f031k6\src\main.o
_pinky                                            .pio\build\nucleo_f031k6\src\behaviours\entities&sprites\pinky.o
                                                  .pio\build\nucleo_f031k6\src\main.o
_pinky_feed_next                                  .pio\build\nucleo_f031k6\src\behaviours\entities&sprites\pinky.o
                                                  .pio\build\nucleo_f031k6\src\main.o
_reclaim_reent                                    c:/users/lenovo/.platformio/packages/toolchain-gccarmnoneeabi/bin/../lib/gcc/arm-none-eabi/7.2.1/../../../../arm-none-eabi/lib/thumb/v6-m\libc_nano.a(lib_a-reent.o)
_sbrk                                             c:/users/lenovo/.platformio/packages/toolchain-gccarmnoneeabi/bin/../lib/gcc/arm-none-eabi/7.2.1/../../../../arm-none-eabi/lib/thumb/v6-m\libnosys.a(sbrk.o)
                                                  c:/users/lenovo/.platformio/packages/toolchain-gccarmnoneeabi/bin/../lib/gcc/arm-none-eabi/7.2.1/../../../../arm-none-eabi/lib/thumb/v6-m\libc_nano.a(lib_a-sbrkr.o)
_sbrk_r                                           c:/users/lenovo/.platformio/packages/toolchain-gccarmnoneeabi/bin/../lib/gcc/arm-none-eabi/7.2.1/../../../../arm-none-eabi/lib/thumb/v6-m\libc_nano.a(lib_a-sbrkr.o)
                                                  c:/users/lenovo/.platformio/packages/toolchain-gccarmnoneeabi/bin/../lib/gcc/arm-none-eabi/7.2.1/../../../../arm-none-eabi/lib/thumb/v6-m\libc_nano.a(lib_a-nano-mallocr.o)
_sbss                                             .pio\build\nucleo_f031k6\FrameworkCMSIS\gcc\startup_stm32f031x6.o
_sdata                                            .pio\build\nucleo_f031k6\FrameworkCMSIS\gcc\startup_stm32f031x6.o
_sidata                                           .pio\build\nucleo_f031k6\FrameworkCMSIS\gcc\startup_stm32f031x6.o
_start                                            c:/users/lenovo/.platformio/packages/toolchain-gccarmnoneeabi/bin/../lib/gcc/arm-none-eabi/7.2.1/../../../../arm-none-eabi/lib/thumb/v6-m/crt0.o
add_grid_state                                    .pio\build\nucleo_f031k6\src\grid.o
                                                  .pio\build\nucleo_f031k6\src\main.o
add_grid_state_point                              .pio\build\nucleo_f031k6\src\grid.o
                                                  .pio\build\nucleo_f031k6\src\main.o
atexit                                            c:/users/lenovo/.platformio/packages/toolchain-gccarmnoneeabi/bin/../lib/gcc/arm-none-eabi/7.2.1/../../../../arm-none-eabi/lib/thumb/v6-m/crt0.o
blank_array                                       .pio\build\nucleo_f031k6\src\texture_src\blank_textures.o
                                                  .pio\build\nucleo_f031k6\src\frontend&drawing\draw_manager.o
blinky_array                                      .pio\build\nucleo_f031k6\src\texture_src\blinky_textures.o
                                                  .pio\build\nucleo_f031k6\src\frontend&drawing\draw_manager.o
calculate_heuristics_h                            .pio\build\nucleo_f031k6\src\behaviours\algo.o
calloc                                            c:/users/lenovo/.platformio/packages/toolchain-gccarmnoneeabi/bin/../lib/gcc/arm-none-eabi/7.2.1/../../../../arm-none-eabi/lib/thumb/v6-m\libc_nano.a(lib_a-calloc.o)
                                                  .pio\build\nucleo_f031k6\src\utils\point.o
check_if_eat_ghost_real_time                      .pio\build\nucleo_f031k6\src\main.o
check_if_eat_ghost_static                         .pio\build\nucleo_f031k6\src\main.o
cleanup_glue                                      c:/users/lenovo/.platformio/packages/toolchain-gccarmnoneeabi/bin/../lib/gcc/arm-none-eabi/7.2.1/../../../../arm-none-eabi/lib/thumb/v6-m\libc_nano.a(lib_a-reent.o)
clear                                             .pio\build\nucleo_f031k6\src\frontend&drawing\display.o
clyde_array                                       .pio\build\nucleo_f031k6\src\texture_src\clyde_textures.o
                                                  .pio\build\nucleo_f031k6\src\frontend&drawing\draw_manager.o
compare_grid_states                               .pio\build\nucleo_f031k6\src\grid.o
compare_grid_states_point                         .pio\build\nucleo_f031k6\src\grid.o
compare_points                                    .pio\build\nucleo_f031k6\src\utils\point.o
                                                  .pio\build\nucleo_f031k6\src\utils\arr.o
                                                  .pio\build\nucleo_f031k6\src\main.o
                                                  .pio\build\nucleo_f031k6\src\behaviours\entities&sprites\clyde.o
                                                  .pio\build\nucleo_f031k6\src\behaviours\algo.o
copy_point_values                                 .pio\build\nucleo_f031k6\src\utils\point.o
                                                  .pio\build\nucleo_f031k6\src\main.o
copy_point_x                                      .pio\build\nucleo_f031k6\src\utils\point.o
copy_point_y                                      .pio\build\nucleo_f031k6\src\utils\point.o
create_deep_copy                                  .pio\build\nucleo_f031k6\src\utils\point.o
                                                  .pio\build\nucleo_f031k6\src\main.o
                                                  .pio\build\nucleo_f031k6\src\behaviours\entities&sprites\pinky.o
                                                  .pio\build\nucleo_f031k6\src\behaviours\entities&sprites\inky.o
                                                  .pio\build\nucleo_f031k6\src\behaviours\entities&sprites\clyde.o
                                                  .pio\build\nucleo_f031k6\src\behaviours\entities&sprites\blinky.o
create_ghost                                      .pio\build\nucleo_f031k6\src\behaviours\entities&sprites\ghosts.o
                                                  .pio\build\nucleo_f031k6\src\behaviours\entities&sprites\pinky.o
                                                  .pio\build\nucleo_f031k6\src\behaviours\entities&sprites\inky.o
                                                  .pio\build\nucleo_f031k6\src\behaviours\entities&sprites\clyde.o
                                                  .pio\build\nucleo_f031k6\src\behaviours\entities&sprites\blinky.o
create_point                                      .pio\build\nucleo_f031k6\src\utils\point.o
                                                  .pio\build\nucleo_f031k6\src\main.o
                                                  .pio\build\nucleo_f031k6\src\behaviours\entities&sprites\pinky.o
                                                  .pio\build\nucleo_f031k6\src\behaviours\entities&sprites\pacman.o
                                                  .pio\build\nucleo_f031k6\src\behaviours\entities&sprites\inky.o
                                                  .pio\build\nucleo_f031k6\src\behaviours\entities&sprites\clyde.o
                                                  .pio\build\nucleo_f031k6\src\behaviours\entities&sprites\blinky.o
                                                  .pio\build\nucleo_f031k6\src\behaviours\algo.o
create_reset_grid                                 .pio\build\nucleo_f031k6\src\grid.o
                                                  .pio\build\nucleo_f031k6\src\main.o
create_singleton_grid                             .pio\build\nucleo_f031k6\src\grid.o
delay                                             .pio\build\nucleo_f031k6\src\utils\events.o
                                                  .pio\build\nucleo_f031k6\src\main.o
                                                  .pio\build\nucleo_f031k6\src\frontend&drawing\draw_manager.o
                                                  .pio\build\nucleo_f031k6\src\frontend&drawing\display.o
delete_ghost                                      .pio\build\nucleo_f031k6\src\behaviours\entities&sprites\ghosts.o
destroy_grid                                      .pio\build\nucleo_f031k6\src\grid.o
                                                  .pio\build\nucleo_f031k6\src\frontend&drawing\draw_manager.o
destroy_point                                     .pio\build\nucleo_f031k6\src\utils\point.o
                                                  .pio\build\nucleo_f031k6\src\main.o
display_begin                                     .pio\build\nucleo_f031k6\src\frontend&drawing\display.o
                                                  .pio\build\nucleo_f031k6\src\utils\events.o
display_life_LED                                  .pio\build\nucleo_f031k6\src\utils\events.o
drawCircle                                        .pio\build\nucleo_f031k6\src\frontend&drawing\display.o
drawLine                                          .pio\build\nucleo_f031k6\src\frontend&drawing\display.o
drawRectangle                                     .pio\build\nucleo_f031k6\src\frontend&drawing\display.o
draw_current_page                                 .pio\build\nucleo_f031k6\src\frontend&drawing\draw_manager.o