Archive member included to satisfy reference by file (symbol)

c:/users/lenovo/.platformio/packages/toolchain-gccarmnoneeabi/bin/../lib/gcc/arm-none-eabi/7.2.1/../../../../arm-none-eabi/lib/thumb/v6-m\libc_nano.a(lib_a-calloc.o)
                              .pio\build\nucleo_f031k6\src\utils\point.o (calloc)
c:/users/lenovo/.platformio/packages/toolchain-gccarmnoneeabi/bin/../lib/gcc/arm-none-eabi/7.2.1/../../../../arm-none-eabi/lib/thumb/v6-m\libc_nano.a(lib_a-exit.o)
                              c:/users/lenovo/.platformio/packages/toolchain-gccarmnoneeabi/bin/../lib/gcc/arm-none-eabi/7.2.1/../../../../arm-none-eabi/lib/thumb/v6-m/crt0.o (exit)
c:/users/lenovo/.platformio/packages/toolchain-gccarmnoneeabi/bin/../lib/gcc/arm-none-eabi/7.2.1/../../../../arm-none-eabi/lib/thumb/v6-m\libc_nano.a(lib_a-impure.o)
                              c:/users/lenovo/.platformio/packages/toolchain-gccarmnoneeabi/bin/../lib/gcc/arm-none-eabi/7.2.1/../../../../arm-none-eabi/lib/thumb/v6-m\libc_nano.a(lib_a-exit.o) (_global_impure_ptr)
c:/users/lenovo/.platformio/packages/toolchain-gccarmnoneeabi/bin/../lib/gcc/arm-none-eabi/7.2.1/../../../../arm-none-eabi/lib/thumb/v6-m\libc_nano.a(lib_a-init.o)
                              c:/users/lenovo/.platformio/packages/toolchain-gccarmnoneeabi/bin/../lib/gcc/arm-none-eabi/7.2.1/../../../../arm-none-eabi/lib/thumb/v6-m/crt0.o (__libc_init_array)
c:/users/lenovo/.platformio/packages/toolchain-gccarmnoneeabi/bin/../lib/gcc/arm-none-eabi/7.2.1/../../../../arm-none-eabi/lib/thumb/v6-m\libc_nano.a(lib_a-malloc.o)
                              .pio\build\nucleo_f031k6\src\behaviours\entities&sprites\ghosts.o (malloc)
c:/users/lenovo/.platformio/packages/toolchain-gccarmnoneeabi/bin/../lib/gcc/arm-none-eabi/7.2.1/../../../../arm-none-eabi/lib/thumb/v6-m\libc_nano.a(lib_a-memcpy-stub.o)
                              .pio\build\nucleo_f031k6\src\frontend&drawing\draw_manager.o (memcpy)
c:/users/lenovo/.platformio/packages/toolchain-gccarmnoneeabi/bin/../lib/gcc/arm-none-eabi/7.2.1/../../../../arm-none-eabi/lib/thumb/v6-m\libc_nano.a(lib_a-memset.o)
                              c:/users/lenovo/.platformio/packages/toolchain-gccarmnoneeabi/bin/../lib/gcc/arm-none-eabi/7.2.1/../../../../arm-none-eabi/lib/thumb/v6-m/crt0.o (memset)
c:/users/lenovo/.platformio/packages/toolchain-gccarmnoneeabi/bin/../lib/gcc/arm-none-eabi/7.2.1/../../../../arm-none-eabi/lib/thumb/v6-m\libc_nano.a(lib_a-nano-callocr.o)
                              c:/users/lenovo/.platformio/packages/toolchain-gccarmnoneeabi/bin/../lib/gcc/arm-none-eabi/7.2.1/../../../../arm-none-eabi/lib/thumb/v6-m\libc_nano.a(lib_a-calloc.o) (_calloc_r)
c:/users/lenovo/.platformio/packages/toolchain-gccarmnoneeabi/bin/../lib/gcc/arm-none-eabi/7.2.1/../../../../arm-none-eabi/lib/thumb/v6-m\libc_nano.a(lib_a-nano-freer.o)
                              c:/users/lenovo/.platformio/packages/toolchain-gccarmnoneeabi/bin/../lib/gcc/arm-none-eabi/7.2.1/../../../../arm-none-eabi/lib/thumb/v6-m\libc_nano.a(lib_a-malloc.o) (_free_r)
c:/users/lenovo/.platformio/packages/toolchain-gccarmnoneeabi/bin/../lib/gcc/arm-none-eabi/7.2.1/../../../../arm-none-eabi/lib/thumb/v6-m\libc_nano.a(lib_a-nano-mallocr.o)
                              c:/users/lenovo/.platformio/packages/toolchain-gccarmnoneeabi/bin/../lib/gcc/arm-none-eabi/7.2.1/../../../../arm-none-eabi/lib/thumb/v6-m\libc_nano.a(lib_a-malloc.o) (_malloc_r)
c:/users/lenovo/.platformio/packages/toolchain-gccarmnoneeabi/bin/../lib/gcc/arm-none-eabi/7.2.1/../../../../arm-none-eabi/lib/thumb/v6-m\libc_nano.a(lib_a-sbrkr.o)
                              c:/users/lenovo/.platformio/packages/toolchain-gccarmnoneeabi/bin/../lib/gcc/arm-none-eabi/7.2.1/../../../../arm-none-eabi/lib/thumb/v6-m\libc_nano.a(lib_a-nano-mallocr.o) (_sbrk_r)
c:/users/lenovo/.platformio/packages/toolchain-gccarmnoneeabi/bin/../lib/gcc/arm-none-eabi/7.2.1/../../../../arm-none-eabi/lib/thumb/v6-m\libc_nano.a(lib_a-mlock.o)
                              c:/users/lenovo/.platformio/packages/toolchain-gccarmnoneeabi/bin/../lib/gcc/arm-none-eabi/7.2.1/../../../../arm-none-eabi/lib/thumb/v6-m\libc_nano.a(lib_a-nano-freer.o) (__malloc_lock)
c:/users/lenovo/.platformio/packages/toolchain-gccarmnoneeabi/bin/../lib/gcc/arm-none-eabi/7.2.1/../../../../arm-none-eabi/lib/thumb/v6-m\libc_nano.a(lib_a-reent.o)
                              c:/users/lenovo/.platformio/packages/toolchain-gccarmnoneeabi/bin/../lib/gcc/arm-none-eabi/7.2.1/../../../../arm-none-eabi/lib/thumb/v6-m\libc_nano.a(lib_a-sbrkr.o) (errno)
c:/users/lenovo/.platformio/packages/toolchain-gccarmnoneeabi/bin/../lib/gcc/arm-none-eabi/7.2.1/thumb/v6-m\libgcc.a(_thumb1_case_sqi.o)
                              .pio\build\nucleo_f031k6\src\frontend&drawing\draw_manager.o (__gnu_thumb1_case_sqi)
c:/users/lenovo/.platformio/packages/toolchain-gccarmnoneeabi/bin/../lib/gcc/arm-none-eabi/7.2.1/thumb/v6-m\libgcc.a(_thumb1_case_uqi.o)
[...]
Memory Configuration

Name             Origin             Length             Attributes
RAM              0x20000000         0x00001000         xrw
FLASH            0x08000000         0x00008000         xr
*default*        0x00000000         0xffffffff

Linker script and memory map

LOAD c:/users/lenovo/.platformio/packages/toolchain-gccarmnoneeabi/bin/../lib/gcc/arm-none-eabi/7.2.1/thumb/v6-m/crti.o
LOAD c:/users/lenovo/.platformio/packages/toolchain-gccarmnoneeabi/bin/../lib/gcc/arm-none-eabi/7.2.1/thumb/v6-m/crtbegin.o
LOAD c:/users/lenovo/.platformio/packages/toolchain-gccarmnoneeabi/bin/../lib/gcc/arm-none-eabi/7.2.1/../../../../arm-none-eabi/lib/thumb/v6-m/crt0.o
LOAD .pio\build\nucleo_f031k6\FrameworkCMSIS\gcc\startup_stm32f031x6.o
LOAD .pio\build\nucleo_f031k6\FrameworkCMSIS\system_stm32f0xx.o
LOAD .pio\build\nucleo_f031k6\src\behaviours\algo.o
LOAD .pio\build\nucleo_f031k6\src\behaviours\entities&sprites\blinky.o
LOAD .pio\build\nucleo_f031k6\src\behaviours\entities&sprites\clyde.o
LOAD .pio\build\nucleo_f031k6\src\behaviours\entities&sprites\ghosts.o
LOAD .pio\build\nucleo_f031k6\src\behaviours\entities&sprites\inky.o
LOAD .pio\build\nucleo_f031k6\src\behaviours\entities&sprites\pacman.o
LOAD .pio\build\nucleo_f031k6\src\behaviours\entities&sprites\pinky.o
LOAD .pio\build\nucleo_f031k6\src\frontend&drawing\display.o
LOAD .pio\build\nucleo_f031k6\src\frontend&drawing\draw_manager.o
LOAD .pio\build\nucleo_f031k6\src\frontend&drawing\menu.o
LOAD .pio\build\nucleo_f031k6\src\grid.o
LOAD .pio\build\nucleo_f031k6\src\main.o
LOAD .pio\build\nucleo_f031k6\src\music&sound\sound.o
LOAD .pio\build\nucleo_f031k6\src\music&sound\tones.o
LOAD .pio\build\nucleo_f031k6\src\serial.o
LOAD .pio\build\nucleo_f031k6\src\texture_src\blank_textures.o
LOAD .pio\build\nucleo_f031k6\src\texture_src\blinky_textures.o
LOAD .pio\build\nucleo_f031k6\src\texture_src\clyde_textures.o
LOAD .pio\build\nucleo_f031k6\src\texture_src\fright_ghost_textures.o
LOAD .pio\build\nucleo_f031k6\src\texture_src\inky_textures.o
LOAD .pio\build\nucleo_f031k6\src\texture_src\main_menu_title.o
LOAD .pio\build\nucleo_f031k6\src\texture_src\pacman_textures.o
LOAD .pio\build\nucleo_f031k6\src\texture_src\pickups_textures.o
LOAD .pio\build\nucleo_f031k6\src\texture_src\pinky_textures.o
LOAD .pio\build\nucleo_f031k6\src\texture_src\wall_textures.o
LOAD .pio\build\nucleo_f031k6\src\utils\arr.o
LOAD .pio\build\nucleo_f031k6\src\utils\events.o
LOAD .pio\build\nucleo_f031k6\src\utils\point.o
LOAD .pio\build\nucleo_f031k6\src\utils\random.o
LOAD .pio\build\nucleo_f031k6\src\utils\store.o
START GROUP
LOAD c:/users/lenovo/.platformio/packages/toolchain-gccarmnoneeabi/bin/../lib/gcc/arm-none-eabi/7.2.1/../../../../arm-none-eabi/lib/thumb/v6-m\libc_nano.a
LOAD c:/users/lenovo/.platformio/packages/toolchain-gccarmnoneeabi/bin/../lib/gcc/arm-none-eabi/7.2.1/thumb/v6-m\libgcc.a
LOAD c:/users/lenovo/.platformio/packages/toolchain-gccarmnoneeabi/bin/../lib/gcc/arm-none-eabi/7.2.1/../../../../arm-none-eabi/lib/thumb/v6-m\libm.a
LOAD c:/users/lenovo/.platformio/packages/toolchain-gccarmnoneeabi/bin/../lib/gcc/arm-none-eabi/7.2.1/../../../../arm-none-eabi/lib/thumb/v6-m\libstdc++_nano.a
END GROUP
START GROUP
LOAD c:/users/lenovo/.platformio/packages/toolchain-gccarmnoneeabi/bin/../lib/gcc/arm-none-eabi/7.2.1/thumb/v6-m\libgcc.a
LOAD c:/users/lenovo/.platformio/packages/toolchain-gccarmnoneeabi/bin/../lib/gcc/arm-none-eabi/7.2.1/../../../../arm-none-eabi/lib/thumb/v6-m\libc_nano.a
END GROUP
START GROUP
LOAD c:/users/lenovo/.platformio/packages/toolchain-gccarmnoneeabi/bin/../lib/gcc/arm-none-eabi/7.2.1/thumb/v6-m\libgcc.a
LOAD c:/users/lenovo/.platformio/packages/toolchain-gccarmnoneeabi/bin/../lib/gcc/arm-none-eabi/7.2.1/../../../../arm-none-eabi/lib/thumb/v6-m\libc_nano.a
LOAD c:/users/lenovo/.platformio/packages/toolchain-gccarmnoneeabi/bin/../lib/gcc/arm-none-eabi/7.2.1/../../../../arm-none-eabi/lib/thumb/v6-m\libnosys.a
END GROUP
START GROUP
LOAD c:/users/lenovo/.platformio/packages/toolchain-gccarmnoneeabi/bin/../lib/gcc/arm-none-eabi/7.2.1/thumb/v6-m\libgcc.a
LOAD c:/users/lenovo/.platformio/packages/toolchain-gccarmnoneeabi/bin/../lib/gcc/arm-none-eabi/7.2.1/../../../../arm-none-eabi/lib/thumb/v6-m\libc_nano.a
LOAD c:/users/lenovo/.platformio/packages/toolchain-gccarmnoneeabi/bin/../lib/gcc/arm-none-eabi/7.2.1/../../../../arm-none-eabi/lib/thumb/v6-m\libnosys.a
END GROUP
LOAD c:/users/lenovo/.platformio/packages/toolchain-gccarmnoneeabi/bin/../lib/gcc/arm-none-eabi/7.2.1/thumb/v6-m/crtend.o
LOAD c:/users/lenovo/.platformio/packages/toolchain-gccarmnoneeabi/bin/../lib/gcc/arm-none-eabi/7.2.1/thumb/v6-m/crtn.o
                0x20001000                _estack = (ORIGIN (RAM) + LENGTH (RAM))
                0x00000200                _Min_Heap_Size = 0x200
                0x00000400                _Min_Stack_Size = 0x400

.isr_vector     0x08000000       0xc0
                0x08000000                . = ALIGN (0x4)
 *(.isr_vector)
 .isr_vector    0x08000000       0xc0 .pio\build\nucleo_f031k6\FrameworkCMSIS\gcc\startup_stm32f031x6.o
                0x08000000                g_pfnVectors
                0x080000c0                . = ALIGN (0x4)

.text           0x080000c0     0x3cb4
                0x080000c0                . = ALIGN (0x4)
 *(.text)
 .text          0x080000c0       0x48 c:/users/lenovo/.platformio/packages/toolchain-gccarmnoneeabi/bin/../lib/gcc/arm-none-eabi/7.2.1/thumb/v6-m/crtbegin.o
 .text          0x08000108       0x14 c:/users/lenovo/.platformio/packages/toolchain-gccarmnoneeabi/bin/../lib/gcc/arm-none-eabi/7.2.1/thumb/v6-m\libgcc.a(_thumb1_case_sqi.o)
                0x08000108                __gnu_thumb1_case_sqi
 .text          0x0800011c       0x14 c:/users/lenovo/.platformio/packages/toolchain-gccarmnoneeabi/bin/../lib/gcc/arm-none-eabi/7.2.1/thumb/v6-m\libgcc.a(_thumb1_case_uqi.o)
                0x0800011c                __gnu_thumb1_case_uqi
 .text          0x08000130      0x114 c:/users/lenovo/.platformio/packages/toolchain-gccarmnoneeabi/bin/../lib/gcc/arm-none-eabi/7.2.1/thumb/v6-m\libgcc.a(_udivsi3.o)
                0x08000130                __aeabi_uidiv
                0x08000130                __udivsi3
                0x0800023c                __aeabi_uidivmod
 .text          0x08000244        0x4 c:/users/lenovo/.platformio/packages/toolchain-gccarmnoneeabi/bin/../lib/gcc/arm-none-eabi/7.2.1/thumb/v6-m\libgcc.a(_dvmd_tls.o)
                0x08000244                __aeabi_idiv0
                0x08000244                __aeabi_ldiv0
 .text          0x08000248       0x40 c:/users/lenovo/.platformio/packages/toolchain-gccarmnoneeabi/bin/../lib/gcc/arm-none-eabi/7.2.1/thumb/v6-m\libgcc.a(_aeabi_uldivmod.o)
                0x08000248                __aeabi_uldivmod
 .text          0x08000288       0x54 c:/users/lenovo/.platformio/packages/toolchain-gccarmnoneeabi/bin/../lib/gcc/arm-none-eabi/7.2.1/thumb/v6-m\libgcc.a(_muldi3.o)
                0x08000288                __muldi3
                0x08000288                __aeabi_lmul
 .text          0x080002dc      0x184 c:/users/lenovo/.platformio/packages/toolchain-gccarmnoneeabi/bin/../lib/gcc/arm-none-eabi/7.2.1/thumb/v6-m\libgcc.a(_udivmoddi4.o)
                0x080002dc                __udivmoddi4
 .text          0x08000460       0x18 c:/users/lenovo/.platformio/packages/toolchain-gccarmnoneeabi/bin/../lib/gcc/arm-none-eabi/7.2.1/thumb/v6-m\libgcc.a(_clzdi2.o)
                0x08000460                __clzdi2
 .text          0x08000478       0x3c c:/users/lenovo/.platformio/packages/toolchain-gccarmnoneeabi/bin/../lib/gcc/arm-none-eabi/7.2.1/thumb/v6-m\libgcc.a(_clzsi2.o)
                0x08000478                __clzsi2
 *(.text*)
 .text.Reset_Handler
                0x080004b4       0x50 .pio\build\nucleo_f031k6\FrameworkCMSIS\gcc\startup_stm32f031x6.o
                0x080004b4                Reset_Handler
 .text.Default_Handler
                0x08000504        0x2 .pio\build\nucleo_f031k6\FrameworkCMSIS\gcc\startup_stm32f031x6.o
                0x08000504                TIM1_CC_IRQHandler
                0x08000504                HardFault_Handler
                0x08000504                PVD_IRQHandler
                0x08000504                PendSV_Handler
                0x08000504                NMI_Handler
                0x08000504                I2C1_IRQHandler
                0x08000504                SPI1_IRQHandler
                0x08000504                EXTI2_3_IRQHandler
                0x08000504                ADC1_IRQHandler
                0x08000504                TIM17_IRQHandler
                0x08000504                RTC_IRQHandler
                0x08000504                TIM16_IRQHandler
                0x08000504                TIM3_IRQHandler
                0x08000504                EXTI4_15_IRQHandler
                0x08000504                RCC_IRQHandler
                0x08000504                DMA1_Channel1_IRQHandler
                0x08000504                Default_Handler
                0x08000504                TIM14_IRQHandler
                0x08000504                DMA1_Channel4_5_IRQHandler
                0x08000504                EXTI0_1_IRQHandler
                0x08000504                SVC_Handler
                0x08000504                WWDG_IRQHandler
                0x08000504                TIM2_IRQHandler
                0x08000504                DMA1_Channel2_3_IRQHandler
                0x08000504                FLASH_IRQHandler
                0x08000504                USART1_IRQHandler
                0x08000504                TIM1_BRK_UP_TRG_COM_IRQHandler
 .text.SystemInit
                0x08000506        0x2 .pio\build\nucleo_f031k6\FrameworkCMSIS\system_stm32f0xx.o
                0x08000506                SystemInit
 .text.calculate_heuristics_h
                0x08000508       0x4e .pio\build\nucleo_f031k6\src\behaviours\algo.o
                0x08000508                calculate_heuristics_h
 .text.find_smallest_heuristic_node
                0x08000556       0x8a .pio\build\nucleo_f031k6\src\behaviours\algo.o
                0x08000556                find_smallest_heuristic_node
 .text.trace_path_a_star
                0x080005e0      0x250 .pio\build\nucleo_f031k6\src\behaviours\algo.o
                0x080005e0                trace_path_a_star
 .text._blinky  0x08000830       0x44 .pio\build\nucleo_f031k6\src\behaviours\entities&sprites\blinky.o
                0x08000830                _blinky
 .text.get_blinky_scatter_position
                0x08000874        0xe .pio\build\nucleo_f031k6\src\behaviours\entities&sprites\blinky.o
                0x08000874                get_blinky_scatter_position
 .text.get_blinky_position
                0x08000882        0xe .pio\build\nucleo_f031k6\src\behaviours\entities&sprites\blinky.o
                0x08000882                get_blinky_position
 .text._blinky.part.0
                0x08000890       0x24 .pio\build\nucleo_f031k6\src\behaviours\entities&sprites\blinky.o
 .text.set_blinky_position
                0x080008b4       0x16 .pio\build\nucleo_f031k6\src\behaviours\entities&sprites\blinky.o
                0x080008b4                set_blinky_position
 .text.get_blinky_mode
                0x080008ca        0xe .pio\build\nucleo_f031k6\src\behaviours\entities&sprites\blinky.o
                0x080008ca                get_blinky_mode
 .text.get_blinky_target_position
                0x080008d8       0x46 .pio\build\nucleo_f031k6\src\behaviours\entities&sprites\blinky.o
                0x080008d8                get_blinky_target_position
 .text.set_blinky_mode
                0x0800091e       0x12 .pio\build\nucleo_f031k6\src\behaviours\entities&sprites\blinky.o
                0x0800091e                set_blinky_mode
 .text.get_blinky_behaviour_change
                0x08000930        0xe .pio\build\nucleo_f031k6\src\behaviours\entities&sprites\blinky.o
                0x08000930                get_blinky_behaviour_change
 .text.set_blinky_behaviour_change
                0x0800093e       0x12 .pio\build\nucleo_f031k6\src\behaviours\entities&sprites\blinky.o
                0x0800093e                set_blinky_behaviour_change
 .text._blinky_feed_next
                0x08000950       0x94 .pio\build\nucleo_f031k6\src\behaviours\entities&sprites\blinky.o
                0x08000950                _blinky_feed_next
 .text.destroy_blinky
                0x080009e4        0xa .pio\build\nucleo_f031k6\src\behaviours\entities&sprites\blinky.o
                0x080009e4                destroy_blinky
 *fill*         0x080009ee        0x2 
 .text._clyde   0x080009f0       0x44 .pio\build\nucleo_f031k6\src\behaviours\entities&sprites\clyde.o
                0x080009f0                _clyde
 .text.get_clyde_scatter_position
                0x08000a34        0xe .pio\build\nucleo_f031k6\src\behaviours\entities&sprites\clyde.o
                0x08000a34                get_clyde_scatter_position
 .text.get_clyde_position
                0x08000a42        0xe .pio\build\nucleo_f031k6\src\behaviours\entities&sprites\clyde.o
                0x08000a42                get_clyde_position
 .text._clyde.part.0
                0x08000a50       0x24 .pio\build\nucleo_f031k6\src\behaviours\entities&sprites\clyde.o
 .text.set_clyde_position
                0x08000a74       0x16 .pio\build\nucleo_f031k6\src\behaviours\entities&sprites\clyde.o
                0x08000a74                set_clyde_position
 .text.get_clyde_mode
                0x08000a8a        0xe .pio\build\nucleo_f031k6\src\behaviours\entities&sprites\clyde.o
                0x08000a8a                get_clyde_mode
 .text.get_clyde_target_position
                0x08000a98       0x90 .pio\build\nucleo_f031k6\src\behaviours\entities&sprites\clyde.o
                0x08000a98                get_clyde_target_position
 .text.set_clyde_mode
                0x08000b28       0x12 .pio\build\nucleo_f031k6\src\behaviours\entities&sprites\clyde.o
                0x08000b28                set_clyde_mode
 .text.get_clyde_behaviour_change
                0x08000b3a        0xe .pio\build\nucleo_f031k6\src\behaviours\entities&sprites\clyde.o
                0x08000b3a                get_clyde_behaviour_change
 .text.set_clyde_behaviour_change
                0x08000b48       0x12 .pio\build\nucleo_f031k6\src\behaviours\entities&sprites\clyde.o
                0x08000b48                set_clyde_behaviour_change
 *fill*         0x08000b5a        0x2 
 .text._clyde_feed_next
                0x08000b5c       0x94 .pio\build\nucleo_f031k6\src\behaviours\entities&sprites\clyde.o
                0x08000b5c                _clyde_feed_next
 .text.destroy_clyde
                0x08000bf0        0xa .pio\build\nucleo_f031k6\src\behaviours\entities&sprites\clyde.o
                0x08000bf0                destroy_clyde
 .text.create_ghost
                0x08000bfa       0x22 .pio\build\nucleo_f031k6\src\behaviours\entities&sprites\ghosts.o
                0x08000bfa                create_ghost
 .text.get_ghost_scatter_position
                0x08000c1c        0x4 .pio\build\nucleo_f031k6\src\behaviours\entities&sprites\ghosts.o
                0x08000c1c                get_ghost_scatter_position
 .text.get_ghost_position
                0x08000c20        0x4 .pio\build\nucleo_f031k6\src\behaviours\entities&sprites\ghosts.o
                0x08000c20                get_ghost_position
 .text.set_ghost_position
                0x08000c24       0x48 .pio\build\nucleo_f031k6\src\behaviours\entities&sprites\ghosts.o
                0x08000c24                set_ghost_position
 .text.get_ghost_mode
                0x08000c6c        0x4 .pio\build\nucleo_f031k6\src\behaviours\entities&sprites\ghosts.o
                0x08000c6c                get_ghost_mode
 .text.set_ghost_mode
                0x08000c70        0x8 .pio\build\nucleo_f031k6\src\behaviours\entities&sprites\ghosts.o
                0x08000c70                set_ghost_mode
 .text.get_ghost_behaviour_change
                0x08000c78        0x4 .pio\build\nucleo_f031k6\src\behaviours\entities&sprites\ghosts.o
                0x08000c78                get_ghost_behaviour_change
 .text.set_ghost_behaviour
                0x08000c7c        0x4 .pio\build\nucleo_f031k6\src\behaviours\entities&sprites\ghosts.o
                0x08000c7c                set_ghost_behaviour
 .text._inky    0x08000c80       0x44 .pio\build\nucleo_f031k6\src\behaviours\entities&sprites\inky.o
                0x08000c80                _inky
 .text.get_inky_scatter_position
                0x08000cc4        0xe .pio\build\nucleo_f031k6\src\behaviours\entities&sprites\inky.o
                0x08000cc4                get_inky_scatter_position
 .text.get_inky_position
                0x08000cd2        0xe .pio\build\nucleo_f031k6\src\behaviours\entities&sprites\inky.o
                0x08000cd2                get_inky_position
 .text._inky.part.0
                0x08000ce0       0x24 .pio\build\nucleo_f031k6\src\behaviours\entities&sprites\inky.o
 .text.set_inky_position
                0x08000d04       0x16 .pio\build\nucleo_f031k6\src\behaviours\entities&sprites\inky.o
                0x08000d04                set_inky_position
 .text.get_inky_mode
                0x08000d1a        0xe .pio\build\nucleo_f031k6\src\behaviours\entities&sprites\inky.o
                0x08000d1a                get_inky_mode
 .text.get_inky_target_position
                0x08000d28      0x140 .pio\build\nucleo_f031k6\src\behaviours\entities&sprites\inky.o
                0x08000d28                get_inky_target_position
 .text.set_inky_mode
                0x08000e68       0x12 .pio\build\nucleo_f031k6\src\behaviours\entities&sprites\inky.o
                0x08000e68                set_inky_mode
 .text.get_inky_behaviour_change
                0x08000e7a        0xe .pio\build\nucleo_f031k6\src\behaviours\entities&sprites\inky.o
                0x08000e7a                get_inky_behaviour_change
 .text.set_inky_behaviour_change
                0x08000e88       0x12 .pio\build\nucleo_f031k6\src\behaviours\entities&sprites\inky.o
                0x08000e88                set_inky_behaviour_change
 *fill*         0x08000e9a        0x2 
 .text._inky_feed_next
                0x08000e9c       0x94 .pio\build\nucleo_f031k6\src\behaviours\entities&sprites\inky.o
                0x08000e9c                _inky_feed_next
 .text.destroy_inky
                0x08000f30        0xa .pio\build\nucleo_f031k6\src\behaviours\entities&sprites\inky.o
                0x08000f30                destroy_inky
 *fill*         0x08000f3a        0x2 
 .text._pacman.part.0
                0x08000f3c       0x1c .pio\build\nucleo_f031k6\src\behaviours\entities&sprites\pacman.o
 .text._pacman  0x08000f58       0x40 .pio\build\nucleo_f031k6\src\behaviours\entities&sprites\pacman.o
                0x08000f58                _pacman
 .text.get_pacman_state
                0x08000f98        0xc .pio\build\nucleo_f031k6\src\behaviours\entities&sprites\pacman.o
                0x08000f98                get_pacman_state
 .text.set_pacman_state
                0x08000fa4        0xe .pio\build\nucleo_f031k6\src\behaviours\entities&sprites\pacman.o
                0x08000fa4                set_pacman_state
 .text.get_pacman_position
                0x08000fb2        0xc .pio\build\nucleo_f031k6\src\behaviours\entities&sprites\pacman.o
                0x08000fb2                get_pacman_position
 .text.set_pacman_position
                0x08000fbe       0x18 .pio\build\nucleo_f031k6\src\behaviours\entities&sprites\pacman.o
                0x08000fbe                set_pacman_position
 *fill*         0x08000fd6        0x2 
 .text.get_pacman_direction
                0x08000fd8       0x34 .pio\build\nucleo_f031k6\src\behaviours\entities&sprites\pacman.o
                0x08000fd8                get_pacman_direction
 .text.get_pac_dx
                0x0800100c        0xe .pio\build\nucleo_f031k6\src\behaviours\entities&sprites\pacman.o
                0x0800100c                get_pac_dx
 .text.get_pac_dy
                0x0800101a        0xe .pio\build\nucleo_f031k6\src\behaviours\entities&sprites\pacman.o
                0x0800101a                get_pac_dy
 .text.set_pacman_direction
                0x08001028       0x38 .pio\build\nucleo_f031k6\src\behaviours\entities&sprites\pacman.o
                0x08001028                set_pacman_direction
 .text.get_pacman_life
                0x08001060        0xc .pio\build\nucleo_f031k6\src\behaviours\entities&sprites\pacman.o
                0x08001060                get_pacman_life
 .text.set_pacman_life
                0x0800106c       0x18 .pio\build\nucleo_f031k6\src\behaviours\entities&sprites\pacman.o
                0x0800106c                set_pacman_life
 .text.destroy_pacman
                0x08001084        0xa .pio\build\nucleo_f031k6\src\behaviours\entities&sprites\pacman.o
                0x08001084                destroy_pacman
 *fill*         0x0800108e        0x2 
 .text._pinky   0x08001090       0x44 .pio\build\nucleo_f031k6\src\behaviours\entities&sprites\pinky.o
                0x08001090                _pinky
 .text.get_pinky_scatter_position
                0x080010d4        0xe .pio\build\nucleo_f031k6\src\behaviours\entities&sprites\pinky.o
                0x080010d4                get_pinky_scatter_position
 .text.get_pinky_position
                0x080010e2        0xe .pio\build\nucleo_f031k6\src\behaviours\entities&sprites\pinky.o
                0x080010e2                get_pinky_position
 .text._pinky.part.0
                0x080010f0       0x24 .pio\build\nucleo_f031k6\src\behaviours\entities&sprites\pinky.o
 .text.set_pinky_position
                0x08001114       0x16 .pio\build\nucleo_f031k6\src\behaviours\entities&sprites\pinky.o
                0x08001114                set_pinky_position
 .text.get_pinky_mode
                0x0800112a        0xe .pio\build\nucleo_f031k6\src\behaviours\entities&sprites\pinky.o
                0x0800112a                get_pinky_mode
 .text.get_pinky_target_position
                0x08001138       0xd0 .pio\build\nucleo_f031k6\src\behaviours\entities&sprites\pinky.o
                0x08001138                get_pinky_target_position
 .text.set_pinky_mode
                0x08001208       0x12 .pio\build\nucleo_f031k6\src\behaviours\entities&sprites\pinky.o
                0x08001208                set_pinky_mode
 .text.get_pinky_behaviour_change
                0x0800121a        0xe .pio\build\nucleo_f031k6\src\behaviours\entities&sprites\pinky.o
                0x0800121a                get_pinky_behaviour_change
 .text.set_pinky_behaviour_change
                0x08001228       0x12 .pio\build\nucleo_f031k6\src\behaviours\entities&sprites\pinky.o
                0x08001228                set_pinky_behaviour_change
 *fill*         0x0800123a        0x2 
 .text._pinky_feed_next
                0x0800123c       0x94 .pio\build\nucleo_f031k6\src\behaviours\entities&sprites\pinky.o
                0x0800123c                _pinky_feed_next
 .text.destroy_pinky
                0x080012d0        0xa .pio\build\nucleo_f031k6\src\behaviours\entities&sprites\pinky.o
                0x080012d0                destroy_pinky
 .text.CSLow    0x080012da        0xe .pio\build\nucleo_f031k6\src\frontend&drawing\display.o
 .text.CSHigh   0x080012e8        0xe .pio\build\nucleo_f031k6\src\frontend&drawing\display.o
 .text.DCHigh   0x080012f6        0xe .pio\build\nucleo_f031k6\src\frontend&drawing\display.o
 .text.transferSPI8
                0x08001304       0x3c .pio\build\nucleo_f031k6\src\frontend&drawing\display.o
 .text.command  0x08001340       0x14 .pio\build\nucleo_f031k6\src\frontend&drawing\display.o
 .text.data     0x08001354       0x10 .pio\build\nucleo_f031k6\src\frontend&drawing\display.o
 .text.openAperture
                0x08001364       0x4e .pio\build\nucleo_f031k6\src\frontend&drawing\display.o
 *fill*         0x080013b2        0x2 
 .text.transferSPI16
                0x080013b4       0x38 .pio\build\nucleo_f031k6\src\frontend&drawing\display.o
 .text.fillRectangle
                0x080013ec       0x2c .pio\build\nucleo_f031k6\src\frontend&drawing\display.o
                0x080013ec                fillRectangle
 .text.display_begin
                0x08001418      0x260 .pio\build\nucleo_f031k6\src\frontend&drawing\display.o
                0x08001418                display_begin
 .text.putPixel
                0x08001678       0x1c .pio\build\nucleo_f031k6\src\frontend&drawing\display.o
                0x08001678                putPixel
 .text.putColumn
                0x08001694       0x2a .pio\build\nucleo_f031k6\src\frontend&drawing\display.o
                0x08001694                putColumn
 .text.putRow   0x080016be       0x2a .pio\build\nucleo_f031k6\src\frontend&drawing\display.o
                0x080016be                putRow
 .text.putImage
                0x080016e8       0xe8 .pio\build\nucleo_f031k6\src\frontend&drawing\display.o
                0x080016e8                putImage
 .text.printText
                0x080017d0       0x98 .pio\build\nucleo_f031k6\src\frontend&drawing\display.o
                0x080017d0                printText
 .text.printTextX2
                0x08001868       0xa0 .pio\build\nucleo_f031k6\src\frontend&drawing\display.o
                0x08001868                printTextX2
 .text.printNumber
                0x08001908       0x80 .pio\build\nucleo_f031k6\src\frontend&drawing\display.o
                0x08001908                printNumber
 .text.redraw_entire_grid
                0x08001988      0x198 .pio\build\nucleo_f031k6\src\frontend&drawing\draw_manager.o
                0x08001988                redraw_entire_grid
 .text.redraw_white_text
                0x08001b20       0x98 .pio\build\nucleo_f031k6\src\frontend&drawing\draw_manager.o
                0x08001b20                redraw_white_text
 .text.draw_home_page
                0x08001bb8       0x78 .pio\build\nucleo_f031k6\src\frontend&drawing\draw_manager.o
                0x08001bb8                draw_home_page
 .text.draw_pause_menu
                0x08001c30       0x6c .pio\build\nucleo_f031k6\src\frontend&drawing\draw_manager.o
                0x08001c30                draw_pause_menu
 .text.flicker_text
                0x08001c9c      0x134 .pio\build\nucleo_f031k6\src\frontend&drawing\draw_manager.o
                0x08001c9c                flicker_text
 .text.draw_current_page
                0x08001dd0       0x24 .pio\build\nucleo_f031k6\src\frontend&drawing\draw_manager.o
                0x08001dd0                draw_current_page
 .text.point_at_entity_texture
                0x08001df4      0x170 .pio\build\nucleo_f031k6\src\frontend&drawing\draw_manager.o
                0x08001df4                point_at_entity_texture
 .text.point_at_static_texture
                0x08001f64       0x78 .pio\build\nucleo_f031k6\src\frontend&drawing\draw_manager.o
                0x08001f64                point_at_static_texture
 .text.move_entities
                0x08001fdc      0x4cc .pio\build\nucleo_f031k6\src\frontend&drawing\draw_manager.o
                0x08001fdc                move_entities
 .text.eat_ghost
                0x080024a8       0xf0 .pio\build\nucleo_f031k6\src\frontend&drawing\draw_manager.o
                0x080024a8                eat_ghost
 .text.draw_pacman_dying
                0x08002598      0x1ba .pio\build\nucleo_f031k6\src\frontend&drawing\draw_manager.o
                0x08002598                draw_pacman_dying
 *fill*         0x08002752        0x2 
 .text.set_menu_page
                0x08002754       0x10 .pio\build\nucleo_f031k6\src\frontend&drawing\menu.o
                0x08002754                set_menu_page
 .text.get_active_menu_page
                0x08002764        0xc .pio\build\nucleo_f031k6\src\frontend&drawing\menu.o
                0x08002764                get_active_menu_page
 .text.get_cursor_position
                0x08002770        0xc .pio\build\nucleo_f031k6\src\frontend&drawing\menu.o
                0x08002770                get_cursor_position
 .text.move_cursor
                0x0800277c       0xd0 .pio\build\nucleo_f031k6\src\frontend&drawing\menu.o
                0x0800277c                move_cursor
 .text.create_singleton_grid
                0x0800284c       0x24 .pio\build\nucleo_f031k6\src\grid.o
                0x0800284c                create_singleton_grid
 .text.create_reset_grid
                0x08002870       0xb4 .pio\build\nucleo_f031k6\src\grid.o
                0x08002870                create_reset_grid
 .text.add_grid_state
                0x08002924       0x24 .pio\build\nucleo_f031k6\src\grid.o
                0x08002924                add_grid_state
 .text.add_grid_state_point
                0x08002948       0x38 .pio\build\nucleo_f031k6\src\grid.o
                0x08002948                add_grid_state_point
 .text.remove_grid_state
                0x08002980       0x24 .pio\build\nucleo_f031k6\src\grid.o
                0x08002980                remove_grid_state
 .text.remove_grid_state_point
                0x080029a4       0x38 .pio\build\nucleo_f031k6\src\grid.o
                0x080029a4                remove_grid_state_point
 .text.get_grid_state
                0x080029dc       0x24 .pio\build\nucleo_f031k6\src\grid.o
                0x080029dc                get_grid_state
 .text.is_grid_state
                0x08002a00       0x2c .pio\build\nucleo_f031k6\src\grid.o
                0x08002a00                is_grid_state
 .text.has_grid_state
                0x08002a2c       0x2c .pio\build\nucleo_f031k6\src\grid.o
                0x08002a2c                has_grid_state
 .text.has_grid_state_point
                0x08002a58       0x40 .pio\build\nucleo_f031k6\src\grid.o
                0x08002a58                has_grid_state_point
 .text.destroy_grid
                0x08002a98       0x14 .pio\build\nucleo_f031k6\src\grid.o
                0x08002a98                destroy_grid
 .text.check_if_eat_ghost_static
                0x08002aac      0x100 .pio\build\nucleo_f031k6\src\main.o
                0x08002aac                check_if_eat_ghost_static
 .text.set_scatter_mode_to_chase_mode
                0x08002bac       0x94 .pio\build\nucleo_f031k6\src\main.o
                0x08002bac                set_scatter_mode_to_chase_mode
 .text.check_if_eat_ghost_real_time
                0x08002c40       0x98 .pio\build\nucleo_f031k6\src\main.o
                0x08002c40                check_if_eat_ghost_real_time
 .text.set_ghosts_mode
                0x08002cd8       0x1c .pio\build\nucleo_f031k6\src\main.o
                0x08002cd8                set_ghosts_mode
 .text.reset_eaten_ghosts
                0x08002cf4       0xbe .pio\build\nucleo_f031k6\src\main.o
                0x08002cf4                reset_eaten_ghosts
 .text.exit_game
                0x08002db2       0x5a .pio\build\nucleo_f031k6\src\main.o
                0x08002db2                exit_game
 .text.is_pacman_dead
                0x08002e0c       0x78 .pio\build\nucleo_f031k6\src\main.o
                0x08002e0c                is_pacman_dead
 .text.startup.main
                0x08002e84      0x530 .pio\build\nucleo_f031k6\src\main.o
                0x08002e84                main
 .text.initSound
                0x080033b4       0x68 .pio\build\nucleo_f031k6\src\music&sound\sound.o
                0x080033b4                initSound
 .text.initSerial
                0x0800341c       0x98 .pio\build\nucleo_f031k6\src\serial.o
                0x0800341c                initSerial
 .text.eputchar
                0x080034b4       0x1c .pio\build\nucleo_f031k6\src\serial.o
                0x080034b4                eputchar
 .text.eputs    0x080034d0       0x14 .pio\build\nucleo_f031k6\src\serial.o
                0x080034d0                eputs
 .text.is_not_empty
                0x080034e4        0xa .pio\build\nucleo_f031k6\src\utils\arr.o
                0x080034e4                is_not_empty
 .text.get_list_size
                0x080034ee       0x1a .pio\build\nucleo_f031k6\src\utils\arr.o
                0x080034ee                get_list_size
 .text.push     0x08003508       0x34 .pio\build\nucleo_f031k6\src\utils\arr.o
                0x08003508                push
 .text.search_item
                0x0800353c       0x24 .pio\build\nucleo_f031k6\src\utils\arr.o
                0x0800353c                search_item
 .text.remove_item
                0x08003560       0x50 .pio\build\nucleo_f031k6\src\utils\arr.o
                0x08003560                remove_item
 .text.free_arr
                0x080035b0       0x1e .pio\build\nucleo_f031k6\src\utils\arr.o
                0x080035b0                free_arr
 .text.reverse_points
                0x080035ce       0x2c .pio\build\nucleo_f031k6\src\utils\arr.o
                0x080035ce                reverse_points
 *fill*         0x080035fa        0x2 
 .text.initSysTick
                0x080035fc       0x1c .pio\build\nucleo_f031k6\src\utils\events.o
                0x080035fc                initSysTick
 .text.SysTick_Handler
                0x08003618       0x10 .pio\build\nucleo_f031k6\src\utils\events.o
                0x08003618                SysTick_Handler
 .text.initClock
                0x08003628       0x70 .pio\build\nucleo_f031k6\src\utils\events.o
                0x08003628                initClock
 .text.delay    0x08003698       0x20 .pio\build\nucleo_f031k6\src\utils\events.o
                0x08003698                delay
 .text.enablePullUp
                0x080036b8       0x18 .pio\build\nucleo_f031k6\src\utils\events.o
                0x080036b8                enablePullUp
 .text.pinMode  0x080036d0       0x14 .pio\build\nucleo_f031k6\src\utils\events.o
                0x080036d0                pinMode
 .text.setupIO  0x080036e4       0xc8 .pio\build\nucleo_f031k6\src\utils\events.o
                0x080036e4                setupIO
 .text.SET_UP_STM
                0x080037ac       0x18 .pio\build\nucleo_f031k6\src\utils\events.o
                0x080037ac                SET_UP_STM
 .text.is_button_up_pressed
                0x080037c4        0xe .pio\build\nucleo_f031k6\src\utils\events.o
                0x080037c4                is_button_up_pressed
 *fill*         0x080037d2        0x2 
 .text.is_button_right_pressed
                0x080037d4       0x10 .pio\build\nucleo_f031k6\src\utils\events.o
                0x080037d4                is_button_right_pressed
 .text.is_button_down_pressed
                0x080037e4        0xe .pio\build\nucleo_f031k6\src\utils\events.o
                0x080037e4                is_button_down_pressed
 *fill*         0x080037f2        0x2 
 .text.is_button_left_pressed
                0x080037f4       0x10 .pio\build\nucleo_f031k6\src\utils\events.o
                0x080037f4                is_button_left_pressed
 .text.is_button_pause_pressed
                0x08003804        0xe .pio\build\nucleo_f031k6\src\utils\events.o
                0x08003804                is_button_pause_pressed
 *fill*         0x08003812        0x2 
 .text.turn_off_LEDS
                0x08003814       0x38 .pio\build\nucleo_f031k6\src\utils\events.o
                0x08003814                turn_off_LEDS
 .text.turn_on_LEDS
                0x0800384c       0x34 .pio\build\nucleo_f031k6\src\utils\events.o
                0x0800384c                turn_on_LEDS
 .text.turn_on_low_green_LED
                0x08003880       0x10 .pio\build\nucleo_f031k6\src\utils\events.o
                0x08003880                turn_on_low_green_LED
 .text.turn_on_yellow_LED
                0x08003890       0x10 .pio\build\nucleo_f031k6\src\utils\events.o
                0x08003890                turn_on_yellow_LED
 .text.turn_on_red_LED
                0x080038a0       0x10 .pio\build\nucleo_f031k6\src\utils\events.o
                0x080038a0                turn_on_red_LED
 .text.turn_off_high_green_LED
                0x080038b0       0x14 .pio\build\nucleo_f031k6\src\utils\events.o
                0x080038b0                turn_off_high_green_LED
 .text.turn_off_low_green_LED
                0x080038c4       0x14 .pio\build\nucleo_f031k6\src\utils\events.o
                0x080038c4                turn_off_low_green_LED
 .text.turn_off_yellow_LED
                0x080038d8       0x10 .pio\build\nucleo_f031k6\src\utils\events.o
                0x080038d8                turn_off_yellow_LED
 .text.display_life_LED
                0x080038e8       0x46 .pio\build\nucleo_f031k6\src\utils\events.o
                0x080038e8                display_life_LED
 .text.create_point
                0x0800392e       0x18 .pio\build\nucleo_f031k6\src\utils\point.o
                0x0800392e                create_point
 .text.create_deep_copy
                0x08003946       0x1c .pio\build\nucleo_f031k6\src\utils\point.o
                0x08003946                create_deep_copy
 .text.copy_point_values
                0x08003962       0x14 .pio\build\nucleo_f031k6\src\utils\point.o
                0x08003962                copy_point_values
 .text.set_point_coord
                0x08003976        0xe .pio\build\nucleo_f031k6\src\utils\point.o
                0x08003976                set_point_coord
 .text.set_x_point_coord
                0x08003984        0xc .pio\build\nucleo_f031k6\src\utils\point.o
                0x08003984                set_x_point_coord
 .text.set_y_point_coord
                0x08003990        0xc .pio\build\nucleo_f031k6\src\utils\point.o
                0x08003990                set_y_point_coord
 .text.get_x_point_coord
                0x0800399c        0xc .pio\build\nucleo_f031k6\src\utils\point.o
                0x0800399c                get_x_point_coord
 .text.get_y_point_coord
                0x080039a8        0xc .pio\build\nucleo_f031k6\src\utils\point.o
                0x080039a8                get_y_point_coord
 .text.compare_points
                0x080039b4       0x24 .pio\build\nucleo_f031k6\src\utils\point.o
                0x080039b4                compare_points
 .text.destroy_point
                0x080039d8        0xa .pio\build\nucleo_f031k6\src\utils\point.o
                0x080039d8                destroy_point
 *fill*         0x080039e2        0x2 
 .text.linear_congruence_rand
                0x080039e4       0x68 .pio\build\nucleo_f031k6\src\utils\random.o
                0x080039e4                linear_congruence_rand
 .text.get_random_number_in_range
                0x08003a4c       0x2a .pio\build\nucleo_f031k6\src\utils\random.o
                0x08003a4c                get_random_number_in_range
 .text.get_random_point_on_grid
                0x08003a76       0x8e .pio\build\nucleo_f031k6\src\utils\random.o
                0x08003a76                get_random_point_on_grid
 .text.calloc   0x08003b04       0x14 c:/users/lenovo/.platformio/packages/toolchain-gccarmnoneeabi/bin/../lib/gcc/arm-none-eabi/7.2.1/../../../../arm-none-eabi/lib/thumb/v6-m\libc_nano.a(lib_a-calloc.o)
                0x08003b04                calloc
 .text.__libc_init_array
                0x08003b18       0x48 c:/users/lenovo/.platformio/packages/toolchain-gccarmnoneeabi/bin/../lib/gcc/arm-none-eabi/7.2.1/../../../../arm-none-eabi/lib/thumb/v6-m\libc_nano.a(lib_a-init.o)
                0x08003b18                __libc_init_array
 .text.malloc   0x08003b60       0x14 c:/users/lenovo/.platformio/packages/toolchain-gccarmnoneeabi/bin/../lib/gcc/arm-none-eabi/7.2.1/../../../../arm-none-eabi/lib/thumb/v6-m\libc_nano.a(lib_a-malloc.o)
                0x08003b60                malloc
 .text.free     0x08003b74       0x14 c:/users/lenovo/.platformio/packages/toolchain-gccarmnoneeabi/bin/../lib/gcc/arm-none-eabi/7.2.1/../../../../arm-none-eabi/lib/thumb/v6-m\libc_nano.a(lib_a-malloc.o)
                0x08003b74                free
 .text.memcpy   0x08003b88       0x12 c:/users/lenovo/.platformio/packages/toolchain-gccarmnoneeabi/bin/../lib/gcc/arm-none-eabi/7.2.1/../../../../arm-none-eabi/lib/thumb/v6-m\libc_nano.a(lib_a-memcpy-stub.o)
                0x08003b88                memcpy
 .text.memset   0x08003b9a       0x10 c:/users/lenovo/.platformio/packages/toolchain-gccarmnoneeabi/bin/../lib/gcc/arm-none-eabi/7.2.1/../../../../arm-none-eabi/lib/thumb/v6-m\libc_nano.a(lib_a-memset.o)
                0x08003b9a                memset
 .text._calloc_r
                0x08003baa       0x1c c:/users/lenovo/.platformio/packages/toolchain-gccarmnoneeabi/bin/../lib/gcc/arm-none-eabi/7.2.1/../../../../arm-none-eabi/lib/thumb/v6-m\libc_nano.a(lib_a-nano-callocr.o)
                0x08003baa                _calloc_r
 *fill*         0x08003bc6        0x2 
 .text._free_r  0x08003bc8       0x94 c:/users/lenovo/.platformio/packages/toolchain-gccarmnoneeabi/bin/../lib/gcc/arm-none-eabi/7.2.1/../../../../arm-none-eabi/lib/thumb/v6-m\libc_nano.a(lib_a-nano-freer.o)
                0x08003bc8                _free_r
 .text._malloc_r
                0x08003c5c       0xbc c:/users/lenovo/.platformio/packages/toolchain-gccarmnoneeabi/bin/../lib/gcc/arm-none-eabi/7.2.1/../../../../arm-none-eabi/lib/thumb/v6-m\libc_nano.a(lib_a-nano-mallocr.o)
                0x08003c5c                _malloc_r
 .text._sbrk_r  0x08003d18       0x24 c:/users/lenovo/.platformio/packages/toolchain-gccarmnoneeabi/bin/../lib/gcc/arm-none-eabi/7.2.1/../../../../arm-none-eabi/lib/thumb/v6-m\libc_nano.a(lib_a-sbrkr.o)
                0x08003d18                _sbrk_r
 .text.__malloc_lock
                0x08003d3c        0x2 c:/users/lenovo/.platformio/packages/toolchain-gccarmnoneeabi/bin/../lib/gcc/arm-none-eabi/7.2.1/../../../../arm-none-eabi/lib/thumb/v6-m\libc_nano.a(lib_a-mlock.o)
                0x08003d3c                __malloc_lock
 .text.__malloc_unlock
                0x08003d3e        0x2 c:/users/lenovo/.platformio/packages/toolchain-gccarmnoneeabi/bin/../lib/gcc/arm-none-eabi/7.2.1/../../../../arm-none-eabi/lib/thumb/v6-m\libc_nano.a(lib_a-mlock.o)
                0x08003d3e                __malloc_unlock
 .text._sbrk    0x08003d40       0x1c c:/users/lenovo/.platformio/packages/toolchain-gccarmnoneeabi/bin/../lib/gcc/arm-none-eabi/7.2.1/../../../../arm-none-eabi/lib/thumb/v6-m\libnosys.a(sbrk.o)
                0x08003d40                _sbrk
 *(.glue_7)
 .glue_7        0x08003d5c        0x0 linker stubs
 *(.glue_7t)
 .glue_7t       0x08003d5c        0x0 linker stubs
 *(.eh_frame)
 .eh_frame      0x08003d5c        0x0 c:/users/lenovo/.platformio/packages/toolchain-gccarmnoneeabi/bin/../lib/gcc/arm-none-eabi/7.2.1/thumb/v6-m/crtbegin.o
 *(.init)
 .init          0x08003d5c        0x4 c:/users/lenovo/.platformio/packages/toolchain-gccarmnoneeabi/bin/../lib/gcc/arm-none-eabi/7.2.1/thumb/v6-m/crti.o
                0x08003d5c                _init
 .init          0x08003d60        0x8 c:/users/lenovo/.platformio/packages/toolchain-gccarmnoneeabi/bin/../lib/gcc/arm-none-eabi/7.2.1/thumb/v6-m/crtn.o
 *(.fini)
 .fini          0x08003d68        0x4 c:/users/lenovo/.platformio/packages/toolchain-gccarmnoneeabi/bin/../lib/gcc/arm-none-eabi/7.2.1/thumb/v6-m/crti.o
                0x08003d68                _fini
 .fini          0x08003d6c        0x8 c:/users/lenovo/.platformio/packages/toolchain-gccarmnoneeabi/bin/../lib/gcc/arm-none-eabi/7.2.1/thumb/v6-m/crtn.o
                0x08003d74                . = ALIGN (0x4)
                0x08003d74                _etext = .

.vfp11_veneer   0x08003d74        0x0
 .vfp11_veneer  0x08003d74        0x0 linker stubs

.v4_bx          0x08003d74        0x0
 .v4_bx         0x08003d74        0x0 linker stubs

.iplt           0x08003d74        0x0
 .iplt          0x08003d74        0x0 c:/users/lenovo/.platformio/packages/toolchain-gccarmnoneeabi/bin/../lib/gcc/arm-none-eabi/7.2.1/thumb/v6-m/crtbegin.o

.rodata         0x08003d74     0x37bc
                0x08003d74                . = ALIGN (0x4)
 *(.rodata)
 .rodata        0x08003d74       0x20 .pio\build\nucleo_f031k6\src\behaviours\entities&sprites\inky.o
 .rodata        0x08003d94      0x244 .pio\build\nucleo_f031k6\src\frontend&drawing\draw_manager.o
 .rodata        0x08003fd8      0x234 .pio\build\nucleo_f031k6\src\grid.o
 .rodata        0x0800420c        0x5 .pio\build\nucleo_f031k6\src\main.o
 *(.rodata*)
 .rodata.set_ghost_position.str1.1
                0x08004211       0x4e .pio\build\nucleo_f031k6\src\behaviours\entities&sprites\ghosts.o
 .rodata.Font5x7
                0x0800425f      0x1e0 .pio\build\nucleo_f031k6\src\frontend&drawing\display.o
 .rodata.draw_pause_menu.str1.1
                0x0800443f        0x7 .pio\build\nucleo_f031k6\src\frontend&drawing\draw_manager.o
 .rodata.redraw_entire_grid.str1.1
                0x08004446        0xd .pio\build\nucleo_f031k6\src\frontend&drawing\draw_manager.o
 .rodata.redraw_white_text.str1.1
                0x08004453       0x40 .pio\build\nucleo_f031k6\src\frontend&drawing\draw_manager.o
 .rodata.main.str1.1
                0x08004493       0x1b .pio\build\nucleo_f031k6\src\main.o
 .rodata.blank_array
                0x080044ae       0x80 .pio\build\nucleo_f031k6\src\texture_src\blank_textures.o
                0x080044ae                blank_array
 .rodata.blinky_array
                0x0800452e      0x200 .pio\build\nucleo_f031k6\src\texture_src\blinky_textures.o
                0x0800452e                blinky_array
 .rodata.clyde_array
                0x0800472e      0x200 .pio\build\nucleo_f031k6\src\texture_src\clyde_textures.o
                0x0800472e                clyde_array
 .rodata.fright_ghost_array
                0x0800492e       0x80 .pio\build\nucleo_f031k6\src\texture_src\fright_ghost_textures.o
                0x0800492e                fright_ghost_array
 .rodata.inky_array
                0x080049ae      0x200 .pio\build\nucleo_f031k6\src\texture_src\inky_textures.o
                0x080049ae                inky_array
 .rodata.main_menu_array
                0x08004bae     0x1c80 .pio\build\nucleo_f031k6\src\texture_src\main_menu_title.o
                0x08004bae                main_menu_array
 .rodata.pacman_array
                0x0800682e      0x400 .pio\build\nucleo_f031k6\src\texture_src\pacman_textures.o
                0x0800682e                pacman_array
 .rodata.pickups_array
                0x08006c2e      0x180 .pio\build\nucleo_f031k6\src\texture_src\pickups_textures.o
                0x08006c2e                pickups_array
 .rodata.pinky_array
                0x08006dae      0x200 .pio\build\nucleo_f031k6\src\texture_src\pinky_textures.o
                0x08006dae                pinky_array
 .rodata.wall_array
                0x08006fae      0x580 .pio\build\nucleo_f031k6\src\texture_src\wall_textures.o
                0x08006fae                wall_array
                0x08007530                . = ALIGN (0x4)
 *fill*         0x0800752e        0x2 

.ARM.extab      0x08007530        0x0
                0x08007530                . = ALIGN (0x4)
 *(.ARM.extab* .gnu.linkonce.armextab.*)
                0x08007530                . = ALIGN (0x4)

.ARM            0x08007530        0x8
                0x08007530                . = ALIGN (0x4)
                0x08007530                __exidx_start = .
 *(.ARM.exidx*)
 .ARM.exidx     0x08007530        0x8 c:/users/lenovo/.platformio/packages/toolchain-gccarmnoneeabi/bin/../lib/gcc/arm-none-eabi/7.2.1/thumb/v6-m\libgcc.a(_udivmoddi4.o)
                0x08007538                __exidx_end = .
                0x08007538                . = ALIGN (0x4)

.rel.dyn        0x08007538        0x0
 .rel.iplt      0x08007538        0x0 c:/users/lenovo/.platformio/packages/toolchain-gccarmnoneeabi/bin/../lib/gcc/arm-none-eabi/7.2.1/thumb/v6-m/crtbegin.o

.preinit_array  0x08007538        0x0
                0x08007538                . = ALIGN (0x4)
                0x08007538                PROVIDE (__preinit_array_start, .)
 *(.preinit_array*)
                0x08007538                PROVIDE (__preinit_array_end, .)
                0x08007538                . = ALIGN (0x4)

.init_array     0x08007538        0x4
                0x08007538                . = ALIGN (0x4)
                0x08007538                PROVIDE (__init_array_start, .)
 *(SORT_BY_NAME(.init_array.*))
 *(.init_array*)
 .init_array    0x08007538        0x4 c:/users/lenovo/.platformio/packages/toolchain-gccarmnoneeabi/bin/../lib/gcc/arm-none-eabi/7.2.1/thumb/v6-m/crtbegin.o
                0x0800753c                PROVIDE (__init_array_end, .)
                0x0800753c                . = ALIGN (0x4)

.fini_array     0x0800753c        0x4
                0x0800753c                . = ALIGN (0x4)
                [!provide]                PROVIDE (__fini_array_start, .)
 *(SORT_BY_NAME(.fini_array.*))
 *(.fini_array*)
 .fini_array    0x0800753c        0x4 c:/users/lenovo/.platformio/packages/toolchain-gccarmnoneeabi/bin/../lib/gcc/arm-none-eabi/7.2.1/thumb/v6-m/crtbegin.o
                [!provide]                PROVIDE (__fini_array_end, .)
                0x08007540                . = ALIGN (0x4)
                0x08007540                _sidata = LOADADDR (.data)

.data           0x20000000       0x70 load address 0x08007540
                0x20000000                . = ALIGN (0x4)
                0x20000000                _sdata = .
 *(.data)
 *(.data*)
 .data.feed_pointer.5506
                0x20000000        0x1 .pio\build\nucleo_f031k6\src\behaviours\entities&sprites\blinky.o
 .data.feed_pointer.5510
                0x20000001        0x1 .pio\build\nucleo_f031k6\src\behaviours\entities&sprites\clyde.o
 .data.feed_pointer.5543
                0x20000002        0x1 .pio\build\nucleo_f031k6\src\behaviours\entities&sprites\inky.o
 .data.feed_pointer.5520
                0x20000003        0x1 .pio\build\nucleo_f031k6\src\behaviours\entities&sprites\pinky.o
 .data.active_menu
                0x20000004        0x1 .pio\build\nucleo_f031k6\src\frontend&drawing\menu.o
 *fill*         0x20000005        0x3 
 .data.iterator.4882
                0x20000008        0x4 .pio\build\nucleo_f031k6\src\utils\random.o
 .data._impure_ptr
                0x2000000c        0x4 c:/users/lenovo/.platformio/packages/toolchain-gccarmnoneeabi/bin/../lib/gcc/arm-none-eabi/7.2.1/../../../../arm-none-eabi/lib/thumb/v6-m\libc_nano.a(lib_a-impure.o)
                0x2000000c                _impure_ptr
 .data.impure_data
                0x20000010       0x60 c:/users/lenovo/.platformio/packages/toolchain-gccarmnoneeabi/bin/../lib/gcc/arm-none-eabi/7.2.1/../../../../arm-none-eabi/lib/thumb/v6-m\libc_nano.a(lib_a-impure.o)
 *(.RamFunc)
 *(.RamFunc*)
                0x20000070                . = ALIGN (0x4)
                0x20000070                _edata = .

.igot.plt       0x20000070        0x0 load address 0x080075b0
 .igot.plt      0x20000070        0x0 c:/users/lenovo/.platformio/packages/toolchain-gccarmnoneeabi/bin/../lib/gcc/arm-none-eabi/7.2.1/thumb/v6-m/crtbegin.o
                0x20000070                . = ALIGN (0x4)

.bss            0x20000070      0x374 load address 0x080075b0
                0x20000070                _sbss = .
                0x20000070                __bss_start__ = _sbss
 *(.bss)
 .bss           0x20000070       0x1c c:/users/lenovo/.platformio/packages/toolchain-gccarmnoneeabi/bin/../lib/gcc/arm-none-eabi/7.2.1/thumb/v6-m/crtbegin.o
 *(.bss*)
 .bss.current_blinky.5532
                0x2000008c        0x4 .pio\build\nucleo_f031k6\src\behaviours\entities&sprites\blinky.o
 .bss.feed_cache.5505
                0x20000090       0xc8 .pio\build\nucleo_f031k6\src\behaviours\entities&sprites\blinky.o
 .bss.current_clyde.5536
                0x20000158        0x4 .pio\build\nucleo_f031k6\src\behaviours\entities&sprites\clyde.o
 .bss.feed_cache.5509
                0x2000015c       0xc8 .pio\build\nucleo_f031k6\src\behaviours\entities&sprites\clyde.o
 .bss.current_inky.5569
                0x20000224        0x4 .pio\build\nucleo_f031k6\src\behaviours\entities&sprites\inky.o
 .bss.feed_cache.5542
                0x20000228       0xc8 .pio\build\nucleo_f031k6\src\behaviours\entities&sprites\inky.o
 .bss.pacman.4853
                0x200002f0        0x4 .pio\build\nucleo_f031k6\src\behaviours\entities&sprites\pacman.o
 .bss.current_pinky.5546
                0x200002f4        0x4 .pio\build\nucleo_f031k6\src\behaviours\entities&sprites\pinky.o
 .bss.feed_cache.5519
                0x200002f8       0xc8 .pio\build\nucleo_f031k6\src\behaviours\entities&sprites\pinky.o
 .bss.flicker_switch.5792
                0x200003c0        0x1 .pio\build\nucleo_f031k6\src\frontend&drawing\draw_manager.o
 .bss.is_mouth_open
                0x200003c1        0x1 .pio\build\nucleo_f031k6\src\frontend&drawing\draw_manager.o
 .bss.cursor_position
                0x200003c2        0x1 .pio\build\nucleo_f031k6\src\frontend&drawing\menu.o
 *fill*         0x200003c3        0x1 
 .bss.singleton_grid
                0x200003c4        0x4 .pio\build\nucleo_f031k6\src\grid.o
 .bss.stored_seed.4883
                0x200003c8        0x8 .pio\build\nucleo_f031k6\src\utils\random.o
 .bss.__malloc_free_list
                0x200003d0        0x4 c:/users/lenovo/.platformio/packages/toolchain-gccarmnoneeabi/bin/../lib/gcc/arm-none-eabi/7.2.1/../../../../arm-none-eabi/lib/thumb/v6-m\libc_nano.a(lib_a-nano-mallocr.o)
                0x200003d0                __malloc_free_list
 .bss.__malloc_sbrk_start
                0x200003d4        0x4 c:/users/lenovo/.platformio/packages/toolchain-gccarmnoneeabi/bin/../lib/gcc/arm-none-eabi/7.2.1/../../../../arm-none-eabi/lib/thumb/v6-m\libc_nano.a(lib_a-nano-mallocr.o)
                0x200003d4                __malloc_sbrk_start
 .bss.heap_end.4102
                0x200003d8        0x4 c:/users/lenovo/.platformio/packages/toolchain-gccarmnoneeabi/bin/../lib/gcc/arm-none-eabi/7.2.1/../../../../arm-none-eabi/lib/thumb/v6-m\libnosys.a(sbrk.o)
 *(COMMON)
 COMMON         0x200003dc        0x4 .pio\build\nucleo_f031k6\src\utils\events.o
                0x200003dc                milliseconds
 COMMON         0x200003e0        0x4 c:/users/lenovo/.platformio/packages/toolchain-gccarmnoneeabi/bin/../lib/gcc/arm-none-eabi/7.2.1/../../../../arm-none-eabi/lib/thumb/v6-m\libc_nano.a(lib_a-reent.o)
                0x200003e0                errno
                0x200003e4                . = ALIGN (0x4)
                0x200003e4                _ebss = .
                0x200003e4                __bss_end__ = _ebss

._user_heap_stack
                0x200003e4      0x604 load address 0x080075b0
                0x200003e8                . = ALIGN (0x8)
 *fill*         0x200003e4        0x4 
                0x200003e8                PROVIDE (end, .)
                [!provide]                PROVIDE (_end, .)
                0x200005e8                . = (. + _Min_Heap_Size)
 *fill*         0x200003e8      0x200 
                0x200009e8                . = (. + _Min_Stack_Size)
 *fill*         0x200005e8      0x400 
                0x200009e8                . = ALIGN (0x8)

/DISCARD/
 libc.a(*)
 libm.a(*)
 libgcc.a(*)

.ARM.attributes
                0x00000000       0x28
 *(.ARM.attributes)
 .ARM.attributes
                0x00000000       0x1e c:/users/lenovo/.platformio/packages/toolchain-gccarmnoneeabi/bin/../lib/gcc/arm-none-eabi/7.2.1/thumb/v6-m/crti.o
 .ARM.attributes
                0x0000001e       0x2c c:/users/lenovo/.platformio/packages/toolchain-gccarmnoneeabi/bin/../lib/gcc/arm-none-eabi/7.2.1/thumb/v6-m/crtbegin.o
 .ARM.attributes
                0x0000004a       0x21 .pio\build\nucleo_f031k6\FrameworkCMSIS\gcc\startup_stm32f031x6.o
 .ARM.attributes
                0x0000006b       0x31 .pio\build\nucleo_f031k6\FrameworkCMSIS\system_stm32f0xx.o
 .ARM.attributes
                0x0000009c       0x31 .pio\build\nucleo_f031k6\src\behaviours\algo.o
 .ARM.attributes
                0x000000cd       0x31 .pio\build\nucleo_f031k6\src\behaviours\entities&sprites\blinky.o
 .ARM.attributes
                0x000000fe       0x31 .pio\build\nucleo_f031k6\src\behaviours\entities&sprites\clyde.o
 .ARM.attributes
                0x0000012f       0x31 .pio\build\nucleo_f031k6\src\behaviours\entities&sprites\ghosts.o
 .ARM.attributes
                0x00000160       0x31 .pio\build\nucleo_f031k6\src\behaviours\entities&sprites\inky.o
 .ARM.attributes
                0x00000191       0x31 .pio\build\nucleo_f031k6\src\behaviours\entities&sprites\pacman.o
 .ARM.attributes
                0x000001c2       0x31 .pio\build\nucleo_f031k6\src\behaviours\entities&sprites\pinky.o
 .ARM.attributes
                0x000001f3       0x31 .pio\build\nucleo_f031k6\src\frontend&drawing\display.o
 .ARM.attributes
                0x00000224       0x31 .pio\build\nucleo_f031k6\src\frontend&drawing\draw_manager.o
 .ARM.attributes
                0x00000255       0x31 .pio\build\nucleo_f031k6\src\frontend&drawing\menu.o
 .ARM.attributes
                0x00000286       0x31 .pio\build\nucleo_f031k6\src\grid.o
 .ARM.attributes
                0x000002b7       0x31 .pio\build\nucleo_f031k6\src\main.o
 .ARM.attributes
                0x000002e8       0x31 .pio\build\nucleo_f031k6\src\music&sound\sound.o
 .ARM.attributes
                0x00000319       0x31 .pio\build\nucleo_f031k6\src\serial.o
 .ARM.attributes
                0x0000034a       0x31 .pio\build\nucleo_f031k6\src\texture_src\blank_textures.o
 .ARM.attributes
                0x0000037b       0x31 .pio\build\nucleo_f031k6\src\texture_src\blinky_textures.o
 .ARM.attributes
                0x000003ac       0x31 .pio\build\nucleo_f031k6\src\texture_src\clyde_textures.o
 .ARM.attributes
                0x000003dd       0x31 .pio\build\nucleo_f031k6\src\texture_src\fright_ghost_textures.o
 .ARM.attributes
                0x0000040e       0x31 .pio\build\nucleo_f031k6\src\texture_src\inky_textures.o
 .ARM.attributes
                0x0000043f       0x31 .pio\build\nucleo_f031k6\src\texture_src\main_menu_title.o
 .ARM.attributes
                0x00000470       0x31 .pio\build\nucleo_f031k6\src\texture_src\pacman_textures.o
 .ARM.attributes
                0x000004a1       0x31 .pio\build\nucleo_f031k6\src\texture_src\pickups_textures.o
 .ARM.attributes
                0x000004d2       0x31 .pio\build\nucleo_f031k6\src\texture_src\pinky_textures.o
 .ARM.attributes
                0x00000503       0x31 .pio\build\nucleo_f031k6\src\texture_src\wall_textures.o
 .ARM.attributes
                0x00000534       0x31 .pio\build\nucleo_f031k6\src\utils\arr.o
 .ARM.attributes
                0x00000565       0x31 .pio\build\nucleo_f031k6\src\utils\events.o
 .ARM.attributes
                0x00000596       0x31 .pio\build\nucleo_f031k6\src\utils\point.o
 .ARM.attributes
                0x000005c7       0x31 .pio\build\nucleo_f031k6\src\utils\random.o
 .ARM.attributes
                0x000005f8       0x2c c:/users/lenovo/.platformio/packages/toolchain-gccarmnoneeabi/bin/../lib/gcc/arm-none-eabi/7.2.1/../../../../arm-none-eabi/lib/thumb/v6-m\libc_nano.a(lib_a-calloc.o)
 .ARM.attributes
                0x00000624       0x2c c:/users/lenovo/.platformio/packages/toolchain-gccarmnoneeabi/bin/../lib/gcc/arm-none-eabi/7.2.1/../../../../arm-none-eabi/lib/thumb/v6-m\libc_nano.a(lib_a-impure.o)
 .ARM.attributes
                0x00000650       0x2c c:/users/lenovo/.platformio/packages/toolchain-gccarmnoneeabi/bin/../lib/gcc/arm-none-eabi/7.2.1/../../../../arm-none-eabi/lib/thumb/v6-m\libc_nano.a(lib_a-init.o)
 .ARM.attributes
                0x0000067c       0x2c c:/users/lenovo/.platformio/packages/toolchain-gccarmnoneeabi/bin/../lib/gcc/arm-none-eabi/7.2.1/../../../../arm-none-eabi/lib/thumb/v6-m\libc_nano.a(lib_a-malloc.o)
 .ARM.attributes
                0x000006a8       0x2c c:/users/lenovo/.platformio/packages/toolchain-gccarmnoneeabi/bin/../lib/gcc/arm-none-eabi/7.2.1/../../../../arm-none-eabi/lib/thumb/v6-m\libc_nano.a(lib_a-memcpy-stub.o)
 .ARM.attributes
                0x000006d4       0x2c c:/users/lenovo/.platformio/packages/toolchain-gccarmnoneeabi/bin/../lib/gcc/arm-none-eabi/7.2.1/../../../../arm-none-eabi/lib/thumb/v6-m\libc_nano.a(lib_a-memset.o)
 .ARM.attributes
                0x00000700       0x2c c:/users/lenovo/.platformio/packages/toolchain-gccarmnoneeabi/bin/../lib/gcc/arm-none-eabi/7.2.1/../../../../arm-none-eabi/lib/thumb/v6-m\libc_nano.a(lib_a-nano-callocr.o)
 .ARM.attributes
                0x0000072c       0x2c c:/users/lenovo/.platformio/packages/toolchain-gccarmnoneeabi/bin/../lib/gcc/arm-none-eabi/7.2.1/../../../../arm-none-eabi/lib/thumb/v6-m\libc_nano.a(lib_a-nano-freer.o)
 .ARM.attributes
                0x00000758       0x2c c:/users/lenovo/.platformio/packages/toolchain-gccarmnoneeabi/bin/../lib/gcc/arm-none-eabi/7.2.1/../../../../arm-none-eabi/lib/thumb/v6-m\libc_nano.a(lib_a-nano-mallocr.o)
 .ARM.attributes
                0x00000784       0x2c c:/users/lenovo/.platformio/packages/toolchain-gccarmnoneeabi/bin/../lib/gcc/arm-none-eabi/7.2.1/../../../../arm-none-eabi/lib/thumb/v6-m\libc_nano.a(lib_a-sbrkr.o)
 .ARM.attributes
                0x000007b0       0x2c c:/users/lenovo/.platformio/packages/toolchain-gccarmnoneeabi/bin/../lib/gcc/arm-none-eabi/7.2.1/../../../../arm-none-eabi/lib/thumb/v6-m\libc_nano.a(lib_a-mlock.o)
 .ARM.attributes
                0x000007dc       0x2c c:/users/lenovo/.platformio/packages/toolchain-gccarmnoneeabi/bin/../lib/gcc/arm-none-eabi/7.2.1/../../../../arm-none-eabi/lib/thumb/v6-m\libc_nano.a(lib_a-reent.o)
 .ARM.attributes
                0x00000808       0x1e c:/users/lenovo/.platformio/packages/toolchain-gccarmnoneeabi/bin/../lib/gcc/arm-none-eabi/7.2.1/thumb/v6-m\libgcc.a(_thumb1_case_sqi.o)
 .ARM.attributes
                0x00000826       0x1e c:/users/lenovo/.platformio/packages/toolchain-gccarmnoneeabi/bin/../lib/gcc/arm-none-eabi/7.2.1/thumb/v6-m\libgcc.a(_thumb1_case_uqi.o)
 .ARM.attributes
                0x00000844       0x1e c:/users/lenovo/.platformio/packages/toolchain-gccarmnoneeabi/bin/../lib/gcc/arm-none-eabi/7.2.1/thumb/v6-m\libgcc.a(_udivsi3.o)
 .ARM.attributes
                0x00000862       0x1e c:/users/lenovo/.platformio/packages/toolchain-gccarmnoneeabi/bin/../lib/gcc/arm-none-eabi/7.2.1/thumb/v6-m\libgcc.a(_dvmd_tls.o)
 .ARM.attributes
                0x00000880       0x1e c:/users/lenovo/.platformio/packages/toolchain-gccarmnoneeabi/bin/../lib/gcc/arm-none-eabi/7.2.1/thumb/v6-m\libgcc.a(_aeabi_uldivmod.o)
 .ARM.attributes
                0x0000089e       0x2c c:/users/lenovo/.platformio/packages/toolchain-gccarmnoneeabi/bin/../lib/gcc/arm-none-eabi/7.2.1/thumb/v6-m\libgcc.a(_muldi3.o)
 .ARM.attributes
                0x000008ca       0x2c c:/users/lenovo/.platformio/packages/toolchain-gccarmnoneeabi/bin/../lib/gcc/arm-none-eabi/7.2.1/thumb/v6-m\libgcc.a(_udivmoddi4.o)
 .ARM.attributes
                0x000008f6       0x1e c:/users/lenovo/.platformio/packages/toolchain-gccarmnoneeabi/bin/../lib/gcc/arm-none-eabi/7.2.1/thumb/v6-m\libgcc.a(_clzdi2.o)
 .ARM.attributes
                0x00000914       0x1e c:/users/lenovo/.platformio/packages/toolchain-gccarmnoneeabi/bin/../lib/gcc/arm-none-eabi/7.2.1/thumb/v6-m\libgcc.a(_clzsi2.o)
 .ARM.attributes
                0x00000932       0x2c c:/users/lenovo/.platformio/packages/toolchain-gccarmnoneeabi/bin/../lib/gcc/arm-none-eabi/7.2.1/../../../../arm-none-eabi/lib/thumb/v6-m\libnosys.a(sbrk.o)
 .ARM.attributes
                0x0000095e       0x1e c:/users/lenovo/.platformio/packages/toolchain-gccarmnoneeabi/bin/../lib/gcc/arm-none-eabi/7.2.1/thumb/v6-m/crtn.o
OUTPUT(.pio\build\nucleo_f031k6\firmware.elf elf32-littlearm)

.comment        0x00000000       0x7e
 .comment       0x00000000       0x7e .pio\build\nucleo_f031k6\FrameworkCMSIS\system_stm32f0xx.o
                                 0x7f (size before relaxing)
 .comment       0x0000007e       0x7f .pio\build\nucleo_f031k6\src\behaviours\algo.o
 .comment       0x0000007e       0x7f .pio\build\nucleo_f031k6\src\behaviours\entities&sprites\blinky.o
 .comment       0x0000007e       0x7f .pio\build\nucleo_f031k6\src\behaviours\entities&sprites\clyde.o
 .comment       0x0000007e       0x7f .pio\build\nucleo_f031k6\src\behaviours\entities&sprites\ghosts.o
 .comment       0x0000007e       0x7f .pio\build\nucleo_f031k6\src\behaviours\entities&sprites\inky.o
 .comment       0x0000007e       0x7f .pio\build\nucleo_f031k6\src\behaviours\entities&sprites\pacman.o
 .comment       0x0000007e       0x7f .pio\build\nucleo_f031k6\src\behaviours\entities&sprites\pinky.o
 .comment       0x0000007e       0x7f .pio\build\nucleo_f031k6\src\frontend&drawing\display.o
 .comment       0x0000007e       0x7f .pio\build\nucleo_f031k6\src\frontend&drawing\draw_manager.o
 .comment       0x0000007e       0x7f .pio\build\nucleo_f031k6\src\frontend&drawing\menu.o
 .comment       0x0000007e       0x7f .pio\build\nucleo_f031k6\src\grid.o
 .comment       0x0000007e       0x7f .pio\build\nucleo_f031k6\src\main.o
 .comment       0x0000007e       0x7f .pio\build\nucleo_f031k6\src\music&sound\sound.o
 .comment       0x0000007e       0x7f .pio\build\nucleo_f031k6\src\serial.o
 .comment       0x0000007e       0x7f .pio\build\nucleo_f031k6\src\texture_src\blank_textures.o
 .comment       0x0000007e       0x7f .pio\build\nucleo_f031k6\src\texture_src\blinky_textures.o
 .comment       0x0000007e       0x7f .pio\build\nucleo_f031k6\src\texture_src\clyde_textures.o
 .comment       0x0000007e       0x7f .pio\build\nucleo_f031k6\src\texture_src\fright_ghost_textures.o
 .comment       0x0000007e       0x7f .pio\build\nucleo_f031k6\src\texture_src\inky_textures.o
 .comment       0x0000007e       0x7f .pio\build\nucleo_f031k6\src\texture_src\main_menu_title.o
 .comment       0x0000007e       0x7f .pio\build\nucleo_f031k6\src\texture_src\pacman_textures.o
 .comment       0x0000007e       0x7f .pio\build\nucleo_f031k6\src\texture_src\pickups_textures.o
 .comment       0x0000007e       0x7f .pio\build\nucleo_f031k6\src\texture_src\pinky_textures.o
 .comment       0x0000007e       0x7f .pio\build\nucleo_f031k6\src\texture_src\wall_textures.o
 .comment       0x0000007e       0x7f .pio\build\nucleo_f031k6\src\utils\arr.o
 .comment       0x0000007e       0x7f .pio\build\nucleo_f031k6\src\utils\events.o
 .comment       0x0000007e       0x7f .pio\build\nucleo_f031k6\src\utils\point.o
 .comment       0x0000007e       0x7f .pio\build\nucleo_f031k6\src\utils\random.o

.debug_frame    0x00000000      0x2b4
 .debug_frame   0x00000000       0x28 c:/users/lenovo/.platformio/packages/toolchain-gccarmnoneeabi/bin/../lib/gcc/arm-none-eabi/7.2.1/../../../../arm-none-eabi/lib/thumb/v6-m\libc_nano.a(lib_a-calloc.o)
 .debug_frame   0x00000028       0x2c c:/users/lenovo/.platformio/packages/toolchain-gccarmnoneeabi/bin/../lib/gcc/arm-none-eabi/7.2.1/../../../../arm-none-eabi/lib/thumb/v6-m\libc_nano.a(lib_a-init.o)
 .debug_frame   0x00000054       0x40 c:/users/lenovo/.platformio/packages/toolchain-gccarmnoneeabi/bin/../lib/gcc/arm-none-eabi/7.2.1/../../../../arm-none-eabi/lib/thumb/v6-m\libc_nano.a(lib_a-malloc.o)
 .debug_frame   0x00000094       0x28 c:/users/lenovo/.platformio/packages/toolchain-gccarmnoneeabi/bin/../lib/gcc/arm-none-eabi/7.2.1/../../../../arm-none-eabi/lib/thumb/v6-m\libc_nano.a(lib_a-memcpy-stub.o)
 .debug_frame   0x000000bc       0x20 c:/users/lenovo/.platformio/packages/toolchain-gccarmnoneeabi/bin/../lib/gcc/arm-none-eabi/7.2.1/../../../../arm-none-eabi/lib/thumb/v6-m\libc_nano.a(lib_a-memset.o)
 .debug_frame   0x000000dc       0x2c c:/users/lenovo/.platformio/packages/toolchain-gccarmnoneeabi/bin/../lib/gcc/arm-none-eabi/7.2.1/../../../../arm-none-eabi/lib/thumb/v6-m\libc_nano.a(lib_a-nano-callocr.o)
 .debug_frame   0x00000108       0x2c c:/users/lenovo/.platformio/packages/toolchain-gccarmnoneeabi/bin/../lib/gcc/arm-none-eabi/7.2.1/../../../../arm-none-eabi/lib/thumb/v6-m\libc_nano.a(lib_a-nano-freer.o)
 .debug_frame   0x00000134       0x2c c:/users/lenovo/.platformio/packages/toolchain-gccarmnoneeabi/bin/../lib/gcc/arm-none-eabi/7.2.1/../../../../arm-none-eabi/lib/thumb/v6-m\libc_nano.a(lib_a-nano-mallocr.o)
 .debug_frame   0x00000160       0x2c c:/users/lenovo/.platformio/packages/toolchain-gccarmnoneeabi/bin/../lib/gcc/arm-none-eabi/7.2.1/../../../../arm-none-eabi/lib/thumb/v6-m\libc_nano.a(lib_a-sbrkr.o)
 .debug_frame   0x0000018c       0x30 c:/users/lenovo/.platformio/packages/toolchain-gccarmnoneeabi/bin/../lib/gcc/arm-none-eabi/7.2.1/../../../../arm-none-eabi/lib/thumb/v6-m\libc_nano.a(lib_a-mlock.o)
 .debug_frame   0x000001bc       0x48 c:/users/lenovo/.platformio/packages/toolchain-gccarmnoneeabi/bin/../lib/gcc/arm-none-eabi/7.2.1/../../../../arm-none-eabi/lib/thumb/v6-m\libc_nano.a(lib_a-reent.o)
 .debug_frame   0x00000204       0x20 c:/users/lenovo/.platformio/packages/toolchain-gccarmnoneeabi/bin/../lib/gcc/arm-none-eabi/7.2.1/thumb/v6-m\libgcc.a(_udivsi3.o)
 .debug_frame   0x00000224       0x34 c:/users/lenovo/.platformio/packages/toolchain-gccarmnoneeabi/bin/../lib/gcc/arm-none-eabi/7.2.1/thumb/v6-m\libgcc.a(_muldi3.o)
 .debug_frame   0x00000258       0x3c c:/users/lenovo/.platformio/packages/toolchain-gccarmnoneeabi/bin/../lib/gcc/arm-none-eabi/7.2.1/thumb/v6-m\libgcc.a(_udivmoddi4.o)
 .debug_frame   0x00000294       0x20 c:/users/lenovo/.platformio/packages/toolchain-gccarmnoneeabi/bin/../lib/gcc/arm-none-eabi/7.2.1/../../../../arm-none-eabi/lib/thumb/v6-m\libnosys.a(sbrk.o)

Cross Reference Table

Symbol                                            File
ADC1_IRQHandler                                   .pio\build\nucleo_f031k6\FrameworkCMSIS\gcc\startup_stm32f031x6.o
AHBPrescTable                                     .pio\build\nucleo_f031k6\FrameworkCMSIS\system_stm32f0xx.o
APBPrescTable                                     .pio\build\nucleo_f031k6\FrameworkCMSIS\system_stm32f0xx.o
DMA1_Channel1_IRQHandler                          .pio\build\nucleo_f031k6\FrameworkCMSIS\gcc\startup_stm32f031x6.o
DMA1_Channel2_3_IRQHandler                        .pio\build\nucleo_f031k6\FrameworkCMSIS\gcc\startup_stm32f031x6.o
DMA1_Channel4_5_IRQHandler                        .pio\build\nucleo_f031k6\FrameworkCMSIS\gcc\startup_stm32f031x6.o
Default_Handler                                   .pio\build\nucleo_f031k6\FrameworkCMSIS\gcc\startup_stm32f031x6.o
EXTI0_1_IRQHandler                                .pio\build\nucleo_f031k6\FrameworkCMSIS\gcc\startup_stm32f031x6.o
EXTI2_3_IRQHandler                                .pio\build\nucleo_f031k6\FrameworkCMSIS\gcc\startup_stm32f031x6.o
EXTI4_15_IRQHandler                               .pio\build\nucleo_f031k6\FrameworkCMSIS\gcc\startup_stm32f031x6.o
FLASH_IRQHandler                                  .pio\build\nucleo_f031k6\FrameworkCMSIS\gcc\startup_stm32f031x6.o
HardFault_Handler                                 .pio\build\nucleo_f031k6\FrameworkCMSIS\gcc\startup_stm32f031x6.o
I2C1_IRQHandler                                   .pio\build\nucleo_f031k6\FrameworkCMSIS\gcc\startup_stm32f031x6.o
NMI_Handler                                       .pio\build\nucleo_f031k6\FrameworkCMSIS\gcc\startup_stm32f031x6.o
PVD_IRQHandler                                    .pio\build\nucleo_f031k6\FrameworkCMSIS\gcc\startup_stm32f031x6.o
PendSV_Handler                                    .pio\build\nucleo_f031k6\FrameworkCMSIS\gcc\startup_stm32f031x6.o
RCC_IRQHandler                                    .pio\build\nucleo_f031k6\FrameworkCMSIS\gcc\startup_stm32f031x6.o
RGBToWord                                         .pio\build\nucleo_f031k6\src\frontend&drawing\display.o
RTC_IRQHandler                                    .pio\build\nucleo_f031k6\FrameworkCMSIS\gcc\startup_stm32f031x6.o
Reset_Handler                                     .pio\build\nucleo_f031k6\FrameworkCMSIS\gcc\startup_stm32f031x6.o
SET_UP_STM                                        .pio\build\nucleo_f031k6\src\utils\events.o
                                                  .pio\build\nucleo_f031k6\src\main.o
SPI1_IRQHandler                                   .pio\build\nucleo_f031k6\FrameworkCMSIS\gcc\startup_stm32f031x6.o
SVC_Handler                                       .pio\build\nucleo_f031k6\FrameworkCMSIS\gcc\startup_stm32f031x6.o
SysTick_Handler                                   .pio\build\nucleo_f031k6\src\utils\events.o
                                                  .pio\build\nucleo_f031k6\FrameworkCMSIS\gcc\startup_stm32f031x6.o
SystemCoreClock                                   .pio\build\nucleo_f031k6\FrameworkCMSIS\system_stm32f0xx.o
SystemCoreClockUpdate                             .pio\build\nucleo_f031k6\FrameworkCMSIS\system_stm32f0xx.o
SystemInit                                        .pio\build\nucleo_f031k6\FrameworkCMSIS\system_stm32f0xx.o
                                                  .pio\build\nucleo_f031k6\FrameworkCMSIS\gcc\startup_stm32f031x6.o
TIM14_IRQHandler                                  .pio\build\nucleo_f031k6\FrameworkCMSIS\gcc\startup_stm32f031x6.o
TIM16_IRQHandler                                  .pio\build\nucleo_f031k6\FrameworkCMSIS\gcc\startup_stm32f031x6.o
TIM17_IRQHandler                                  .pio\build\nucleo_f031k6\FrameworkCMSIS\gcc\startup_stm32f031x6.o
TIM1_BRK_UP_TRG_COM_IRQHandler                    .pio\build\nucleo_f031k6\FrameworkCMSIS\gcc\startup_stm32f031x6.o
TIM1_CC_IRQHandler                                .pio\build\nucleo_f031k6\FrameworkCMSIS\gcc\startup_stm32f031x6.o
TIM2_IRQHandler                                   .pio\build\nucleo_f031k6\FrameworkCMSIS\gcc\startup_stm32f031x6.o
TIM3_IRQHandler                                   .pio\build\nucleo_f031k6\FrameworkCMSIS\gcc\startup_stm32f031x6.o
USART1_IRQHandler                                 .pio\build\nucleo_f031k6\FrameworkCMSIS\gcc\startup_stm32f031x6.o
WWDG_IRQHandler                                   .pio\build\nucleo_f031k6\FrameworkCMSIS\gcc\startup_stm32f031x6.o
__aeabi_idiv                                      c:/users/lenovo/.platformio/packages/toolchain-gccarmnoneeabi/bin/../lib/gcc/arm-none-eabi/7.2.1/thumb/v6-m\libgcc.a(_divsi3.o)
                                                  .pio\build\nucleo_f031k6\src\serial.o
                                                  .pio\build\nucleo_f031k6\src\music&sound\sound.o
                                                  .pio\build\nucleo_f031k6\FrameworkCMSIS\system_stm32f0xx.o
__aeabi_idiv0                                     c:/users/lenovo/.platformio/packages/toolchain-gccarmnoneeabi/bin/../lib/gcc/arm-none-eabi/7.2.1/thumb/v6-m\libgcc.a(_dvmd_tls.o)
                                                  c:/users/lenovo/.platformio/packages/toolchain-gccarmnoneeabi/bin/../lib/gcc/arm-none-eabi/7.2.1/thumb/v6-m\libgcc.a(_divsi3.o)
                                                  c:/users/lenovo/.platformio/packages/toolchain-gccarmnoneeabi/bin/../lib/gcc/arm-none-eabi/7.2.1/thumb/v6-m\libgcc.a(_udivsi3.o)
__aeabi_idivmod                                   c:/users/lenovo/.platformio/packages/toolchain-gccarmnoneeabi/bin/../lib/gcc/arm-none-eabi/7.2.1/thumb/v6-m\libgcc.a(_divsi3.o)
                                                  .pio\build\nucleo_f031k6\src\serial.o
                                                  .pio\build\nucleo_f031k6\src\frontend&drawing\display.o
__aeabi_ldiv0                                     c:/users/lenovo/.platformio/packages/toolchain-gccarmnoneeabi/bin/../lib/gcc/arm-none-eabi/7.2.1/thumb/v6-m\libgcc.a(_dvmd_tls.o)
                                                  c:/users/lenovo/.platformio/packages/toolchain-gccarmnoneeabi/bin/../lib/gcc/arm-none-eabi/7.2.1/thumb/v6-m\libgcc.a(_aeabi_uldivmod.o)
__aeabi_lmul                                      c:/users/lenovo/.platformio/packages/toolchain-gccarmnoneeabi/bin/../lib/gcc/arm-none-eabi/7.2.1/thumb/v6-m\libgcc.a(_muldi3.o)
                                                  .pio\build\nucleo_f031k6\src\utils\random.o
__aeabi_uidiv                                     c:/users/lenovo/.platformio/packages/toolchain-gccarmnoneeabi/bin/../lib/gcc/arm-none-eabi/7.2.1/thumb/v6-m\libgcc.a(_udivsi3.o)
                                                  .pio\build\nucleo_f031k6\src\music&sound\sound.o
                                                  .pio\build\nucleo_f031k6\src\frontend&drawing\display.o
                                                  .pio\build\nucleo_f031k6\FrameworkCMSIS\system_stm32f0xx.o
__aeabi_uidivmod                                  c:/users/lenovo/.platformio/packages/toolchain-gccarmnoneeabi/bin/../lib/gcc/arm-none-eabi/7.2.1/thumb/v6-m\libgcc.a(_udivsi3.o)
                                                  .pio\build\nucleo_f031k6\src\frontend&drawing\display.o
__aeabi_uldivmod                                  c:/users/lenovo/.platformio/packages/toolchain-gccarmnoneeabi/bin/../lib/gcc/arm-none-eabi/7.2.1/thumb/v6-m\libgcc.a(_aeabi_uldivmod.o)
                                                  .pio\build\nucleo_f031k6\src\utils\random.o
__bss_end__                                       c:/users/lenovo/.platformio/packages/toolchain-gccarmnoneeabi/bin/../lib/gcc/arm-none-eabi/7.2.1/../../../../arm-none-eabi/lib/thumb/v6-m/crt0.o
__bss_start__                                     c:/users/lenovo/.platformio/packages/toolchain-gccarmnoneeabi/bin/../lib/gcc/arm-none-eabi/7.2.1/../../../../arm-none-eabi/lib/thumb/v6-m/crt0.o
__call_exitprocs                                  c:/users/lenovo/.platformio/packages/toolchain-gccarmnoneeabi/bin/../lib/gcc/arm-none-eabi/7.2.1/../../../../arm-none-eabi/lib/thumb/v6-m\libc_nano.a(lib_a-exit.o)
__clzdi2                                          c:/users/lenovo/.platformio/packages/toolchain-gccarmnoneeabi/bin/../lib/gcc/arm-none-eabi/7.2.1/thumb/v6-m\libgcc.a(_clzdi2.o)
                                                  c:/users/lenovo/.platformio/packages/toolchain-gccarmnoneeabi/bin/../lib/gcc/arm-none-eabi/7.2.1/thumb/v6-m\libgcc.a(_udivmoddi4.o)
__clzsi2                                          c:/users/lenovo/.platformio/packages/toolchain-gccarmnoneeabi/bin/../lib/gcc/arm-none-eabi/7.2.1/thumb/v6-m\libgcc.a(_clzsi2.o)
                                                  c:/users/lenovo/.platformio/packages/toolchain-gccarmnoneeabi/bin/../lib/gcc/arm-none-eabi/7.2.1/thumb/v6-m\libgcc.a(_clzdi2.o)
__deregister_frame_info                           c:/users/lenovo/.platformio/packages/toolchain-gccarmnoneeabi/bin/../lib/gcc/arm-none-eabi/7.2.1/thumb/v6-m/crtbegin.o
__divsi3                                          c:/users/lenovo/.platformio/packages/toolchain-gccarmnoneeabi/bin/../lib/gcc/arm-none-eabi/7.2.1/thumb/v6-m\libgcc.a(_divsi3.o)
__dso_handle                                      c:/users/lenovo/.platformio/packages/toolchain-gccarmnoneeabi/bin/../lib/gcc/arm-none-eabi/7.2.1/thumb/v6-m/crtbegin.o
__gnu_thumb1_case_sqi                             c:/users/lenovo/.platformio/packages/toolchain-gccarmnoneeabi/bin/../lib/gcc/arm-none-eabi/7.2.1/thumb/v6-m\libgcc.a(_thumb1_case_sqi.o)
                                                  .pio\build\nucleo_f031k6\src\frontend&drawing\draw_manager.o
__gnu_thumb1_case_uqi                             c:/users/lenovo/.platformio/packages/toolchain-gccarmnoneeabi/bin/../lib/gcc/arm-none-eabi/7.2.1/thumb/v6-m\libgcc.a(_thumb1_case_uqi.o)
                                                  .pio\build\nucleo_f031k6\src\utils\events.o
                                                  .pio\build\nucleo_f031k6\src\main.o
                                                  .pio\build\nucleo_f031k6\src\frontend&drawing\draw_manager.o
__init_array_end                                  c:/users/lenovo/.platformio/packages/toolchain-gccarmnoneeabi/bin/../lib/gcc/arm-none-eabi/7.2.1/../../../../arm-none-eabi/lib/thumb/v6-m\libc_nano.a(lib_a-init.o)
__init_array_start                                c:/users/lenovo/.platformio/packages/toolchain-gccarmnoneeabi/bin/../lib/gcc/arm-none-eabi/7.2.1/../../../../arm-none-eabi/lib/thumb/v6-m\libc_nano.a(lib_a-init.o)
__libc_fini_array                                 c:/users/lenovo/.platformio/packages/toolchain-gccarmnoneeabi/bin/../lib/gcc/arm-none-eabi/7.2.1/../../../../arm-none-eabi/lib/thumb/v6-m/crt0.o
__libc_init_array                                 c:/users/lenovo/.platformio/packages/toolchain-gccarmnoneeabi/bin/../lib/gcc/arm-none-eabi/7.2.1/../../../../arm-none-eabi/lib/thumb/v6-m\libc_nano.a(lib_a-init.o)
                                                  .pio\build\nucleo_f031k6\FrameworkCMSIS\gcc\startup_stm32f031x6.o
                                                  c:/users/lenovo/.platformio/packages/toolchain-gccarmnoneeabi/bin/../lib/gcc/arm-none-eabi/7.2.1/../../../../arm-none-eabi/lib/thumb/v6-m/crt0.o
__malloc_free_list                                c:/users/lenovo/.platformio/packages/toolchain-gccarmnoneeabi/bin/../lib/gcc/arm-none-eabi/7.2.1/../../../../arm-none-eabi/lib/thumb/v6-m\libc_nano.a(lib_a-nano-mallocr.o)
                                                  c:/users/lenovo/.platformio/packages/toolchain-gccarmnoneeabi/bin/../lib/gcc/arm-none-eabi/7.2.1/../../../../arm-none-eabi/lib/thumb/v6-m\libc_nano.a(lib_a-nano-freer.o)
__malloc_lock                                     c:/users/lenovo/.platformio/packages/toolchain-gccarmnoneeabi/bin/../lib/gcc/arm-none-eabi/7.2.1/../../../../arm-none-eabi/lib/thumb/v6-m\libc_nano.a(lib_a-mlock.o)
                                                  c:/users/lenovo/.platformio/packages/toolchain-gccarmnoneeabi/bin/../lib/gcc/arm-none-eabi/7.2.1/../../../../arm-none-eabi/lib/thumb/v6-m\libc_nano.a(lib_a-nano-mallocr.o)
                                                  c:/users/lenovo/.platformio/packages/toolchain-gccarmnoneeabi/bin/../lib/gcc/arm-none-eabi/7.2.1/../../../../arm-none-eabi/lib/thumb/v6-m\libc_nano.a(lib_a-nano-freer.o)
__malloc_sbrk_start                               c:/users/lenovo/.platformio/packages/toolchain-gccarmnoneeabi/bin/../lib/gcc/arm-none-eabi/7.2.1/../../../../arm-none-eabi/lib/thumb/v6-m\libc_nano.a(lib_a-nano-mallocr.o)
__malloc_unlock                                   c:/users/lenovo/.platformio/packages/toolchain-gccarmnoneeabi/bin/../lib/gcc/arm-none-eabi/7.2.1/../../../../arm-none-eabi/lib/thumb/v6-m\libc_nano.a(lib_a-mlock.o)
                                                  c:/users/lenovo/.platformio/packages/toolchain-gccarmnoneeabi/bin/../lib/gcc/arm-none-eabi/7.2.1/../../../../arm-none-eabi/lib/thumb/v6-m\libc_nano.a(lib_a-nano-mallocr.o)
                                                  c:/users/lenovo/.platformio/packages/toolchain-gccarmnoneeabi/bin/../lib/gcc/arm-none-eabi/7.2.1/../../../../arm-none-eabi/lib/thumb/v6-m\libc_nano.a(lib_a-nano-freer.o)
__muldi3                                          c:/users/lenovo/.platformio/packages/toolchain-gccarmnoneeabi/bin/../lib/gcc/arm-none-eabi/7.2.1/thumb/v6-m\libgcc.a(_muldi3.o)
__preinit_array_end                               c:/users/lenovo/.platformio/packages/toolchain-gccarmnoneeabi/bin/../lib/gcc/arm-none-eabi/7.2.1/../../../../arm-none-eabi/lib/thumb/v6-m\libc_nano.a(lib_a-init.o)
__preinit_array_start                             c:/users/lenovo/.platformio/packages/toolchain-gccarmnoneeabi/bin/../lib/gcc/arm-none-eabi/7.2.1/../../../../arm-none-eabi/lib/thumb/v6-m\libc_nano.a(lib_a-init.o)
__register_frame_info                             c:/users/lenovo/.platformio/packages/toolchain-gccarmnoneeabi/bin/../lib/gcc/arm-none-eabi/7.2.1/thumb/v6-m/crtbegin.o
__sf_fake_stderr                                  c:/users/lenovo/.platformio/packages/toolchain-gccarmnoneeabi/bin/../lib/gcc/arm-none-eabi/7.2.1/../../../../arm-none-eabi/lib/thumb/v6-m\libc_nano.a(lib_a-impure.o)
__sf_fake_stdin                                   c:/users/lenovo/.platformio/packages/toolchain-gccarmnoneeabi/bin/../lib/gcc/arm-none-eabi/7.2.1/../../../../arm-none-eabi/lib/thumb/v6-m\libc_nano.a(lib_a-impure.o)
__sf_fake_stdout                                  c:/users/lenovo/.platformio/packages/toolchain-gccarmnoneeabi/bin/../lib/gcc/arm-none-eabi/7.2.1/../../../../arm-none-eabi/lib/thumb/v6-m\libc_nano.a(lib_a-impure.o)
__stack                                           c:/users/lenovo/.platformio/packages/toolchain-gccarmnoneeabi/bin/../lib/gcc/arm-none-eabi/7.2.1/../../../../arm-none-eabi/lib/thumb/v6-m/crt0.o
__udivmoddi4                                      c:/users/lenovo/.platformio/packages/toolchain-gccarmnoneeabi/bin/../lib/gcc/arm-none-eabi/7.2.1/thumb/v6-m\libgcc.a(_udivmoddi4.o)
                                                  c:/users/lenovo/.platformio/packages/toolchain-gccarmnoneeabi/bin/../lib/gcc/arm-none-eabi/7.2.1/thumb/v6-m\libgcc.a(_aeabi_uldivmod.o)
__udivsi3                                         c:/users/lenovo/.platformio/packages/toolchain-gccarmnoneeabi/bin/../lib/gcc/arm-none-eabi/7.2.1/thumb/v6-m\libgcc.a(_udivsi3.o)
_blinky                                           .pio\build\nucleo_f031k6\src\behaviours\entities&sprites\blinky.o
                                                  .pio\build\nucleo_f031k6\src\main.o
_blinky_feed_next                                 .pio\build\nucleo_f031k6\src\behaviours\entities&sprites\blinky.o
                                                  .pio\build\nucleo_f031k6\src\main.o
_calloc_r                                         c:/users/lenovo/.platformio/packages/toolchain-gccarmnoneeabi/bin/../lib/gcc/arm-none-eabi/7.2.1/../../../../arm-none-eabi/lib/thumb/v6-m\libc_nano.a(lib_a-nano-callocr.o)
                                                  c:/users/lenovo/.platformio/packages/toolchain-gccarmnoneeabi/bin/../lib/gcc/arm-none-eabi/7.2.1/../../../../arm-none-eabi/lib/thumb/v6-m\libc_nano.a(lib_a-calloc.o)
_clyde                                            .pio\build\nucleo_f031k6\src\behaviours\entities&sprites\clyde.o
                                                  .pio\build\nucleo_f031k6\src\main.o
_clyde_feed_next                                  .pio\build\nucleo_f031k6\src\behaviours\entities&sprites\clyde.o
                                                  .pio\build\nucleo_f031k6\src\main.o
_ebss                                             .pio\build\nucleo_f031k6\FrameworkCMSIS\gcc\startup_stm32f031x6.o
_edata                                            .pio\build\nucleo_f031k6\FrameworkCMSIS\gcc\startup_stm32f031x6.o
_estack                                           .pio\build\nucleo_f031k6\FrameworkCMSIS\gcc\startup_stm32f031x6.o
_exit                                             c:/users/lenovo/.platformio/packages/toolchain-gccarmnoneeabi/bin/../lib/gcc/arm-none-eabi/7.2.1/../../../../arm-none-eabi/lib/thumb/v6-m\libnosys.a(_exit.o)
                                                  c:/users/lenovo/.platformio/packages/toolchain-gccarmnoneeabi/bin/../lib/gcc/arm-none-eabi/7.2.1/../../../../arm-none-eabi/lib/thumb/v6-m\libc_nano.a(lib_a-exit.o)
_feed                                             .pio\build\nucleo_f031k6\src\music&sound\tones.o
_fini                                             c:/users/lenovo/.platformio/packages/toolchain-gccarmnoneeabi/bin/../lib/gcc/arm-none-eabi/7.2.1/thumb/v6-m/crti.o
_free_r                                           c:/users/lenovo/.platformio/packages/toolchain-gccarmnoneeabi/bin/../lib/gcc/arm-none-eabi/7.2.1/../../../../arm-none-eabi/lib/thumb/v6-m\libc_nano.a(lib_a-nano-freer.o)
                                                  c:/users/lenovo/.platformio/packages/toolchain-gccarmnoneeabi/bin/../lib/gcc/arm-none-eabi/7.2.1/../../../../arm-none-eabi/lib/thumb/v6-m\libc_nano.a(lib_a-reent.o)
                                                  c:/users/lenovo/.platformio/packages/toolchain-gccarmnoneeabi/bin/../lib/gcc/arm-none-eabi/7.2.1/../../../../arm-none-eabi/lib/thumb/v6-m\libc_nano.a(lib_a-malloc.o)
_global_impure_ptr                                c:/users/lenovo/.platformio/packages/toolchain-gccarmnoneeabi/bin/../lib/gcc/arm-none-eabi/7.2.1/../../../../arm-none-eabi/lib/thumb/v6-m\libc_nano.a(lib_a-impure.o)
                                                  c:/users/lenovo/.platformio/packages/toolchain-gccarmnoneeabi/bin/../lib/gcc/arm-none-eabi/7.2.1/../../../../arm-none-eabi/lib/thumb/v6-m\libc_nano.a(lib_a-exit.o)
_impure_ptr                                       c:/users/lenovo/.platformio/packages/toolchain-gccarmnoneeabi/bin/../lib/gcc/arm-none-eabi/7.2.1/../../../../arm-none-eabi/lib/thumb/v6-m\libc_nano.a(lib_a-impure.o)
                                                  c:/users/lenovo/.platformio/packages/toolchain-gccarmnoneeabi/bin/../lib/gcc/arm-none-eabi/7.2.1/../../../../arm-none-eabi/lib/thumb/v6-m\libc_nano.a(lib_a-reent.o)
                                                  c:/users/lenovo/.platformio/packages/toolchain-gccarmnoneeabi/bin/../lib/gcc/arm-none-eabi/7.2.1/../../../../arm-none-eabi/lib/thumb/v6-m\libc_nano.a(lib_a-malloc.o)
                                                  c:/users/lenovo/.platformio/packages/toolchain-gccarmnoneeabi/bin/../lib/gcc/arm-none-eabi/7.2.1/../../../../arm-none-eabi/lib/thumb/v6-m\libc_nano.a(lib_a-calloc.o)
_init                                             c:/users/lenovo/.platformio/packages/toolchain-gccarmnoneeabi/bin/../lib/gcc/arm-none-eabi/7.2.1/thumb/v6-m/crti.o
                                                  c:/users/lenovo/.platformio/packages/toolchain-gccarmnoneeabi/bin/../lib/gcc/arm-none-eabi/7.2.1/../../../../arm-none-eabi/lib/thumb/v6-m\libc_nano.a(lib_a-init.o)
_inky                                             .pio\build\nucleo_f031k6\src\behaviours\entities&sprites\inky.o
                                                  .pio\build\nucleo_f031k6\src\main.o
_inky_feed_next                                   .pio\build\nucleo_f031k6\src\behaviours\entities&sprites\inky.o
                                                  .pio\build\nucleo_f031k6\src\main.o
_mainCRTStartup                                   c:/users/lenovo/.platformio/packages/toolchain-gccarmnoneeabi/bin/../lib/gcc/arm-none-eabi/7.2.1/../../../../arm-none-eabi/lib/thumb/v6-m/crt0.o
_malloc_r                                         c:/users/lenovo/.platformio/packages/toolchain-gccarmnoneeabi/bin/../lib/gcc/arm-none-eabi/7.2.1/../../../../arm-none-eabi/lib/thumb/v6-m\libc_nano.a(lib_a-nano-mallocr.o)
                                                  c:/users/lenovo/.platformio/packages/toolchain-gccarmnoneeabi/bin/../lib/gcc/arm-none-eabi/7.2.1/../../../../arm-none-eabi/lib/thumb/v6-m\libc_nano.a(lib_a-nano-callocr.o)
                                                  c:/users/lenovo/.platformio/packages/toolchain-gccarmnoneeabi/bin/../lib/gcc/arm-none-eabi/7.2.1/../../../../arm-none-eabi/lib/thumb/v6-m\libc_nano.a(lib_a-malloc.o)
_pacman                                           .pio\build\nucleo_f031k6\src\behaviours\entities&sprites\pacman.o
                                                  .pio\build\nucleo_f031k6\src\main.o
_pinky                                            .pio\build\nucleo_f031k6\src\behaviours\entities&sprites\pinky.o
                                                  .pio\build\nucleo_f031k6\src\main.o
_pinky_feed_next                                  .pio\build\nucleo_f031k6\src\behaviours\entities&sprites\pinky.o
                                                  .pio\build\nucleo_f031k6\src\main.o
_reclaim_reent                                    c:/users/lenovo/.platformio/packages/toolchain-gccarmnoneeabi/bin/../lib/gcc/arm-none-eabi/7.2.1/../../../../arm-none-eabi/lib/thumb/v6-m\libc_nano.a(lib_a-reent.o)
_sbrk                                             c:/users/lenovo/.platformio/packages/toolchain-gccarmnoneeabi/bin/../lib/gcc/arm-none-eabi/7.2.1/../../../../arm-none-eabi/lib/thumb/v6-m\libnosys.a(sbrk.o)
                                                  c:/users/lenovo/.platformio/packages/toolchain-gccarmnoneeabi/bin/../lib/gcc/arm-none-eabi/7.2.1/../../../../arm-none-eabi/lib/thumb/v6-m\libc_nano.a(lib_a-sbrkr.o)
_sbrk_r                                           c:/users/lenovo/.platformio/packages/toolchain-gccarmnoneeabi/bin/../lib/gcc/arm-none-eabi/7.2.1/../../../../arm-none-eabi/lib/thumb/v6-m\libc_nano.a(lib_a-sbrkr.o)
                                                  c:/users/lenovo/.platformio/packages/toolchain-gccarmnoneeabi/bin/../lib/gcc/arm-none-eabi/7.2.1/../../../../arm-none-eabi/lib/thumb/v6-m\libc_nano.a(lib_a-nano-mallocr.o)
_sbss                                             .pio\build\nucleo_f031k6\FrameworkCMSIS\gcc\startup_stm32f031x6.o
_sdata                                            .pio\build\nucleo_f031k6\FrameworkCMSIS\gcc\startup_stm32f031x6.o
_sidata                                           .pio\build\nucleo_f031k6\FrameworkCMSIS\gcc\startup_stm32f031x6.o
_start                                            c:/users/lenovo/.platformio/packages/toolchain-gccarmnoneeabi/bin/../lib/gcc/arm-none-eabi/7.2.1/../../../../arm-none-eabi/lib/thumb/v6-m/crt0.o
add_grid_state                                    .pio\build\nucleo_f031k6\src\grid.o
                                                  .pio\build\nucleo_f031k6\src\main.o
add_grid_state_point                              .pio\build\nucleo_f031k6\src\grid.o
                                                  .pio\build\nucleo_f031k6\src\main.o
atexit                                            c:/users/lenovo/.platformio/packages/toolchain-gccarmnoneeabi/bin/../lib/gcc/arm-none-eabi/7.2.1/../../../../arm-none-eabi/lib/thumb/v6-m/crt0.o
blank_array                                       .pio\build\nucleo_f031k6\src\texture_src\blank_textures.o
                                                  .pio\build\nucleo_f031k6\src\frontend&drawing\draw_manager.o
blinky_array                                      .pio\build\nucleo_f031k6\src\texture_src\blinky_textures.o
                                                  .pio\build\nucleo_f031k6\src\frontend&drawing\draw_manager.o
calculate_heuristics_h                            .pio\build\nucleo_f031k6\src\behaviours\algo.o
calloc                                            c:/users/lenovo/.platformio/packages/toolchain-gccarmnoneeabi/bin/../lib/gcc/arm-none-eabi/7.2.1/../../../../arm-none-eabi/lib/thumb/v6-m\libc_nano.a(lib_a-calloc.o)
                                                  .pio\build\nucleo_f031k6\src\utils\point.o
check_if_eat_ghost_real_time                      .pio\build\nucleo_f031k6\src\main.o
check_if_eat_ghost_static                         .pio\build\nucleo_f031k6\src\main.o
cleanup_glue                                      c:/users/lenovo/.platformio/packages/toolchain-gccarmnoneeabi/bin/../lib/gcc/arm-none-eabi/7.2.1/../../../../arm-none-eabi/lib/thumb/v6-m\libc_nano.a(lib_a-reent.o)
clear                                             .pio\build\nucleo_f031k6\src\frontend&drawing\display.o