Archive member included to satisfy reference by file (symbol)

c:/users/lenovo/.platformio/packages/toolchain-gccarmnoneeabi/bin/../lib/gcc/arm-none-eabi/7.2.1/../../../../arm-none-eabi/lib/thumb/v6-m\libc_nano.a(lib_a-exit.o)
                              c:/users/lenovo/.platformio/packages/toolchain-gccarmnoneeabi/bin/../lib/gcc/arm-none-eabi/7.2.1/../../../../arm-none-eabi/lib/thumb/v6-m/crt0.o (exit)
c:/users/lenovo/.platformio/packages/toolchain-gccarmnoneeabi/bin/../lib/gcc/arm-none-eabi/7.2.1/../../../../arm-none-eabi/lib/thumb/v6-m\libc_nano.a(lib_a-impure.o)
                              c:/users/lenovo/.platformio/packages/toolchain-gccarmnoneeabi/bin/../lib/gcc/arm-none-eabi/7.2.1/../../../../arm-none-eabi/lib/thumb/v6-m\libc_nano.a(lib_a-exit.o) (_global_impure_ptr)
c:/users/lenovo/.platformio/packages/toolchain-gccarmnoneeabi/bin/../lib/gcc/arm-none-eabi/7.2.1/../../../../arm-none-eabi/lib/thumb/v6-m\libc_nano.a(lib_a-init.o)
                              c:/users/lenovo/.platformio/packages/toolchain-gccarmnoneeabi/bin/../lib/gcc/arm-none-eabi/7.2.1/../../../../arm-none-eabi/lib/thumb/v6-m/crt0.o (__libc_init_array)
c:/users/lenovo/.platformio/packages/toolchain-gccarmnoneeabi/bin/../lib/gcc/arm-none-eabi/7.2.1/../../../../arm-none-eabi/lib/thumb/v6-m\libc_nano.a(lib_a-memset.o)
                              c:/users/lenovo/.platformio/packages/toolchain-gccarmnoneeabi/bin/../lib/gcc/arm-none-eabi/7.2.1/../../../../arm-none-eabi/lib/thumb/v6-m/crt0.o (memset)
c:/users/lenovo/.platformio/packages/toolchain-gccarmnoneeabi/bin/../lib/gcc/arm-none-eabi/7.2.1/../../../../arm-none-eabi/lib/thumb/v6-m\libnosys.a(_exit.o)
                              c:/users/lenovo/.platformio/packages/toolchain-gccarmnoneeabi/bin/../lib/gcc/arm-none-eabi/7.2.1/../../../../arm-none-eabi/lib/thumb/v6-m\libc_nano.a(lib_a-exit.o) (_exit)
c:/users/lenovo/.platformio/packages/toolchain-gccarmnoneeabi/bin/../lib/gcc/arm-none-eabi/7.2.1/../../../../arm-none-eabi/lib/thumb/v6-m\libc_nano.a(lib_a-calloc.o)
                              C:\Users\Lenovo\AppData\Local\Temp\ccvuzToD.ltrans0.ltrans.o (calloc)
c:/users/lenovo/.platformio/packages/toolchain-gccarmnoneeabi/bin/../lib/gcc/arm-none-eabi/7.2.1/../../../../arm-none-eabi/lib/thumb/v6-m\libc_nano.a(lib_a-malloc.o)
                              C:\Users\Lenovo\AppData\Local\Temp\ccvuzToD.ltrans0.ltrans.o (malloc)
c:/users/lenovo/.platformio/packages/toolchain-gccarmnoneeabi/bin/../lib/gcc/arm-none-eabi/7.2.1/../../../../arm-none-eabi/lib/thumb/v6-m\libc_nano.a(lib_a-memcpy-stub.o)
                              C:\Users\Lenovo\AppData\Local\Temp\ccvuzToD.ltrans0.ltrans.o (memcpy)
c:/users/lenovo/.platformio/packages/toolchain-gccarmnoneeabi/bin/../lib/gcc/arm-none-eabi/7.2.1/../../../../arm-none-eabi/lib/thumb/v6-m\libc_nano.a(lib_a-nano-callocr.o)
                              c:/users/lenovo/.platformio/packages/toolchain-gccarmnoneeabi/bin/../lib/gcc/arm-none-eabi/7.2.1/../../../../arm-none-eabi/lib/thumb/v6-m\libc_nano.a(lib_a-calloc.o) (_calloc_r)
c:/users/lenovo/.platformio/packages/toolchain-gccarmnoneeabi/bin/../lib/gcc/arm-none-eabi/7.2.1/../../../../arm-none-eabi/lib/thumb/v6-m\libc_nano.a(lib_a-nano-freer.o)
                              c:/users/lenovo/.platformio/packages/toolchain-gccarmnoneeabi/bin/../lib/gcc/arm-none-eabi/7.2.1/../../../../arm-none-eabi/lib/thumb/v6-m\libc_nano.a(lib_a-malloc.o) (_free_r)
c:/users/lenovo/.platformio/packages/toolchain-gccarmnoneeabi/bin/../lib/gcc/arm-none-eabi/7.2.1/../../../../arm-none-eabi/lib/thumb/v6-m\libc_nano.a(lib_a-nano-mallocr.o)
                              c:/users/lenovo/.platformio/packages/toolchain-gccarmnoneeabi/bin/../lib/gcc/arm-none-eabi/7.2.1/../../../../arm-none-eabi/lib/thumb/v6-m\libc_nano.a(lib_a-malloc.o) (_malloc_r)
c:/users/lenovo/.platformio/packages/toolchain-gccarmnoneeabi/bin/../lib/gcc/arm-none-eabi/7.2.1/../../../../arm-none-eabi/lib/thumb/v6-m\libc_nano.a(lib_a-sbrkr.o)
                              c:/users/lenovo/.platformio/packages/toolchain-gccarmnoneeabi/bin/../lib/gcc/arm-none-eabi/7.2.1/../../../../arm-none-eabi/lib/thumb/v6-m\libc_nano.a(lib_a-nano-mallocr.o) (_sbrk_r)
c:/users/lenovo/.platformio/packages/toolchain-gccarmnoneeabi/bin/../lib/gcc/arm-none-eabi/7.2.1/../../../../arm-none-eabi/lib/thumb/v6-m\libc_nano.a(lib_a-mlock.o)
                              c:/users/lenovo/.platformio/packages/toolchain-gccarmnoneeabi/bin/../lib/gcc/arm-none-eabi/7.2.1/../../../../arm-none-eabi/lib/thumb/v6-m\libc_nano.a(lib_a-nano-freer.o) (__malloc_lock)
c:/users/lenovo/.platformio/packages/toolchain-gccarmnoneeabi/bin/../lib/gcc/arm-none-eabi/7.2.1/../../../../arm-none-eabi/lib/thumb/v6-m\libc_nano.a(lib_a-reent.o)
                              c:/users/lenovo/.platformio/packages/toolchain-gccarmnoneeabi/bin/../lib/gcc/arm-none-eabi/7.2.1/../../../../arm-none-eabi/lib/thumb/v6-m\libc_nano.a(lib_a-sbrkr.o) (errno)
[...]
Memory Configuration

Name             Origin             Length             Attributes
RAM              0x20000000         0x00001000         xrw
FLASH            0x08000000         0x00008000         xr
*default*        0x00000000         0xffffffff

Linker script and memory map

LOAD c:/users/lenovo/.platformio/packages/toolchain-gccarmnoneeabi/bin/../lib/gcc/arm-none-eabi/7.2.1/thumb/v6-m/crti.o
LOAD c:/users/lenovo/.platformio/packages/toolchain-gccarmnoneeabi/bin/../lib/gcc/arm-none-eabi/7.2.1/thumb/v6-m/crtbegin.o
LOAD c:/users/lenovo/.platformio/packages/toolchain-gccarmnoneeabi/bin/../lib/gcc/arm-none-eabi/7.2.1/../../../../arm-none-eabi/lib/thumb/v6-m/crt0.o
LOAD .pio\build\nucleo_f031k6\FrameworkCMSIS\gcc\startup_stm32f031x6.o
LOAD C:\Users\Lenovo\AppData\Local\Temp\ccvuzToD.ltrans0.ltrans.o
START GROUP
LOAD c:/users/lenovo/.platformio/packages/toolchain-gccarmnoneeabi/bin/../lib/gcc/arm-none-eabi/7.2.1/../../../../arm-none-eabi/lib/thumb/v6-m\libc_nano.a
LOAD c:/users/lenovo/.platformio/packages/toolchain-gccarmnoneeabi/bin/../lib/gcc/arm-none-eabi/7.2.1/thumb/v6-m\libgcc.a
LOAD c:/users/lenovo/.platformio/packages/toolchain-gccarmnoneeabi/bin/../lib/gcc/arm-none-eabi/7.2.1/../../../../arm-none-eabi/lib/thumb/v6-m\libm.a
LOAD c:/users/lenovo/.platformio/packages/toolchain-gccarmnoneeabi/bin/../lib/gcc/arm-none-eabi/7.2.1/../../../../arm-none-eabi/lib/thumb/v6-m\libstdc++_nano.a
END GROUP
START GROUP
LOAD c:/users/lenovo/.platformio/packages/toolchain-gccarmnoneeabi/bin/../lib/gcc/arm-none-eabi/7.2.1/thumb/v6-m\libgcc.a
LOAD c:/users/lenovo/.platformio/packages/toolchain-gccarmnoneeabi/bin/../lib/gcc/arm-none-eabi/7.2.1/../../../../arm-none-eabi/lib/thumb/v6-m\libc_nano.a
END GROUP
START GROUP
LOAD c:/users/lenovo/.platformio/packages/toolchain-gccarmnoneeabi/bin/../lib/gcc/arm-none-eabi/7.2.1/thumb/v6-m\libgcc.a
LOAD c:/users/lenovo/.platformio/packages/toolchain-gccarmnoneeabi/bin/../lib/gcc/arm-none-eabi/7.2.1/../../../../arm-none-eabi/lib/thumb/v6-m\libc_nano.a
LOAD c:/users/lenovo/.platformio/packages/toolchain-gccarmnoneeabi/bin/../lib/gcc/arm-none-eabi/7.2.1/../../../../arm-none-eabi/lib/thumb/v6-m\libnosys.a
END GROUP
START GROUP
LOAD c:/users/lenovo/.platformio/packages/toolchain-gccarmnoneeabi/bin/../lib/gcc/arm-none-eabi/7.2.1/thumb/v6-m\libgcc.a
LOAD c:/users/lenovo/.platformio/packages/toolchain-gccarmnoneeabi/bin/../lib/gcc/arm-none-eabi/7.2.1/../../../../arm-none-eabi/lib/thumb/v6-m\libc_nano.a
LOAD c:/users/lenovo/.platformio/packages/toolchain-gccarmnoneeabi/bin/../lib/gcc/arm-none-eabi/7.2.1/../../../../arm-none-eabi/lib/thumb/v6-m\libnosys.a
END GROUP
LOAD c:/users/lenovo/.platformio/packages/toolchain-gccarmnoneeabi/bin/../lib/gcc/arm-none-eabi/7.2.1/thumb/v6-m/crtend.o
LOAD c:/users/lenovo/.platformio/packages/toolchain-gccarmnoneeabi/bin/../lib/gcc/arm-none-eabi/7.2.1/thumb/v6-m/crtn.o
                0x20001000                _estack = (ORIGIN (RAM) + LENGTH (RAM))
                0x00000200                _Min_Heap_Size = 0x200
                0x00000400                _Min_Stack_Size = 0x400

.isr_vector     0x08000000       0xc0
                0x08000000                . = ALIGN (0x4)
 *(.isr_vector)
 .isr_vector    0x08000000       0xc0 .pio\build\nucleo_f031k6\FrameworkCMSIS\gcc\startup_stm32f031x6.o
                0x08000000                g_pfnVectors
                0x080000c0                . = ALIGN (0x4)

.text           0x080000c0     0x3a8c
                0x080000c0                . = ALIGN (0x4)
 *(.text)
 .text          0x080000c0       0x48 c:/users/lenovo/.platformio/packages/toolchain-gccarmnoneeabi/bin/../lib/gcc/arm-none-eabi/7.2.1/thumb/v6-m/crtbegin.o
 .text          0x08000108     0x1738 C:\Users\Lenovo\AppData\Local\Temp\ccvuzToD.ltrans0.ltrans.o
                0x0800182c                SysTick_Handler
                0x0800183c                SystemInit
 .text          0x08001840       0x14 c:/users/lenovo/.platformio/packages/toolchain-gccarmnoneeabi/bin/../lib/gcc/arm-none-eabi/7.2.1/thumb/v6-m\libgcc.a(_thumb1_case_sqi.o)
                0x08001840                __gnu_thumb1_case_sqi
 .text          0x08001854       0x14 c:/users/lenovo/.platformio/packages/toolchain-gccarmnoneeabi/bin/../lib/gcc/arm-none-eabi/7.2.1/thumb/v6-m\libgcc.a(_thumb1_case_uqi.o)
                0x08001854                __gnu_thumb1_case_uqi
 .text          0x08001868       0x14 c:/users/lenovo/.platformio/packages/toolchain-gccarmnoneeabi/bin/../lib/gcc/arm-none-eabi/7.2.1/thumb/v6-m\libgcc.a(_thumb1_case_shi.o)
                0x08001868                __gnu_thumb1_case_shi
 .text          0x0800187c      0x114 c:/users/lenovo/.platformio/packages/toolchain-gccarmnoneeabi/bin/../lib/gcc/arm-none-eabi/7.2.1/thumb/v6-m\libgcc.a(_udivsi3.o)
                0x0800187c                __aeabi_uidiv
                0x0800187c                __udivsi3
                0x08001988                __aeabi_uidivmod
 .text          0x08001990        0x4 c:/users/lenovo/.platformio/packages/toolchain-gccarmnoneeabi/bin/../lib/gcc/arm-none-eabi/7.2.1/thumb/v6-m\libgcc.a(_dvmd_tls.o)
                0x08001990                __aeabi_idiv0
                0x08001990                __aeabi_ldiv0
 .text          0x08001994       0x40 c:/users/lenovo/.platformio/packages/toolchain-gccarmnoneeabi/bin/../lib/gcc/arm-none-eabi/7.2.1/thumb/v6-m\libgcc.a(_aeabi_uldivmod.o)
                0x08001994                __aeabi_uldivmod
 .text          0x080019d4       0x54 c:/users/lenovo/.platformio/packages/toolchain-gccarmnoneeabi/bin/../lib/gcc/arm-none-eabi/7.2.1/thumb/v6-m\libgcc.a(_muldi3.o)
                0x080019d4                __muldi3
                0x080019d4                __aeabi_lmul
 .text          0x08001a28      0x184 c:/users/lenovo/.platformio/packages/toolchain-gccarmnoneeabi/bin/../lib/gcc/arm-none-eabi/7.2.1/thumb/v6-m\libgcc.a(_udivmoddi4.o)
                0x08001a28                __udivmoddi4
 .text          0x08001bac       0x18 c:/users/lenovo/.platformio/packages/toolchain-gccarmnoneeabi/bin/../lib/gcc/arm-none-eabi/7.2.1/thumb/v6-m\libgcc.a(_clzdi2.o)
                0x08001bac                __clzdi2
 .text          0x08001bc4       0x3c c:/users/lenovo/.platformio/packages/toolchain-gccarmnoneeabi/bin/../lib/gcc/arm-none-eabi/7.2.1/thumb/v6-m\libgcc.a(_clzsi2.o)
                0x08001bc4                __clzsi2
 *(.text*)
 .text.Reset_Handler
                0x08001c00       0x50 .pio\build\nucleo_f031k6\FrameworkCMSIS\gcc\startup_stm32f031x6.o
                0x08001c00                Reset_Handler
 .text.Default_Handler
                0x08001c50        0x2 .pio\build\nucleo_f031k6\FrameworkCMSIS\gcc\startup_stm32f031x6.o
                0x08001c50                TIM1_CC_IRQHandler
                0x08001c50                HardFault_Handler
                0x08001c50                PVD_IRQHandler
                0x08001c50                PendSV_Handler
                0x08001c50                NMI_Handler
                0x08001c50                I2C1_IRQHandler
                0x08001c50                SPI1_IRQHandler
                0x08001c50                EXTI2_3_IRQHandler
                0x08001c50                ADC1_IRQHandler
                0x08001c50                TIM17_IRQHandler
                0x08001c50                RTC_IRQHandler
                0x08001c50                TIM16_IRQHandler
                0x08001c50                TIM3_IRQHandler
                0x08001c50                EXTI4_15_IRQHandler
                0x08001c50                RCC_IRQHandler
                0x08001c50                DMA1_Channel1_IRQHandler
                0x08001c50                Default_Handler
                0x08001c50                TIM14_IRQHandler
                0x08001c50                DMA1_Channel4_5_IRQHandler
                0x08001c50                EXTI0_1_IRQHandler
                0x08001c50                SVC_Handler
                0x08001c50                WWDG_IRQHandler
                0x08001c50                TIM2_IRQHandler
                0x08001c50                DMA1_Channel2_3_IRQHandler
                0x08001c50                FLASH_IRQHandler
                0x08001c50                USART1_IRQHandler
                0x08001c50                TIM1_BRK_UP_TRG_COM_IRQHandler
 *fill*         0x08001c52        0x2 
 .text.startup  0x08001c54     0x1c88 C:\Users\Lenovo\AppData\Local\Temp\ccvuzToD.ltrans0.ltrans.o
                0x08001c54                main
 .text.__libc_init_array
                0x080038dc       0x48 c:/users/lenovo/.platformio/packages/toolchain-gccarmnoneeabi/bin/../lib/gcc/arm-none-eabi/7.2.1/../../../../arm-none-eabi/lib/thumb/v6-m\libc_nano.a(lib_a-init.o)
                0x080038dc                __libc_init_array
 .text.memset   0x08003924       0x10 c:/users/lenovo/.platformio/packages/toolchain-gccarmnoneeabi/bin/../lib/gcc/arm-none-eabi/7.2.1/../../../../arm-none-eabi/lib/thumb/v6-m\libc_nano.a(lib_a-memset.o)
                0x08003924                memset
 .text.calloc   0x08003934       0x14 c:/users/lenovo/.platformio/packages/toolchain-gccarmnoneeabi/bin/../lib/gcc/arm-none-eabi/7.2.1/../../../../arm-none-eabi/lib/thumb/v6-m\libc_nano.a(lib_a-calloc.o)
                0x08003934                calloc
 .text.malloc   0x08003948       0x14 c:/users/lenovo/.platformio/packages/toolchain-gccarmnoneeabi/bin/../lib/gcc/arm-none-eabi/7.2.1/../../../../arm-none-eabi/lib/thumb/v6-m\libc_nano.a(lib_a-malloc.o)
                0x08003948                malloc
 .text.free     0x0800395c       0x14 c:/users/lenovo/.platformio/packages/toolchain-gccarmnoneeabi/bin/../lib/gcc/arm-none-eabi/7.2.1/../../../../arm-none-eabi/lib/thumb/v6-m\libc_nano.a(lib_a-malloc.o)
                0x0800395c                free
 .text.memcpy   0x08003970       0x12 c:/users/lenovo/.platformio/packages/toolchain-gccarmnoneeabi/bin/../lib/gcc/arm-none-eabi/7.2.1/../../../../arm-none-eabi/lib/thumb/v6-m\libc_nano.a(lib_a-memcpy-stub.o)
                0x08003970                memcpy
 .text._calloc_r
                0x08003982       0x1c c:/users/lenovo/.platformio/packages/toolchain-gccarmnoneeabi/bin/../lib/gcc/arm-none-eabi/7.2.1/../../../../arm-none-eabi/lib/thumb/v6-m\libc_nano.a(lib_a-nano-callocr.o)
                0x08003982                _calloc_r
 *fill*         0x0800399e        0x2 
 .text._free_r  0x080039a0       0x94 c:/users/lenovo/.platformio/packages/toolchain-gccarmnoneeabi/bin/../lib/gcc/arm-none-eabi/7.2.1/../../../../arm-none-eabi/lib/thumb/v6-m\libc_nano.a(lib_a-nano-freer.o)
                0x080039a0                _free_r
 .text._malloc_r
                0x08003a34       0xbc c:/users/lenovo/.platformio/packages/toolchain-gccarmnoneeabi/bin/../lib/gcc/arm-none-eabi/7.2.1/../../../../arm-none-eabi/lib/thumb/v6-m\libc_nano.a(lib_a-nano-mallocr.o)
                0x08003a34                _malloc_r
 .text._sbrk_r  0x08003af0       0x24 c:/users/lenovo/.platformio/packages/toolchain-gccarmnoneeabi/bin/../lib/gcc/arm-none-eabi/7.2.1/../../../../arm-none-eabi/lib/thumb/v6-m\libc_nano.a(lib_a-sbrkr.o)
                0x08003af0                _sbrk_r
 .text.__malloc_lock
                0x08003b14        0x2 c:/users/lenovo/.platformio/packages/toolchain-gccarmnoneeabi/bin/../lib/gcc/arm-none-eabi/7.2.1/../../../../arm-none-eabi/lib/thumb/v6-m\libc_nano.a(lib_a-mlock.o)
                0x08003b14                __malloc_lock
 .text.__malloc_unlock
                0x08003b16        0x2 c:/users/lenovo/.platformio/packages/toolchain-gccarmnoneeabi/bin/../lib/gcc/arm-none-eabi/7.2.1/../../../../arm-none-eabi/lib/thumb/v6-m\libc_nano.a(lib_a-mlock.o)
                0x08003b16                __malloc_unlock
 .text._sbrk    0x08003b18       0x1c c:/users/lenovo/.platformio/packages/toolchain-gccarmnoneeabi/bin/../lib/gcc/arm-none-eabi/7.2.1/../../../../arm-none-eabi/lib/thumb/v6-m\libnosys.a(sbrk.o)
                0x08003b18                _sbrk
 *(.glue_7)
 .glue_7        0x08003b34        0x0 linker stubs
 *(.glue_7t)
 .glue_7t       0x08003b34        0x0 linker stubs
 *(.eh_frame)
 .eh_frame      0x08003b34        0x0 c:/users/lenovo/.platformio/packages/toolchain-gccarmnoneeabi/bin/../lib/gcc/arm-none-eabi/7.2.1/thumb/v6-m/crtbegin.o
 *(.init)
 .init          0x08003b34        0x4 c:/users/lenovo/.platformio/packages/toolchain-gccarmnoneeabi/bin/../lib/gcc/arm-none-eabi/7.2.1/thumb/v6-m/crti.o
                0x08003b34                _init
 .init          0x08003b38        0x8 c:/users/lenovo/.platformio/packages/toolchain-gccarmnoneeabi/bin/../lib/gcc/arm-none-eabi/7.2.1/thumb/v6-m/crtn.o
 *(.fini)
 .fini          0x08003b40        0x4 c:/users/lenovo/.platformio/packages/toolchain-gccarmnoneeabi/bin/../lib/gcc/arm-none-eabi/7.2.1/thumb/v6-m/crti.o
                0x08003b40                _fini
 .fini          0x08003b44        0x8 c:/users/lenovo/.platformio/packages/toolchain-gccarmnoneeabi/bin/../lib/gcc/arm-none-eabi/7.2.1/thumb/v6-m/crtn.o
                0x08003b4c                . = ALIGN (0x4)
                0x08003b4c                _etext = .

.vfp11_veneer   0x08003b4c        0x0
 .vfp11_veneer  0x08003b4c        0x0 linker stubs

.v4_bx          0x08003b4c        0x0
 .v4_bx         0x08003b4c        0x0 linker stubs

.iplt           0x08003b4c        0x0
 .iplt          0x08003b4c        0x0 c:/users/lenovo/.platformio/packages/toolchain-gccarmnoneeabi/bin/../lib/gcc/arm-none-eabi/7.2.1/thumb/v6-m/crtbegin.o

.rodata         0x08003b4c     0x37b8
                0x08003b4c                . = ALIGN (0x4)
 *(.rodata)
 .rodata        0x08003b4c     0x36f8 C:\Users\Lenovo\AppData\Local\Temp\ccvuzToD.ltrans0.ltrans.o
 *(.rodata*)
 .rodata.str1.1
                0x08007244       0xbd C:\Users\Lenovo\AppData\Local\Temp\ccvuzToD.ltrans0.ltrans.o
                0x08007304                . = ALIGN (0x4)
 *fill*         0x08007301        0x3 

.ARM.extab      0x08007304        0x0
                0x08007304                . = ALIGN (0x4)
 *(.ARM.extab* .gnu.linkonce.armextab.*)
                0x08007304                . = ALIGN (0x4)

.ARM            0x08007304        0x8
                0x08007304                . = ALIGN (0x4)
                0x08007304                __exidx_start = .
 *(.ARM.exidx*)
 .ARM.exidx     0x08007304        0x8 c:/users/lenovo/.platformio/packages/toolchain-gccarmnoneeabi/bin/../lib/gcc/arm-none-eabi/7.2.1/thumb/v6-m\libgcc.a(_udivmoddi4.o)
                0x0800730c                __exidx_end = .
                0x0800730c                . = ALIGN (0x4)

.rel.dyn        0x0800730c        0x0
 .rel.iplt      0x0800730c        0x0 c:/users/lenovo/.platformio/packages/toolchain-gccarmnoneeabi/bin/../lib/gcc/arm-none-eabi/7.2.1/thumb/v6-m/crtbegin.o

.preinit_array  0x0800730c        0x0
                0x0800730c                . = ALIGN (0x4)
                0x0800730c                PROVIDE (__preinit_array_start, .)
 *(.preinit_array*)
                0x0800730c                PROVIDE (__preinit_array_end, .)
                0x0800730c                . = ALIGN (0x4)

.init_array     0x0800730c        0x4
                0x0800730c                . = ALIGN (0x4)
                0x0800730c                PROVIDE (__init_array_start, .)
 *(SORT_BY_NAME(.init_array.*))
 *(.init_array*)
 .init_array    0x0800730c        0x4 c:/users/lenovo/.platformio/packages/toolchain-gccarmnoneeabi/bin/../lib/gcc/arm-none-eabi/7.2.1/thumb/v6-m/crtbegin.o
                0x08007310                PROVIDE (__init_array_end, .)
                0x08007310                . = ALIGN (0x4)

.fini_array     0x08007310        0x4
                0x08007310                . = ALIGN (0x4)
                [!provide]                PROVIDE (__fini_array_start, .)
 *(SORT_BY_NAME(.fini_array.*))
 *(.fini_array*)
 .fini_array    0x08007310        0x4 c:/users/lenovo/.platformio/packages/toolchain-gccarmnoneeabi/bin/../lib/gcc/arm-none-eabi/7.2.1/thumb/v6-m/crtbegin.o
                [!provide]                PROVIDE (__fini_array_end, .)
                0x08007314                . = ALIGN (0x4)
                0x08007314                _sidata = LOADADDR (.data)

.data           0x20000000       0x70 load address 0x08007314
                0x20000000                . = ALIGN (0x4)
                0x20000000                _sdata = .
 *(.data)
 .data          0x20000000        0x9 C:\Users\Lenovo\AppData\Local\Temp\ccvuzToD.ltrans0.ltrans.o
 *(.data*)
 *fill*         0x20000009        0x3 
 .data._impure_ptr
                0x2000000c        0x4 c:/users/lenovo/.platformio/packages/toolchain-gccarmnoneeabi/bin/../lib/gcc/arm-none-eabi/7.2.1/../../../../arm-none-eabi/lib/thumb/v6-m\libc_nano.a(lib_a-impure.o)
                0x2000000c                _impure_ptr
 .data.impure_data
                0x20000010       0x60 c:/users/lenovo/.platformio/packages/toolchain-gccarmnoneeabi/bin/../lib/gcc/arm-none-eabi/7.2.1/../../../../arm-none-eabi/lib/thumb/v6-m\libc_nano.a(lib_a-impure.o)
 *(.RamFunc)
 *(.RamFunc*)
                0x20000070                . = ALIGN (0x4)
                0x20000070                _edata = .

.igot.plt       0x20000070        0x0 load address 0x08007384
 .igot.plt      0x20000070        0x0 c:/users/lenovo/.platformio/packages/toolchain-gccarmnoneeabi/bin/../lib/gcc/arm-none-eabi/7.2.1/thumb/v6-m/crtbegin.o
                0x20000070                . = ALIGN (0x4)

.bss            0x20000070      0x378 load address 0x08007384
                0x20000070                _sbss = .
                0x20000070                __bss_start__ = _sbss
 *(.bss)
 .bss           0x20000070       0x1c c:/users/lenovo/.platformio/packages/toolchain-gccarmnoneeabi/bin/../lib/gcc/arm-none-eabi/7.2.1/thumb/v6-m/crtbegin.o
 *fill*         0x2000008c        0x4 
 .bss           0x20000090      0x348 C:\Users\Lenovo\AppData\Local\Temp\ccvuzToD.ltrans0.ltrans.o
 *(.bss*)
 .bss.__malloc_free_list
                0x200003d8        0x4 c:/users/lenovo/.platformio/packages/toolchain-gccarmnoneeabi/bin/../lib/gcc/arm-none-eabi/7.2.1/../../../../arm-none-eabi/lib/thumb/v6-m\libc_nano.a(lib_a-nano-mallocr.o)
                0x200003d8                __malloc_free_list
 .bss.__malloc_sbrk_start
                0x200003dc        0x4 c:/users/lenovo/.platformio/packages/toolchain-gccarmnoneeabi/bin/../lib/gcc/arm-none-eabi/7.2.1/../../../../arm-none-eabi/lib/thumb/v6-m\libc_nano.a(lib_a-nano-mallocr.o)
                0x200003dc                __malloc_sbrk_start
 .bss.heap_end.4102
                0x200003e0        0x4 c:/users/lenovo/.platformio/packages/toolchain-gccarmnoneeabi/bin/../lib/gcc/arm-none-eabi/7.2.1/../../../../arm-none-eabi/lib/thumb/v6-m\libnosys.a(sbrk.o)
 *(COMMON)
 COMMON         0x200003e4        0x4 c:/users/lenovo/.platformio/packages/toolchain-gccarmnoneeabi/bin/../lib/gcc/arm-none-eabi/7.2.1/../../../../arm-none-eabi/lib/thumb/v6-m\libc_nano.a(lib_a-reent.o)
                0x200003e4                errno
                0x200003e8                . = ALIGN (0x4)
                0x200003e8                _ebss = .
                0x200003e8                __bss_end__ = _ebss

._user_heap_stack
                0x200003e8      0x600 load address 0x08007384
                0x200003e8                . = ALIGN (0x8)
                0x200003e8                PROVIDE (end, .)
                [!provide]                PROVIDE (_end, .)
                0x200005e8                . = (. + _Min_Heap_Size)
 *fill*         0x200003e8      0x200 
                0x200009e8                . = (. + _Min_Stack_Size)
 *fill*         0x200005e8      0x400 
                0x200009e8                . = ALIGN (0x8)

/DISCARD/
 libc.a(*)
 libm.a(*)
 libgcc.a(*)

.ARM.attributes
                0x00000000       0x28
 *(.ARM.attributes)
 .ARM.attributes
                0x00000000       0x1e c:/users/lenovo/.platformio/packages/toolchain-gccarmnoneeabi/bin/../lib/gcc/arm-none-eabi/7.2.1/thumb/v6-m/crti.o
 .ARM.attributes
                0x0000001e       0x2c c:/users/lenovo/.platformio/packages/toolchain-gccarmnoneeabi/bin/../lib/gcc/arm-none-eabi/7.2.1/thumb/v6-m/crtbegin.o
 .ARM.attributes
                0x0000004a       0x21 .pio\build\nucleo_f031k6\FrameworkCMSIS\gcc\startup_stm32f031x6.o
 .ARM.attributes
                0x0000006b       0x2f C:\Users\Lenovo\AppData\Local\Temp\ccvuzToD.ltrans0.ltrans.o
 .ARM.attributes
                0x0000009a       0x2c c:/users/lenovo/.platformio/packages/toolchain-gccarmnoneeabi/bin/../lib/gcc/arm-none-eabi/7.2.1/../../../../arm-none-eabi/lib/thumb/v6-m\libc_nano.a(lib_a-impure.o)
 .ARM.attributes
                0x000000c6       0x2c c:/users/lenovo/.platformio/packages/toolchain-gccarmnoneeabi/bin/../lib/gcc/arm-none-eabi/7.2.1/../../../../arm-none-eabi/lib/thumb/v6-m\libc_nano.a(lib_a-init.o)
 .ARM.attributes
                0x000000f2       0x2c c:/users/lenovo/.platformio/packages/toolchain-gccarmnoneeabi/bin/../lib/gcc/arm-none-eabi/7.2.1/../../../../arm-none-eabi/lib/thumb/v6-m\libc_nano.a(lib_a-memset.o)
 .ARM.attributes
                0x0000011e       0x2c c:/users/lenovo/.platformio/packages/toolchain-gccarmnoneeabi/bin/../lib/gcc/arm-none-eabi/7.2.1/../../../../arm-none-eabi/lib/thumb/v6-m\libc_nano.a(lib_a-calloc.o)
 .ARM.attributes
                0x0000014a       0x2c c:/users/lenovo/.platformio/packages/toolchain-gccarmnoneeabi/bin/../lib/gcc/arm-none-eabi/7.2.1/../../../../arm-none-eabi/lib/thumb/v6-m\libc_nano.a(lib_a-malloc.o)
 .ARM.attributes
                0x00000176       0x2c c:/users/lenovo/.platformio/packages/toolchain-gccarmnoneeabi/bin/../lib/gcc/arm-none-eabi/7.2.1/../../../../arm-none-eabi/lib/thumb/v6-m\libc_nano.a(lib_a-memcpy-stub.o)
 .ARM.attributes
                0x000001a2       0x2c c:/users/lenovo/.platformio/packages/toolchain-gccarmnoneeabi/bin/../lib/gcc/arm-none-eabi/7.2.1/../../../../arm-none-eabi/lib/thumb/v6-m\libc_nano.a(lib_a-nano-callocr.o)
 .ARM.attributes
                0x000001ce       0x2c c:/users/lenovo/.platformio/packages/toolchain-gccarmnoneeabi/bin/../lib/gcc/arm-none-eabi/7.2.1/../../../../arm-none-eabi/lib/thumb/v6-m\libc_nano.a(lib_a-nano-freer.o)
 .ARM.attributes
                0x000001fa       0x2c c:/users/lenovo/.platformio/packages/toolchain-gccarmnoneeabi/bin/../lib/gcc/arm-none-eabi/7.2.1/../../../../arm-none-eabi/lib/thumb/v6-m\libc_nano.a(lib_a-nano-mallocr.o)
 .ARM.attributes
                0x00000226       0x2c c:/users/lenovo/.platformio/packages/toolchain-gccarmnoneeabi/bin/../lib/gcc/arm-none-eabi/7.2.1/../../../../arm-none-eabi/lib/thumb/v6-m\libc_nano.a(lib_a-sbrkr.o)
 .ARM.attributes
                0x00000252       0x2c c:/users/lenovo/.platformio/packages/toolchain-gccarmnoneeabi/bin/../lib/gcc/arm-none-eabi/7.2.1/../../../../arm-none-eabi/lib/thumb/v6-m\libc_nano.a(lib_a-mlock.o)
 .ARM.attributes
                0x0000027e       0x2c c:/users/lenovo/.platformio/packages/toolchain-gccarmnoneeabi/bin/../lib/gcc/arm-none-eabi/7.2.1/../../../../arm-none-eabi/lib/thumb/v6-m\libc_nano.a(lib_a-reent.o)
 .ARM.attributes
                0x000002aa       0x2c c:/users/lenovo/.platformio/packages/toolchain-gccarmnoneeabi/bin/../lib/gcc/arm-none-eabi/7.2.1/../../../../arm-none-eabi/lib/thumb/v6-m\libnosys.a(sbrk.o)
 .ARM.attributes
                0x000002d6       0x1e c:/users/lenovo/.platformio/packages/toolchain-gccarmnoneeabi/bin/../lib/gcc/arm-none-eabi/7.2.1/thumb/v6-m\libgcc.a(_thumb1_case_sqi.o)
 .ARM.attributes
                0x000002f4       0x1e c:/users/lenovo/.platformio/packages/toolchain-gccarmnoneeabi/bin/../lib/gcc/arm-none-eabi/7.2.1/thumb/v6-m\libgcc.a(_thumb1_case_uqi.o)
 .ARM.attributes
                0x00000312       0x1e c:/users/lenovo/.platformio/packages/toolchain-gccarmnoneeabi/bin/../lib/gcc/arm-none-eabi/7.2.1/thumb/v6-m\libgcc.a(_thumb1_case_shi.o)
 .ARM.attributes
                0x00000330       0x1e c:/users/lenovo/.platformio/packages/toolchain-gccarmnoneeabi/bin/../lib/gcc/arm-none-eabi/7.2.1/thumb/v6-m\libgcc.a(_udivsi3.o)
 .ARM.attributes
                0x0000034e       0x1e c:/users/lenovo/.platformio/packages/toolchain-gccarmnoneeabi/bin/../lib/gcc/arm-none-eabi/7.2.1/thumb/v6-m\libgcc.a(_dvmd_tls.o)
 .ARM.attributes
                0x0000036c       0x1e c:/users/lenovo/.platformio/packages/toolchain-gccarmnoneeabi/bin/../lib/gcc/arm-none-eabi/7.2.1/thumb/v6-m\libgcc.a(_aeabi_uldivmod.o)
 .ARM.attributes
                0x0000038a       0x2c c:/users/lenovo/.platformio/packages/toolchain-gccarmnoneeabi/bin/../lib/gcc/arm-none-eabi/7.2.1/thumb/v6-m\libgcc.a(_muldi3.o)
 .ARM.attributes
                0x000003b6       0x2c c:/users/lenovo/.platformio/packages/toolchain-gccarmnoneeabi/bin/../lib/gcc/arm-none-eabi/7.2.1/thumb/v6-m\libgcc.a(_udivmoddi4.o)
 .ARM.attributes
                0x000003e2       0x1e c:/users/lenovo/.platformio/packages/toolchain-gccarmnoneeabi/bin/../lib/gcc/arm-none-eabi/7.2.1/thumb/v6-m\libgcc.a(_clzdi2.o)
 .ARM.attributes
                0x00000400       0x1e c:/users/lenovo/.platformio/packages/toolchain-gccarmnoneeabi/bin/../lib/gcc/arm-none-eabi/7.2.1/thumb/v6-m\libgcc.a(_clzsi2.o)
 .ARM.attributes
                0x0000041e       0x1e c:/users/lenovo/.platformio/packages/toolchain-gccarmnoneeabi/bin/../lib/gcc/arm-none-eabi/7.2.1/thumb/v6-m/crtn.o
OUTPUT(.pio\build\nucleo_f031k6\firmware.elf elf32-littlearm)

.comment        0x00000000       0x7e
 .comment       0x00000000       0x7e C:\Users\Lenovo\AppData\Local\Temp\ccvuzToD.ltrans0.ltrans.o
                                 0x7f (size before relaxing)

.debug_frame    0x00000000      0x2b4
 .debug_frame   0x00000000       0x2c c:/users/lenovo/.platformio/packages/toolchain-gccarmnoneeabi/bin/../lib/gcc/arm-none-eabi/7.2.1/../../../../arm-none-eabi/lib/thumb/v6-m\libc_nano.a(lib_a-init.o)
 .debug_frame   0x0000002c       0x20 c:/users/lenovo/.platformio/packages/toolchain-gccarmnoneeabi/bin/../lib/gcc/arm-none-eabi/7.2.1/../../../../arm-none-eabi/lib/thumb/v6-m\libc_nano.a(lib_a-memset.o)
 .debug_frame   0x0000004c       0x28 c:/users/lenovo/.platformio/packages/toolchain-gccarmnoneeabi/bin/../lib/gcc/arm-none-eabi/7.2.1/../../../../arm-none-eabi/lib/thumb/v6-m\libc_nano.a(lib_a-calloc.o)
 .debug_frame   0x00000074       0x40 c:/users/lenovo/.platformio/packages/toolchain-gccarmnoneeabi/bin/../lib/gcc/arm-none-eabi/7.2.1/../../../../arm-none-eabi/lib/thumb/v6-m\libc_nano.a(lib_a-malloc.o)
 .debug_frame   0x000000b4       0x28 c:/users/lenovo/.platformio/packages/toolchain-gccarmnoneeabi/bin/../lib/gcc/arm-none-eabi/7.2.1/../../../../arm-none-eabi/lib/thumb/v6-m\libc_nano.a(lib_a-memcpy-stub.o)
 .debug_frame   0x000000dc       0x2c c:/users/lenovo/.platformio/packages/toolchain-gccarmnoneeabi/bin/../lib/gcc/arm-none-eabi/7.2.1/../../../../arm-none-eabi/lib/thumb/v6-m\libc_nano.a(lib_a-nano-callocr.o)
 .debug_frame   0x00000108       0x2c c:/users/lenovo/.platformio/packages/toolchain-gccarmnoneeabi/bin/../lib/gcc/arm-none-eabi/7.2.1/../../../../arm-none-eabi/lib/thumb/v6-m\libc_nano.a(lib_a-nano-freer.o)
 .debug_frame   0x00000134       0x2c c:/users/lenovo/.platformio/packages/toolchain-gccarmnoneeabi/bin/../lib/gcc/arm-none-eabi/7.2.1/../../../../arm-none-eabi/lib/thumb/v6-m\libc_nano.a(lib_a-nano-mallocr.o)
 .debug_frame   0x00000160       0x2c c:/users/lenovo/.platformio/packages/toolchain-gccarmnoneeabi/bin/../lib/gcc/arm-none-eabi/7.2.1/../../../../arm-none-eabi/lib/thumb/v6-m\libc_nano.a(lib_a-sbrkr.o)
 .debug_frame   0x0000018c       0x30 c:/users/lenovo/.platformio/packages/toolchain-gccarmnoneeabi/bin/../lib/gcc/arm-none-eabi/7.2.1/../../../../arm-none-eabi/lib/thumb/v6-m\libc_nano.a(lib_a-mlock.o)
 .debug_frame   0x000001bc       0x48 c:/users/lenovo/.platformio/packages/toolchain-gccarmnoneeabi/bin/../lib/gcc/arm-none-eabi/7.2.1/../../../../arm-none-eabi/lib/thumb/v6-m\libc_nano.a(lib_a-reent.o)
 .debug_frame   0x00000204       0x20 c:/users/lenovo/.platformio/packages/toolchain-gccarmnoneeabi/bin/../lib/gcc/arm-none-eabi/7.2.1/../../../../arm-none-eabi/lib/thumb/v6-m\libnosys.a(sbrk.o)
 .debug_frame   0x00000224       0x20 c:/users/lenovo/.platformio/packages/toolchain-gccarmnoneeabi/bin/../lib/gcc/arm-none-eabi/7.2.1/thumb/v6-m\libgcc.a(_udivsi3.o)
 .debug_frame   0x00000244       0x34 c:/users/lenovo/.platformio/packages/toolchain-gccarmnoneeabi/bin/../lib/gcc/arm-none-eabi/7.2.1/thumb/v6-m\libgcc.a(_muldi3.o)
 .debug_frame   0x00000278       0x3c c:/users/lenovo/.platformio/packages/toolchain-gccarmnoneeabi/bin/../lib/gcc/arm-none-eabi/7.2.1/thumb/v6-m\libgcc.a(_udivmoddi4.o)

Cross Reference Table

Symbol                                            File
ADC1_IRQHandler                                   .pio\build\nucleo_f031k6\FrameworkCMSIS\gcc\startup_stm32f031x6.o
AHBPrescTable                                     .pio\build\nucleo_f031k6\FrameworkCMSIS\system_stm32f0xx.o (symbol from plugin)
APBPrescTable                                     .pio\build\nucleo_f031k6\FrameworkCMSIS\system_stm32f0xx.o (symbol from plugin)
DMA1_Channel1_IRQHandler                          .pio\build\nucleo_f031k6\FrameworkCMSIS\gcc\startup_stm32f031x6.o
DMA1_Channel2_3_IRQHandler                        .pio\build\nucleo_f031k6\FrameworkCMSIS\gcc\startup_stm32f031x6.o
DMA1_Channel4_5_IRQHandler                        .pio\build\nucleo_f031k6\FrameworkCMSIS\gcc\startup_stm32f031x6.o
Default_Handler                                   .pio\build\nucleo_f031k6\FrameworkCMSIS\gcc\startup_stm32f031x6.o
EXTI0_1_IRQHandler                                .pio\build\nucleo_f031k6\FrameworkCMSIS\gcc\startup_stm32f031x6.o
EXTI2_3_IRQHandler                                .pio\build\nucleo_f031k6\FrameworkCMSIS\gcc\startup_stm32f031x6.o
EXTI4_15_IRQHandler                               .pio\build\nucleo_f031k6\FrameworkCMSIS\gcc\startup_stm32f031x6.o
FLASH_IRQHandler                                  .pio\build\nucleo_f031k6\FrameworkCMSIS\gcc\startup_stm32f031x6.o
HardFault_Handler                                 .pio\build\nucleo_f031k6\FrameworkCMSIS\gcc\startup_stm32f031x6.o
I2C1_IRQHandler                                   .pio\build\nucleo_f031k6\FrameworkCMSIS\gcc\startup_stm32f031x6.o
NMI_Handler                                       .pio\build\nucleo_f031k6\FrameworkCMSIS\gcc\startup_stm32f031x6.o
PVD_IRQHandler                                    .pio\build\nucleo_f031k6\FrameworkCMSIS\gcc\startup_stm32f031x6.o
PendSV_Handler                                    .pio\build\nucleo_f031k6\FrameworkCMSIS\gcc\startup_stm32f031x6.o
RCC_IRQHandler                                    .pio\build\nucleo_f031k6\FrameworkCMSIS\gcc\startup_stm32f031x6.o
RGBToWord                                         .pio\build\nucleo_f031k6\src\frontend&drawing\display.o (symbol from plugin)
RTC_IRQHandler                                    .pio\build\nucleo_f031k6\FrameworkCMSIS\gcc\startup_stm32f031x6.o
Reset_Handler                                     .pio\build\nucleo_f031k6\FrameworkCMSIS\gcc\startup_stm32f031x6.o
SET_UP_STM                                        .pio\build\nucleo_f031k6\src\utils\events.o (symbol from plugin)
                                                  .pio\build\nucleo_f031k6\src\main.o (symbol from plugin)
SPI1_IRQHandler                                   .pio\build\nucleo_f031k6\FrameworkCMSIS\gcc\startup_stm32f031x6.o
SVC_Handler                                       .pio\build\nucleo_f031k6\FrameworkCMSIS\gcc\startup_stm32f031x6.o
SysTick_Handler                                   C:\Users\Lenovo\AppData\Local\Temp\ccvuzToD.ltrans0.ltrans.o
                                                  .pio\build\nucleo_f031k6\src\utils\events.o (symbol from plugin)
                                                  .pio\build\nucleo_f031k6\FrameworkCMSIS\gcc\startup_stm32f031x6.o
SystemCoreClock                                   .pio\build\nucleo_f031k6\FrameworkCMSIS\system_stm32f0xx.o (symbol from plugin)
SystemCoreClockUpdate                             .pio\build\nucleo_f031k6\FrameworkCMSIS\system_stm32f0xx.o (symbol from plugin)
SystemInit                                        C:\Users\Lenovo\AppData\Local\Temp\ccvuzToD.ltrans0.ltrans.o
                                                  .pio\build\nucleo_f031k6\FrameworkCMSIS\system_stm32f0xx.o (symbol from plugin)
                                                  .pio\build\nucleo_f031k6\FrameworkCMSIS\gcc\startup_stm32f031x6.o
TIM14_IRQHandler                                  .pio\build\nucleo_f031k6\FrameworkCMSIS\gcc\startup_stm32f031x6.o
TIM16_IRQHandler                                  .pio\build\nucleo_f031k6\FrameworkCMSIS\gcc\startup_stm32f031x6.o
TIM17_IRQHandler                                  .pio\build\nucleo_f031k6\FrameworkCMSIS\gcc\startup_stm32f031x6.o
TIM1_BRK_UP_TRG_COM_IRQHandler                    .pio\build\nucleo_f031k6\FrameworkCMSIS\gcc\startup_stm32f031x6.o
TIM1_CC_IRQHandler                                .pio\build\nucleo_f031k6\FrameworkCMSIS\gcc\startup_stm32f031x6.o
TIM2_IRQHandler                                   .pio\build\nucleo_f031k6\FrameworkCMSIS\gcc\startup_stm32f031x6.o
TIM3_IRQHandler                                   .pio\build\nucleo_f031k6\FrameworkCMSIS\gcc\startup_stm32f031x6.o
USART1_IRQHandler                                 .pio\build\nucleo_f031k6\FrameworkCMSIS\gcc\startup_stm32f031x6.o
WWDG_IRQHandler                                   .pio\build\nucleo_f031k6\FrameworkCMSIS\gcc\startup_stm32f031x6.o
__aeabi_idiv                                      c:/users/lenovo/.platformio/packages/toolchain-gccarmnoneeabi/bin/../lib/gcc/arm-none-eabi/7.2.1/thumb/v6-m\libgcc.a(_divsi3.o)
                                                  C:\Users\Lenovo\AppData\Local\Temp\ccvuzToD.ltrans0.ltrans.o
__aeabi_idiv0                                     c:/users/lenovo/.platformio/packages/toolchain-gccarmnoneeabi/bin/../lib/gcc/arm-none-eabi/7.2.1/thumb/v6-m\libgcc.a(_dvmd_tls.o)
                                                  c:/users/lenovo/.platformio/packages/toolchain-gccarmnoneeabi/bin/../lib/gcc/arm-none-eabi/7.2.1/thumb/v6-m\libgcc.a(_divsi3.o)
                                                  c:/users/lenovo/.platformio/packages/toolchain-gccarmnoneeabi/bin/../lib/gcc/arm-none-eabi/7.2.1/thumb/v6-m\libgcc.a(_udivsi3.o)
__aeabi_idivmod                                   c:/users/lenovo/.platformio/packages/toolchain-gccarmnoneeabi/bin/../lib/gcc/arm-none-eabi/7.2.1/thumb/v6-m\libgcc.a(_divsi3.o)
__aeabi_ldiv0                                     c:/users/lenovo/.platformio/packages/toolchain-gccarmnoneeabi/bin/../lib/gcc/arm-none-eabi/7.2.1/thumb/v6-m\libgcc.a(_dvmd_tls.o)
                                                  c:/users/lenovo/.platformio/packages/toolchain-gccarmnoneeabi/bin/../lib/gcc/arm-none-eabi/7.2.1/thumb/v6-m\libgcc.a(_aeabi_uldivmod.o)
__aeabi_lmul                                      c:/users/lenovo/.platformio/packages/toolchain-gccarmnoneeabi/bin/../lib/gcc/arm-none-eabi/7.2.1/thumb/v6-m\libgcc.a(_muldi3.o)
                                                  C:\Users\Lenovo\AppData\Local\Temp\ccvuzToD.ltrans0.ltrans.o
__aeabi_uidiv                                     c:/users/lenovo/.platformio/packages/toolchain-gccarmnoneeabi/bin/../lib/gcc/arm-none-eabi/7.2.1/thumb/v6-m\libgcc.a(_udivsi3.o)
                                                  C:\Users\Lenovo\AppData\Local\Temp\ccvuzToD.ltrans0.ltrans.o
__aeabi_uidivmod                                  c:/users/lenovo/.platformio/packages/toolchain-gccarmnoneeabi/bin/../lib/gcc/arm-none-eabi/7.2.1/thumb/v6-m\libgcc.a(_udivsi3.o)
__aeabi_uldivmod                                  c:/users/lenovo/.platformio/packages/toolchain-gccarmnoneeabi/bin/../lib/gcc/arm-none-eabi/7.2.1/thumb/v6-m\libgcc.a(_aeabi_uldivmod.o)
                                                  C:\Users\Lenovo\AppData\Local\Temp\ccvuzToD.ltrans0.ltrans.o
__bss_end__                                       c:/users/lenovo/.platformio/packages/toolchain-gccarmnoneeabi/bin/../lib/gcc/arm-none-eabi/7.2.1/../../../../arm-none-eabi/lib/thumb/v6-m/crt0.o
__bss_start__                                     c:/users/lenovo/.platformio/packages/toolchain-gccarmnoneeabi/bin/../lib/gcc/arm-none-eabi/7.2.1/../../../../arm-none-eabi/lib/thumb/v6-m/crt0.o
__call_exitprocs                                  c:/users/lenovo/.platformio/packages/toolchain-gccarmnoneeabi/bin/../lib/gcc/arm-none-eabi/7.2.1/../../../../arm-none-eabi/lib/thumb/v6-m\libc_nano.a(lib_a-exit.o)
__clzdi2                                          c:/users/lenovo/.platformio/packages/toolchain-gccarmnoneeabi/bin/../lib/gcc/arm-none-eabi/7.2.1/thumb/v6-m\libgcc.a(_clzdi2.o)
                                                  c:/users/lenovo/.platformio/packages/toolchain-gccarmnoneeabi/bin/../lib/gcc/arm-none-eabi/7.2.1/thumb/v6-m\libgcc.a(_udivmoddi4.o)
__clzsi2                                          c:/users/lenovo/.platformio/packages/toolchain-gccarmnoneeabi/bin/../lib/gcc/arm-none-eabi/7.2.1/thumb/v6-m\libgcc.a(_clzsi2.o)
                                                  c:/users/lenovo/.platformio/packages/toolchain-gccarmnoneeabi/bin/../lib/gcc/arm-none-eabi/7.2.1/thumb/v6-m\libgcc.a(_clzdi2.o)
__deregister_frame_info                           c:/users/lenovo/.platformio/packages/toolchain-gccarmnoneeabi/bin/../lib/gcc/arm-none-eabi/7.2.1/thumb/v6-m/crtbegin.o
__divsi3                                          c:/users/lenovo/.platformio/packages/toolchain-gccarmnoneeabi/bin/../lib/gcc/arm-none-eabi/7.2.1/thumb/v6-m\libgcc.a(_divsi3.o)
__dso_handle                                      c:/users/lenovo/.platformio/packages/toolchain-gccarmnoneeabi/bin/../lib/gcc/arm-none-eabi/7.2.1/thumb/v6-m/crtbegin.o
__gnu_thumb1_case_shi                             c:/users/lenovo/.platformio/packages/toolchain-gccarmnoneeabi/bin/../lib/gcc/arm-none-eabi/7.2.1/thumb/v6-m\libgcc.a(_thumb1_case_shi.o)
                                                  C:\Users\Lenovo\AppData\Local\Temp\ccvuzToD.ltrans0.ltrans.o
__gnu_thumb1_case_sqi                             c:/users/lenovo/.platformio/packages/toolchain-gccarmnoneeabi/bin/../lib/gcc/arm-none-eabi/7.2.1/thumb/v6-m\libgcc.a(_thumb1_case_sqi.o)
                                                  C:\Users\Lenovo\AppData\Local\Temp\ccvuzToD.ltrans0.ltrans.o
__gnu_thumb1_case_uqi                             c:/users/lenovo/.platformio/packages/toolchain-gccarmnoneeabi/bin/../lib/gcc/arm-none-eabi/7.2.1/thumb/v6-m\libgcc.a(_thumb1_case_uqi.o)
                                                  C:\Users\Lenovo\AppData\Local\Temp\ccvuzToD.ltrans0.ltrans.o
__init_array_end                                  c:/users/lenovo/.platformio/packages/toolchain-gccarmnoneeabi/bin/../lib/gcc/arm-none-eabi/7.2.1/../../../../arm-none-eabi/lib/thumb/v6-m\libc_nano.a(lib_a-init.o)
__init_array_start                                c:/users/lenovo/.platformio/packages/toolchain-gccarmnoneeabi/bin/../lib/gcc/arm-none-eabi/7.2.1/../../../../arm-none-eabi/lib/thumb/v6-m\libc_nano.a(lib_a-init.o)
__libc_fini_array                                 c:/users/lenovo/.platformio/packages/toolchain-gccarmnoneeabi/bin/../lib/gcc/arm-none-eabi/7.2.1/../../../../arm-none-eabi/lib/thumb/v6-m/crt0.o
__libc_init_array                                 c:/users/lenovo/.platformio/packages/toolchain-gccarmnoneeabi/bin/../lib/gcc/arm-none-eabi/7.2.1/../../../../arm-none-eabi/lib/thumb/v6-m\libc_nano.a(lib_a-init.o)
                                                  .pio\build\nucleo_f031k6\FrameworkCMSIS\gcc\startup_stm32f031x6.o
                                                  c:/users/lenovo/.platformio/packages/toolchain-gccarmnoneeabi/bin/../lib/gcc/arm-none-eabi/7.2.1/../../../../arm-none-eabi/lib/thumb/v6-m/crt0.o
__malloc_free_list                                c:/users/lenovo/.platformio/packages/toolchain-gccarmnoneeabi/bin/../lib/gcc/arm-none-eabi/7.2.1/../../../../arm-none-eabi/lib/thumb/v6-m\libc_nano.a(lib_a-nano-mallocr.o)
                                                  c:/users/lenovo/.platformio/packages/toolchain-gccarmnoneeabi/bin/../lib/gcc/arm-none-eabi/7.2.1/../../../../arm-none-eabi/lib/thumb/v6-m\libc_nano.a(lib_a-nano-freer.o)
__malloc_lock                                     c:/users/lenovo/.platformio/packages/toolchain-gccarmnoneeabi/bin/../lib/gcc/arm-none-eabi/7.2.1/../../../../arm-none-eabi/lib/thumb/v6-m\libc_nano.a(lib_a-mlock.o)
                                                  c:/users/lenovo/.platformio/packages/toolchain-gccarmnoneeabi/bin/../lib/gcc/arm-none-eabi/7.2.1/../../../../arm-none-eabi/lib/thumb/v6-m\libc_nano.a(lib_a-nano-mallocr.o)
                                                  c:/users/lenovo/.platformio/packages/toolchain-gccarmnoneeabi/bin/../lib/gcc/arm-none-eabi/7.2.1/../../../../arm-none-eabi/lib/thumb/v6-m\libc_nano.a(lib_a-nano-freer.o)
__malloc_sbrk_start                               c:/users/lenovo/.platformio/packages/toolchain-gccarmnoneeabi/bin/../lib/gcc/arm-none-eabi/7.2.1/../../../../arm-none-eabi/lib/thumb/v6-m\libc_nano.a(lib_a-nano-mallocr.o)
__malloc_unlock                                   c:/users/lenovo/.platformio/packages/toolchain-gccarmnoneeabi/bin/../lib/gcc/arm-none-eabi/7.2.1/../../../../arm-none-eabi/lib/thumb/v6-m\libc_nano.a(lib_a-mlock.o)
                                                  c:/users/lenovo/.platformio/packages/toolchain-gccarmnoneeabi/bin/../lib/gcc/arm-none-eabi/7.2.1/../../../../arm-none-eabi/lib/thumb/v6-m\libc_nano.a(lib_a-nano-mallocr.o)
                                                  c:/users/lenovo/.platformio/packages/toolchain-gccarmnoneeabi/bin/../lib/gcc/arm-none-eabi/7.2.1/../../../../arm-none-eabi/lib/thumb/v6-m\libc_nano.a(lib_a-nano-freer.o)
__muldi3                                          c:/users/lenovo/.platformio/packages/toolchain-gccarmnoneeabi/bin/../lib/gcc/arm-none-eabi/7.2.1/thumb/v6-m\libgcc.a(_muldi3.o)
__preinit_array_end                               c:/users/lenovo/.platformio/packages/toolchain-gccarmnoneeabi/bin/../lib/gcc/arm-none-eabi/7.2.1/../../../../arm-none-eabi/lib/thumb/v6-m\libc_nano.a(lib_a-init.o)
__preinit_array_start                             c:/users/lenovo/.platformio/packages/toolchain-gccarmnoneeabi/bin/../lib/gcc/arm-none-eabi/7.2.1/../../../../arm-none-eabi/lib/thumb/v6-m\libc_nano.a(lib_a-init.o)
__register_frame_info                             c:/users/lenovo/.platformio/packages/toolchain-gccarmnoneeabi/bin/../lib/gcc/arm-none-eabi/7.2.1/thumb/v6-m/crtbegin.o
__sf_fake_stderr                                  c:/users/lenovo/.platformio/packages/toolchain-gccarmnoneeabi/bin/../lib/gcc/arm-none-eabi/7.2.1/../../../../arm-none-eabi/lib/thumb/v6-m\libc_nano.a(lib_a-impure.o)
__sf_fake_stdin                                   c:/users/lenovo/.platformio/packages/toolchain-gccarmnoneeabi/bin/../lib/gcc/arm-none-eabi/7.2.1/../../../../arm-none-eabi/lib/thumb/v6-m\libc_nano.a(lib_a-impure.o)
__sf_fake_stdout                                  c:/users/lenovo/.platformio/packages/toolchain-gccarmnoneeabi/bin/../lib/gcc/arm-none-eabi/7.2.1/../../../../arm-none-eabi/lib/thumb/v6-m\libc_nano.a(lib_a-impure.o)
__stack                                           c:/users/lenovo/.platformio/packages/toolchain-gccarmnoneeabi/bin/../lib/gcc/arm-none-eabi/7.2.1/../../../../arm-none-eabi/lib/thumb/v6-m/crt0.o
__udivmoddi4                                      c:/users/lenovo/.platformio/packages/toolchain-gccarmnoneeabi/bin/../lib/gcc/arm-none-eabi/7.2.1/thumb/v6-m\libgcc.a(_udivmoddi4.o)
                                                  c:/users/lenovo/.platformio/packages/toolchain-gccarmnoneeabi/bin/../lib/gcc/arm-none-eabi/7.2.1/thumb/v6-m\libgcc.a(_aeabi_uldivmod.o)
__udivsi3                                         c:/users/lenovo/.platformio/packages/toolchain-gccarmnoneeabi/bin/../lib/gcc/arm-none-eabi/7.2.1/thumb/v6-m\libgcc.a(_udivsi3.o)
_blinky                                           .pio\build\nucleo_f031k6\src\behaviours\entities&sprites\blinky.o (symbol from plugin)
                                                  .pio\build\nucleo_f031k6\src\main.o (symbol from plugin)
_blinky_feed_next                                 .pio\build\nucleo_f031k6\src\behaviours\entities&sprites\blinky.o (symbol from plugin)
                                                  .pio\build\nucleo_f031k6\src\main.o (symbol from plugin)
_calloc_r                                         c:/users/lenovo/.platformio/packages/toolchain-gccarmnoneeabi/bin/../lib/gcc/arm-none-eabi/7.2.1/../../../../arm-none-eabi/lib/thumb/v6-m\libc_nano.a(lib_a-nano-callocr.o)
                                                  c:/users/lenovo/.platformio/packages/toolchain-gccarmnoneeabi/bin/../lib/gcc/arm-none-eabi/7.2.1/../../../../arm-none-eabi/lib/thumb/v6-m\libc_nano.a(lib_a-calloc.o)
_clyde                                            .pio\build\nucleo_f031k6\src\behaviours\entities&sprites\clyde.o (symbol from plugin)
                                                  .pio\build\nucleo_f031k6\src\main.o (symbol from plugin)
_clyde_feed_next                                  .pio\build\nucleo_f031k6\src\behaviours\entities&sprites\clyde.o (symbol from plugin)
                                                  .pio\build\nucleo_f031k6\src\main.o (symbol from plugin)
_ebss                                             .pio\build\nucleo_f031k6\FrameworkCMSIS\gcc\startup_stm32f031x6.o
_edata                                            .pio\build\nucleo_f031k6\FrameworkCMSIS\gcc\startup_stm32f031x6.o
_estack                                           .pio\build\nucleo_f031k6\FrameworkCMSIS\gcc\startup_stm32f031x6.o
_exit                                             c:/users/lenovo/.platformio/packages/toolchain-gccarmnoneeabi/bin/../lib/gcc/arm-none-eabi/7.2.1/../../../../arm-none-eabi/lib/thumb/v6-m\libnosys.a(_exit.o)
                                                  c:/users/lenovo/.platformio/packages/toolchain-gccarmnoneeabi/bin/../lib/gcc/arm-none-eabi/7.2.1/../../../../arm-none-eabi/lib/thumb/v6-m\libc_nano.a(lib_a-exit.o)
_feed                                             .pio\build\nucleo_f031k6\src\music&sound\tones.o (symbol from plugin)
_fini                                             c:/users/lenovo/.platformio/packages/toolchain-gccarmnoneeabi/bin/../lib/gcc/arm-none-eabi/7.2.1/thumb/v6-m/crti.o
_free_r                                           c:/users/lenovo/.platformio/packages/toolchain-gccarmnoneeabi/bin/../lib/gcc/arm-none-eabi/7.2.1/../../../../arm-none-eabi/lib/thumb/v6-m\libc_nano.a(lib_a-nano-freer.o)
                                                  c:/users/lenovo/.platformio/packages/toolchain-gccarmnoneeabi/bin/../lib/gcc/arm-none-eabi/7.2.1/../../../../arm-none-eabi/lib/thumb/v6-m\libc_nano.a(lib_a-reent.o)
                                                  c:/users/lenovo/.platformio/packages/toolchain-gccarmnoneeabi/bin/../lib/gcc/arm-none-eabi/7.2.1/../../../../arm-none-eabi/lib/thumb/v6-m\libc_nano.a(lib_a-malloc.o)
_global_impure_ptr                                c:/users/lenovo/.platformio/packages/toolchain-gccarmnoneeabi/bin/../lib/gcc/arm-none-eabi/7.2.1/../../../../arm-none-eabi/lib/thumb/v6-m\libc_nano.a(lib_a-impure.o)
                                                  c:/users/lenovo/.platformio/packages/toolchain-gccarmnoneeabi/bin/../lib/gcc/arm-none-eabi/7.2.1/../../../../arm-none-eabi/lib/thumb/v6-m\libc_nano.a(lib_a-exit.o)
_impure_ptr                                       c:/users/lenovo/.platformio/packages/toolchain-gccarmnoneeabi/bin/../lib/gcc/arm-none-eabi/7.2.1/../../../../arm-none-eabi/lib/thumb/v6-m\libc_nano.a(lib_a-impure.o)
                                                  c:/users/lenovo/.platformio/packages/toolchain-gccarmnoneeabi/bin/../lib/gcc/arm-none-eabi/7.2.1/../../../../arm-none-eabi/lib/thumb/v6-m\libc_nano.a(lib_a-reent.o)
                                                  c:/users/lenovo/.platformio/packages/toolchain-gccarmnoneeabi/bin/../lib/gcc/arm-none-eabi/7.2.1/../../../../arm-none-eabi/lib/thumb/v6-m\libc_nano.a(lib_a-malloc.o)
                                                  c:/users/lenovo/.platformio/packages/toolchain-gccarmnoneeabi/bin/../lib/gcc/arm-none-eabi/7.2.1/../../../../arm-none-eabi/lib/thumb/v6-m\libc_nano.a(lib_a-calloc.o)
_init                                             c:/users/lenovo/.platformio/packages/toolchain-gccarmnoneeabi/bin/../lib/gcc/arm-none-eabi/7.2.1/thumb/v6-m/crti.o
                                                  c:/users/lenovo/.platformio/packages/toolchain-gccarmnoneeabi/bin/../lib/gcc/arm-none-eabi/7.2.1/../../../../arm-none-eabi/lib/thumb/v6-m\libc_nano.a(lib_a-init.o)
_inky                                             .pio\build\nucleo_f031k6\src\behaviours\entities&sprites\inky.o (symbol from plugin)
                                                  .pio\build\nucleo_f031k6\src\main.o (symbol from plugin)
_inky_feed_next                                   .pio\build\nucleo_f031k6\src\behaviours\entities&sprites\inky.o (symbol from plugin)
                                                  .pio\build\nucleo_f031k6\src\main.o (symbol from plugin)
_mainCRTStartup                                   c:/users/lenovo/.platformio/packages/toolchain-gccarmnoneeabi/bin/../lib/gcc/arm-none-eabi/7.2.1/../../../../arm-none-eabi/lib/thumb/v6-m/crt0.o
_malloc_r                                         c:/users/lenovo/.platformio/packages/toolchain-gccarmnoneeabi/bin/../lib/gcc/arm-none-eabi/7.2.1/../../../../arm-none-eabi/lib/thumb/v6-m\libc_nano.a(lib_a-nano-mallocr.o)
                                                  c:/users/lenovo/.platformio/packages/toolchain-gccarmnoneeabi/bin/../lib/gcc/arm-none-eabi/7.2.1/../../../../arm-none-eabi/lib/thumb/v6-m\libc_nano.a(lib_a-nano-callocr.o)
                                                  c:/users/lenovo/.platformio/packages/toolchain-gccarmnoneeabi/bin/../lib/gcc/arm-none-eabi/7.2.1/../../../../arm-none-eabi/lib/thumb/v6-m\libc_nano.a(lib_a-malloc.o)
_pacman                                           .pio\build\nucleo_f031k6\src\behaviours\entities&sprites\pacman.o (symbol from plugin)
                                                  .pio\build\nucleo_f031k6\src\main.o (symbol from plugin)
_pinky                                            .pio\build\nucleo_f031k6\src\behaviours\entities&sprites\pinky.o (symbol from plugin)
                                                  .pio\build\nucleo_f031k6\src\main.o (symbol from plugin)
_pinky_feed_next                                  .pio\build\nucleo_f031k6\src\behaviours\entities&sprites\pinky.o (symbol from plugin)
                                                  .pio\build\nucleo_f031k6\src\main.o (symbol from plugin)
_reclaim_reent                                    c:/users/lenovo/.platformio/packages/toolchain-gccarmnoneeabi/bin/../lib/gcc/arm-none-eabi/7.2.1/../../../../arm-none-eabi/lib/thumb/v6-m\libc_nano.a(lib_a-reent.o)
_sbrk                                             c:/users/lenovo/.platformio/packages/toolchain-gccarmnoneeabi/bin/../lib/gcc/arm-none-eabi/7.2.1/../../../../arm-none-eabi/lib/thumb/v6-m\libnosys.a(sbrk.o)
                                                  c:/users/lenovo/.platformio/packages/toolchain-gccarmnoneeabi/bin/../lib/gcc/arm-none-eabi/7.2.1/../../../../arm-none-eabi/lib/thumb/v6-m\libc_nano.a(lib_a-sbrkr.o)
_sbrk_r                                           c:/users/lenovo/.platformio/packages/toolchain-gccarmnoneeabi/bin/../lib/gcc/arm-none-eabi/7.2.1/../../../../arm-none-eabi/lib/thumb/v6-m\libc_nano.a(lib_a-sbrkr.o)
                                                  c:/users/lenovo/.platformio/packages/toolchain-gccarmnoneeabi/bin/../lib/gcc/arm-none-eabi/7.2.1/../../../../arm-none-eabi/lib/thumb/v6-m\libc_nano.a(lib_a-nano-mallocr.o)
_sbss                                             .pio\build\nucleo_f031k6\FrameworkCMSIS\gcc\startup_stm32f031x6.o
_sdata                                            .pio\build\nucleo_f031k6\FrameworkCMSIS\gcc\startup_stm32f031x6.o
_sidata                                           .pio\build\nucleo_f031k6\FrameworkCMSIS\gcc\startup_stm32f031x6.o
_start                                            c:/users/lenovo/.platformio/packages/toolchain-gccarmnoneeabi/bin/../lib/gcc/arm-none-eabi/7.2.1/../../../../arm-none-eabi/lib/thumb/v6-m/crt0.o
add_grid_state                                    .pio\build\nucleo_f031k6\src\grid.o (symbol from plugin)
                                                  .pio\build\nucleo_f031k6\src\main.o (symbol from plugin)
add_grid_state_point                              .pio\build\nucleo_f031k6\src\grid.o (symbol from plugin)
                                                  .pio\build\nucleo_f031k6\src\main.o (symbol from plugin)
atexit                                            c:/users/lenovo/.platformio/packages/toolchain-gccarmnoneeabi/bin/../lib/gcc/arm-none-eabi/7.2.1/../../../../arm-none-eabi/lib/thumb/v6-m/crt0.o
blank_array                                       .pio\build\nucleo_f031k6\src\texture_src\blank_textures.o (symbol from plugin)
                                                  .pio\build\nucleo_f031k6\src\frontend&drawing\draw_manager.o (symbol from plugin)
blinky_array                                      .pio\build\nucleo_f031k6\src\texture_src\blinky_textures.o (symbol from plugin)
                                                  .pio\build\nucleo_f031k6\src\frontend&drawing\draw_manager.o (symbol from plugin)
calculate_heuristics_h                            .pio\build\nucleo_f031k6\src\behaviours\algo.o (symbol from plugin)
calloc                                            c:/users/lenovo/.platformio/packages/toolchain-gccarmnoneeabi/bin/../lib/gcc/arm-none-eabi/7.2.1/../../../../arm-none-eabi/lib/thumb/v6-m\libc_nano.a(lib_a-calloc.o)
                                                  C:\Users\Lenovo\AppData\Local\Temp\ccvuzToD.ltrans0.ltrans.o
check_if_eat_ghost_real_time                      .pio\build\nucleo_f031k6\src\main.o (symbol from plugin)
check_if_eat_ghost_static                         .pio\build\nucleo_f031k6\src\main.o (symbol from plugin)
cleanup_glue                                      c:/users/lenovo/.platformio/packages/toolchain-gccarmnoneeabi/bin/../lib/gcc/arm-none-eabi/7.2.1/../../../../arm-none-eabi/lib/thumb/v6-m\libc_nano.a(lib_a-reent.o)
clear                                             .pio\build\nucleo_f031k6\src\frontend&drawing\display.o (symbol from plugin)
clyde_array                                       .pio\build\nucleo_f031k6\src\texture_src\clyde_textures.o (symbol from plugin)
                                                  .pio\build\nucleo_f031k6\src\frontend&drawing\draw_manager.o (symbol from plugin)
compare_grid_states                               .pio\build\nucleo_f031k6\src\grid.o (symbol from plugin)
compare_grid_states_point                         .pio\build\nucleo_f031k6\src\grid.o (symbol from plugin)
compare_points                                    .pio\build\nucleo_f031k6\src\utils\point.o (symbol from plugin)
                                                  .pio\build\nucleo_f031k6\src\utils\arr.o (symbol from plugin)
                                                  .pio\build\nucleo_f031k6\src\main.o (symbol from plugin)
                                                  .pio\build\nucleo_f031k6\src\behaviours\entities&sprites\clyde.o (symbol from plugin)
                                                  .pio\build\nucleo_f031k6\src\behaviours\algo.o (symbol from plugin)
copy_point_values                                 .pio\build\nucleo_f031k6\src\utils\point.o (symbol from plugin)
                                                  .pio\build\nucleo_f031k6\src\main.o (symbol from plugin)
copy_point_x                                      .pio\build\nucleo_f031k6\src\utils\point.o (symbol from plugin)
copy_point_y                                      .pio\build\nucleo_f031k6\src\utils\point.o (symbol from plugin)
create_deep_copy                                  .pio\build\nucleo_f031k6\src\utils\point.o (symbol from plugin)
                                                  .pio\build\nucleo_f031k6\src\main.o (symbol from plugin)
                                                  .pio\build\nucleo_f031k6\src\behaviours\entities&sprites\pinky.o (symbol from plugin)
                                                  .pio\build\nucleo_f031k6\src\behaviours\entities&sprites\inky.o (symbol from plugin)
                                                  .pio\build\nucleo_f031k6\src\behaviours\entities&sprites\clyde.o (symbol from plugin)
                                                  .pio\build\nucleo_f031k6\src\behaviours\entities&sprites\blinky.o (symbol from plugin)
create_ghost                                      .pio\build\nucleo_f031k6\src\behaviours\entities&sprites\ghosts.o (symbol from plugin)
                                                  .pio\build\nucleo_f031k6\src\behaviours\entities&sprites\pinky.o (symbol from plugin)
                                                  .pio\build\nucleo_f031k6\src\behaviours\entities&sprites\inky.o (symbol from plugin)
                                                  .pio\build\nucleo_f031k6\src\behaviours\entities&sprites\clyde.o (symbol from plugin)
                                                  .pio\build\nucleo_f031k6\src\behaviours\entities&sprites\blinky.o (symbol from plugin)
create_point                                      .pio\build\nucleo_f031k6\src\utils\point.o (symbol from plugin)
                                                  .pio\build\nucleo_f031k6\src\utils\random.o (symbol from plugin)
                                                  .pio\build\nucleo_f031k6\src\main.o (symbol from plugin)
                                                  .pio\build\nucleo_f031k6\src\behaviours\entities&sprites\pinky.o (symbol from plugin)
                                                  .pio\build\nucleo_f031k6\src\behaviours\entities&sprites\pacman.o (symbol from plugin)
                                                  .pio\build\nucleo_f031k6\src\behaviours\entities&sprites\inky.o (symbol from plugin)
                                                  .pio\build\nucleo_f031k6\src\behaviours\entities&sprites\clyde.o (symbol from plugin)
                                                  .pio\build\nucleo_f031k6\src\behaviours\entities&sprites\blinky.o (symbol from plugin)
                                                  .pio\build\nucleo_f031k6\src\behaviours\algo.o (symbol from plugin)
create_reset_grid                                 .pio\build\nucleo_f031k6\src\grid.o (symbol from plugin)
                                                  .pio\build\nucleo_f031k6\src\main.o (symbol from plugin)
create_singleton_grid                             .pio\build\nucleo_f031k6\src\grid.o (symbol from plugin)
death_sound                                       .pio\build\nucleo_f031k6\src\music&sound\tones.o (symbol from plugin)
delay                                             .pio\build\nucleo_f031k6\src\utils\events.o (symbol from plugin)
                                                  .pio\build\nucleo_f031k6\src\music&sound\tones.o (symbol from plugin)
                                                  .pio\build\nucleo_f031k6\src\main.o (symbol from plugin)
                                                  .pio\build\nucleo_f031k6\src\frontend&drawing\draw_manager.o (symbol from plugin)
                                                  .pio\build\nucleo_f031k6\src\frontend&drawing\display.o (symbol from plugin)
delete_ghost                                      .pio\build\nucleo_f031k6\src\behaviours\entities&sprites\ghosts.o (symbol from plugin)
destroy_blinky                                    .pio\build\nucleo_f031k6\src\behaviours\entities&sprites\blinky.o (symbol from plugin)
                                                  .pio\build\nucleo_f031k6\src\main.o (symbol from plugin)
destroy_clyde                                     .pio\build\nucleo_f031k6\src\behaviours\entities&sprites\clyde.o (symbol from plugin)
                                                  .pio\build\nucleo_f031k6\src\main.o (symbol from plugin)
destroy_grid                                      .pio\build\nucleo_f031k6\src\grid.o (symbol from plugin)
                                                  .pio\build\nucleo_f031k6\src\main.o (symbol from plugin)
                                                  .pio\build\nucleo_f031k6\src\frontend&drawing\draw_manager.o (symbol from plugin)
destroy_inky                                      .pio\build\nucleo_f031k6\src\behaviours\entities&sprites\inky.o (symbol from plugin)
                                                  .pio\build\nucleo_f031k6\src\main.o (symbol from plugin)
destroy_pacman                                    .pio\build\nucleo_f031k6\src\behaviours\entities&sprites\pacman.o (symbol from plugin)
                                                  .pio\build\nucleo_f031k6\src\main.o (symbol from plugin)
destroy_pinky                                     .pio\build\nucleo_f031k6\src\behaviours\entities&sprites\pinky.o (symbol from plugin)
                                                  .pio\build\nucleo_f031k6\src\main.o (symbol from plugin)
destroy_point                                     .pio\build\nucleo_f031k6\src\utils\point.o (symbol from plugin)
                                                  .pio\build\nucleo_f031k6\src\main.o (symbol from plugin)
                                                  .pio\build\nucleo_f031k6\src\behaviours\entities&sprites\pinky.o (symbol from plugin)
                                                  .pio\build\nucleo_f031k6\src\behaviours\entities&sprites\inky.o (symbol from plugin)
                                                  .pio\build\nucleo_f031k6\src\behaviours\entities&sprites\clyde.o (symbol from plugin)
                                                  .pio\build\nucleo_f031k6\src\behaviours\entities&sprites\blinky.o (symbol from plugin)
display_begin                                     .pio\build\nucleo_f031k6\src\frontend&drawing\display.o (symbol from plugin)
                                                  .pio\build\nucleo_f031k6\src\utils\events.o (symbol from plugin)
display_life_LED                                  .pio\build\nucleo_f031k6\src\utils\events.o (symbol from plugin)
                                                  .pio\build\nucleo_f031k6\src\main.o (symbol from plugin)
drawCircle                                        .pio\build\nucleo_f031k6\src\frontend&drawing\display.o (symbol from plugin)
drawLine                                          .pio\build\nucleo_f031k6\src\frontend&drawing\display.o (symbol from plugin)
drawRectangle                                     .pio\build\nucleo_f031k6\src\frontend&drawing\display.o (symbol from plugin)
draw_current_page                                 .pio\build\nucleo_f031k6\src\frontend&drawing\draw_manager.o (symbol from plugin)
                                                  .pio\build\nucleo_f031k6\src\main.o (symbol from plugin)
draw_home_page                                    .pio\build\nucleo_f031k6\src\frontend&drawing\draw_manager.o (symbol from plugin)
draw_pacman_dying                                 .pio\build\nucleo_f031k6\src\frontend&drawing\draw_manager.o (symbol from plugin)
                                                  .pio\build\nucleo_f031k6\src\main.o (symbol from plugin)
draw_pause_menu                                   .pio\build\nucleo_f031k6\src\frontend&drawing\draw_manager.o (symbol from plugin)
eat_ghost                                         .pio\build\nucleo_f031k6\src\frontend&drawing\draw_manager.o (symbol from plugin)
                                                  .pio\build\nucleo_f031k6\src\main.o (symbol from plugin)
egetchar                                          .pio\build\nucleo_f031k6\src\serial.o (symbol from plugin)
enablePullUp                                      .pio\build\nucleo_f031k6\src\utils\events.o (symbol from plugin)
end                                               c:/users/lenovo/.platformio/packages/toolchain-gccarmnoneeabi/bin/../lib/gcc/arm-none-eabi/7.2.1/../../../../arm-none-eabi/lib/thumb/v6-m\libnosys.a(sbrk.o)
eputchar                                          .pio\build\nucleo_f031k6\src\serial.o (symbol from plugin)
eputs                                             .pio\build\nucleo_f031k6\src\serial.o (symbol from plugin)
                                                  .pio\build\nucleo_f031k6\src\main.o (symbol from plugin)
                                                  .pio\build\nucleo_f031k6\src\behaviours\entities&sprites\ghosts.o (symbol from plugin)
errno                                             c:/users/lenovo/.platformio/packages/toolchain-gccarmnoneeabi/bin/../lib/gcc/arm-none-eabi/7.2.1/../../../../arm-none-eabi/lib/thumb/v6-m\libc_nano.a(lib_a-reent.o)
                                                  c:/users/lenovo/.platformio/packages/toolchain-gccarmnoneeabi/bin/../lib/gcc/arm-none-eabi/7.2.1/../../../../arm-none-eabi/lib/thumb/v6-m\libc_nano.a(lib_a-sbrkr.o)
exit                                              c:/users/lenovo/.platformio/packages/toolchain-gccarmnoneeabi/bin/../lib/gcc/arm-none-eabi/7.2.1/../../../../arm-none-eabi/lib/thumb/v6-m\libc_nano.a(lib_a-exit.o)
                                                  c:/users/lenovo/.platformio/packages/toolchain-gccarmnoneeabi/bin/../lib/gcc/arm-none-eabi/7.2.1/../../../../arm-none-eabi/lib/thumb/v6-m/crt0.o
exit_game                                         .pio\build\nucleo_f031k6\src\main.o (symbol from plugin)
fillCircle                                        .pio\build\nucleo_f031k6\src\frontend&drawing\display.o (symbol from plugin)
fillRectangle                                     .pio\build\nucleo_f031k6\src\frontend&drawing\display.o (symbol from plugin)
find_smallest_heuristic_node                      .pio\build\nucleo_f031k6\src\behaviours\algo.o (symbol from plugin)
flicker_text                                      .pio\build\nucleo_f031k6\src\frontend&drawing\draw_manager.o (symbol from plugin)
                                                  .pio\build\nucleo_f031k6\src\main.o (symbol from plugin)
free                                              c:/users/lenovo/.platformio/packages/toolchain-gccarmnoneeabi/bin/../lib/gcc/arm-none-eabi/7.2.1/../../../../arm-none-eabi/lib/thumb/v6-m\libc_nano.a(lib_a-malloc.o)
                                                  C:\Users\Lenovo\AppData\Local\Temp\ccvuzToD.ltrans0.ltrans.o
free_arr                                          .pio\build\nucleo_f031k6\src\utils\arr.o (symbol from plugin)
                                                  .pio\build\nucleo_f031k6\src\behaviours\entities&sprites\pinky.o (symbol from plugin)
                                                  .pio\build\nucleo_f031k6\src\behaviours\entities&sprites\inky.o (symbol from plugin)
                                                  .pio\build\nucleo_f031k6\src\behaviours\entities&sprites\clyde.o (symbol from plugin)
                                                  .pio\build\nucleo_f031k6\src\behaviours\entities&sprites\blinky.o (symbol from plugin)
                                                  .pio\build\nucleo_f031k6\src\behaviours\algo.o (symbol from plugin)
fright_ghost_array                                .pio\build\nucleo_f031k6\src\texture_src\fright_ghost_textures.o (symbol from plugin)
                                                  .pio\build\nucleo_f031k6\src\frontend&drawing\draw_manager.o (symbol from plugin)
fright_mode_sound                                 .pio\build\nucleo_f031k6\src\music&sound\tones.o (symbol from plugin)
g_pfnVectors                                      .pio\build\nucleo_f031k6\FrameworkCMSIS\gcc\startup_stm32f031x6.o
get_active_menu_page                              .pio\build\nucleo_f031k6\src\frontend&drawing\menu.o (symbol from plugin)
                                                  .pio\build\nucleo_f031k6\src\main.o (symbol from plugin)
                                                  .pio\build\nucleo_f031k6\src\frontend&drawing\draw_manager.o (symbol from plugin)
get_blinky_behaviour_change                       .pio\build\nucleo_f031k6\src\behaviours\entities&sprites\blinky.o (symbol from plugin)
                                                  .pio\build\nucleo_f031k6\src\main.o (symbol from plugin)
get_blinky_mode                                   .pio\build\nucleo_f031k6\src\behaviours\entities&sprites\blinky.o (symbol from plugin)
                                                  .pio\build\nucleo_f031k6\src\main.o (symbol from plugin)
                                                  .pio\build\nucleo_f031k6\src\frontend&drawing\draw_manager.o (symbol from plugin)
get_blinky_position                               .pio\build\nucleo_f031k6\src\behaviours\entities&sprites\blinky.o (symbol from plugin)
                                                  .pio\build\nucleo_f031k6\src\main.o (symbol from plugin)
                                                  .pio\build\nucleo_f031k6\src\behaviours\entities&sprites\inky.o (symbol from plugin)
get_blinky_scatter_position                       .pio\build\nucleo_f031k6\src\behaviours\entities&sprites\blinky.o (symbol from plugin)
                                                  .pio\build\nucleo_f031k6\src\main.o (symbol from plugin)
get_blinky_target_position                        .pio\build\nucleo_f031k6\src\behaviours\entities&sprites\blinky.o (symbol from plugin)
get_clyde_behaviour_change                        .pio\build\nucleo_f031k6\src\behaviours\entities&sprites\clyde.o (symbol from plugin)
                                                  .pio\build\nucleo_f031k6\src\main.o (symbol from plugin)
get_clyde_mode                                    .pio\build\nucleo_f031k6\src\behaviours\entities&sprites\clyde.o (symbol from plugin)
                                                  .pio\build\nucleo_f031k6\src\main.o (symbol from plugin)
                                                  .pio\build\nucleo_f031k6\src\frontend&drawing\draw_manager.o (symbol from plugin)
get_clyde_position                                .pio\build\nucleo_f031k6\src\behaviours\entities&sprites\clyde.o (symbol from plugin)
                                                  .pio\build\nucleo_f031k6\src\main.o (symbol from plugin)
get_clyde_scatter_position                        .pio\build\nucleo_f031k6\src\behaviours\entities&sprites\clyde.o (symbol from plugin)
                                                  .pio\build\nucleo_f031k6\src\main.o (symbol from plugin)
get_clyde_target_position                         .pio\build\nucleo_f031k6\src\behaviours\entities&sprites\clyde.o (symbol from plugin)
get_cursor_position                               .pio\build\nucleo_f031k6\src\frontend&drawing\menu.o (symbol from plugin)
                                                  .pio\build\nucleo_f031k6\src\frontend&drawing\draw_manager.o (symbol from plugin)
get_ghost_behaviour_change                        .pio\build\nucleo_f031k6\src\behaviours\entities&sprites\ghosts.o (symbol from plugin)
                                                  .pio\build\nucleo_f031k6\src\behaviours\entities&sprites\pinky.o (symbol from plugin)
                                                  .pio\build\nucleo_f031k6\src\behaviours\entities&sprites\inky.o (symbol from plugin)
                                                  .pio\build\nucleo_f031k6\src\behaviours\entities&sprites\clyde.o (symbol from plugin)
                                                  .pio\build\nucleo_f031k6\src\behaviours\entities&sprites\blinky.o (symbol from plugin)
get_ghost_mode                                    .pio\build\nucleo_f031k6\src\behaviours\entities&sprites\ghosts.o (symbol from plugin)
                                                  .pio\build\nucleo_f031k6\src\behaviours\entities&sprites\pinky.o (symbol from plugin)
                                                  .pio\build\nucleo_f031k6\src\behaviours\entities&sprites\inky.o (symbol from plugin)
                                                  .pio\build\nucleo_f031k6\src\behaviours\entities&sprites\clyde.o (symbol from plugin)
                                                  .pio\build\nucleo_f031k6\src\behaviours\entities&sprites\blinky.o (symbol from plugin)
get_ghost_position                                .pio\build\nucleo_f031k6\src\behaviours\entities&sprites\ghosts.o (symbol from plugin)
                                                  .pio\build\nucleo_f031k6\src\behaviours\entities&sprites\pinky.o (symbol from plugin)
                                                  .pio\build\nucleo_f031k6\src\behaviours\entities&sprites\inky.o (symbol from plugin)
                                                  .pio\build\nucleo_f031k6\src\behaviours\entities&sprites\clyde.o (symbol from plugin)
                                                  .pio\build\nucleo_f031k6\src\behaviours\entities&sprites\blinky.o (symbol from plugin)
get_ghost_scatter_position                        .pio\build\nucleo_f031k6\src\behaviours\entities&sprites\ghosts.o (symbol from plugin)
                                                  .pio\build\nucleo_f031k6\src\behaviours\entities&sprites\pinky.o (symbol from plugin)
                                                  .pio\build\nucleo_f031k6\src\behaviours\entities&sprites\inky.o (symbol from plugin)
                                                  .pio\build\nucleo_f031k6\src\behaviours\entities&sprites\clyde.o (symbol from plugin)
                                                  .pio\build\nucleo_f031k6\src\behaviours\entities&sprites\blinky.o (symbol from plugin)
get_ghost_type                                    .pio\build\nucleo_f031k6\src\behaviours\entities&sprites\ghosts.o (symbol from plugin)
get_grid_state                                    .pio\build\nucleo_f031k6\src\grid.o (symbol from plugin)
                                                  .pio\build\nucleo_f031k6\src\frontend&drawing\draw_manager.o (symbol from plugin)
                                                  .pio\build\nucleo_f031k6\src\behaviours\entities&sprites\ghosts.o (symbol from plugin)
get_grid_state_point                              .pio\build\nucleo_f031k6\src\grid.o (symbol from plugin)
get_inky_behaviour_change                         .pio\build\nucleo_f031k6\src\behaviours\entities&sprites\inky.o (symbol from plugin)
                                                  .pio\build\nucleo_f031k6\src\main.o (symbol from plugin)
get_inky_mode                                     .pio\build\nucleo_f031k6\src\behaviours\entities&sprites\inky.o (symbol from plugin)
                                                  .pio\build\nucleo_f031k6\src\main.o (symbol from plugin)
                                                  .pio\build\nucleo_f031k6\src\frontend&drawing\draw_manager.o (symbol from plugin)
get_inky_position                                 .pio\build\nucleo_f031k6\src\behaviours\entities&sprites\inky.o (symbol from plugin)
                                                  .pio\build\nucleo_f031k6\src\main.o (symbol from plugin)
get_inky_scatter_position                         .pio\build\nucleo_f031k6\src\behaviours\entities&sprites\inky.o (symbol from plugin)
                                                  .pio\build\nucleo_f031k6\src\main.o (symbol from plugin)
get_inky_target_position                          .pio\build\nucleo_f031k6\src\behaviours\entities&sprites\inky.o (symbol from plugin)
get_list_size                                     .pio\build\nucleo_f031k6\src\utils\arr.o (symbol from plugin)
                                                  .pio\build\nucleo_f031k6\src\behaviours\algo.o (symbol from plugin)
get_pac_dx                                        .pio\build\nucleo_f031k6\src\behaviours\entities&sprites\pacman.o (symbol from plugin)
                                                  .pio\build\nucleo_f031k6\src\main.o (symbol from plugin)
get_pac_dy                                        .pio\build\nucleo_f031k6\src\behaviours\entities&sprites\pacman.o (symbol from plugin)
                                                  .pio\build\nucleo_f031k6\src\main.o (symbol from plugin)
get_pacman_direction                              .pio\build\nucleo_f031k6\src\behaviours\entities&sprites\pacman.o (symbol from plugin)
                                                  .pio\build\nucleo_f031k6\src\frontend&drawing\draw_manager.o (symbol from plugin)
                                                  .pio\build\nucleo_f031k6\src\behaviours\entities&sprites\pinky.o (symbol from plugin)
                                                  .pio\build\nucleo_f031k6\src\behaviours\entities&sprites\inky.o (symbol from plugin)
get_pacman_life                                   .pio\build\nucleo_f031k6\src\behaviours\entities&sprites\pacman.o (symbol from plugin)
                                                  .pio\build\nucleo_f031k6\src\main.o (symbol from plugin)
get_pacman_position                               .pio\build\nucleo_f031k6\src\behaviours\entities&sprites\pacman.o (symbol from plugin)
                                                  .pio\build\nucleo_f031k6\src\main.o (symbol from plugin)
                                                  .pio\build\nucleo_f031k6\src\frontend&drawing\draw_manager.o (symbol from plugin)
                                                  .pio\build\nucleo_f031k6\src\behaviours\entities&sprites\pinky.o (symbol from plugin)
                                                  .pio\build\nucleo_f031k6\src\behaviours\entities&sprites\inky.o (symbol from plugin)
                                                  .pio\build\nucleo_f031k6\src\behaviours\entities&sprites\clyde.o (symbol from plugin)
                                                  .pio\build\nucleo_f031k6\src\behaviours\entities&sprites\blinky.o (symbol from plugin)
get_pacman_state                                  .pio\build\nucleo_f031k6\src\behaviours\entities&sprites\pacman.o (symbol from plugin)
                                                  .pio\build\nucleo_f031k6\src\main.o (symbol from plugin)
get_pinky_behaviour_change                        .pio\build\nucleo_f031k6\src\behaviours\entities&sprites\pinky.o (symbol from plugin)
                                                  .pio\build\nucleo_f031k6\src\main.o (symbol from plugin)
get_pinky_mode                                    .pio\build\nucleo_f031k6\src\behaviours\entities&sprites\pinky.o (symbol from plugin)
                                                  .pio\build\nucleo_f031k6\src\main.o (symbol from plugin)
                                                  .pio\build\nucleo_f031k6\src\frontend&drawing\draw_manager.o (symbol from plugin)
get_pinky_position                                .pio\build\nucleo_f031k6\src\behaviours\entities&sprites\pinky.o (symbol from plugin)
                                                  .pio\build\nucleo_f031k6\src\main.o (symbol from plugin)
get_pinky_scatter_position                        .pio\build\nucleo_f031k6\src\behaviours\entities&sprites\pinky.o (symbol from plugin)
                                                  .pio\build\nucleo_f031k6\src\main.o (symbol from plugin)
get_pinky_target_position                         .pio\build\nucleo_f031k6\src\behaviours\entities&sprites\pinky.o (symbol from plugin)
get_random_number                                 .pio\build\nucleo_f031k6\src\utils\random.o (symbol from plugin)
get_random_number_in_range                        .pio\build\nucleo_f031k6\src\utils\random.o (symbol from plugin)
get_random_point_on_grid                          .pio\build\nucleo_f031k6\src\utils\random.o (symbol from plugin)
                                                  .pio\build\nucleo_f031k6\src\behaviours\entities&sprites\pinky.o (symbol from plugin)
                                                  .pio\build\nucleo_f031k6\src\behaviours\entities&sprites\inky.o (symbol from plugin)
                                                  .pio\build\nucleo_f031k6\src\behaviours\entities&sprites\clyde.o (symbol from plugin)
                                                  .pio\build\nucleo_f031k6\src\behaviours\entities&sprites\blinky.o (symbol from plugin)
get_x_point_coord                                 .pio\build\nucleo_f031k6\src\utils\point.o (symbol from plugin)
                                                  .pio\build\nucleo_f031k6\src\main.o (symbol from plugin)
                                                  .pio\build\nucleo_f031k6\src\grid.o (symbol from plugin)
                                                  .pio\build\nucleo_f031k6\src\frontend&drawing\draw_manager.o (symbol from plugin)
                                                  .pio\build\nucleo_f031k6\src\behaviours\entities&sprites\pinky.o (symbol from plugin)
                                                  .pio\build\nucleo_f031k6\src\behaviours\entities&sprites\inky.o (symbol from plugin)
                                                  .pio\build\nucleo_f031k6\src\behaviours\entities&sprites\clyde.o (symbol from plugin)
                                                  .pio\build\nucleo_f031k6\src\behaviours\entities&sprites\blinky.o (symbol from plugin)
                                                  .pio\build\nucleo_f031k6\src\behaviours\algo.o (symbol from plugin)
get_y_point_coord                                 .pio\build\nucleo_f031k6\src\utils\point.o (symbol from plugin)
                                                  .pio\build\nucleo_f031k6\src\main.o (symbol from plugin)
                                                  .pio\build\nucleo_f031k6\src\grid.o (symbol from plugin)
                                                  .pio\build\nucleo_f031k6\src\frontend&drawing\draw_manager.o (symbol from plugin)
                                                  .pio\build\nucleo_f031k6\src\behaviours\entities&sprites\pinky.o (symbol from plugin)
                                                  .pio\build\nucleo_f031k6\src\behaviours\entities&sprites\inky.o (symbol from plugin)
                                                  .pio\build\nucleo_f031k6\src\behaviours\entities&sprites\clyde.o (symbol from plugin)
                                                  .pio\build\nucleo_f031k6\src\behaviours\entities&sprites\blinky.o (symbol from plugin)
                                                  .pio\build\nucleo_f031k6\src\behaviours\algo.o (symbol from plugin)
hardware_init_hook                                c:/users/lenovo/.platformio/packages/toolchain-gccarmnoneeabi/bin/../lib/gcc/arm-none-eabi/7.2.1/../../../../arm-none-eabi/lib/thumb/v6-m/crt0.o
has_grid_state                                    .pio\build\nucleo_f031k6\src\grid.o (symbol from plugin)
                                                  .pio\build\nucleo_f031k6\src\utils\random.o (symbol from plugin)
                                                  .pio\build\nucleo_f031k6\src\main.o (symbol from plugin)
                                                  .pio\build\nucleo_f031k6\src\frontend&drawing\draw_manager.o (symbol from plugin)
                                                  .pio\build\nucleo_f031k6\src\behaviours\entities&sprites\pinky.o (symbol from plugin)
                                                  .pio\build\nucleo_f031k6\src\behaviours\algo.o (symbol from plugin)
has_grid_state_point                              .pio\build\nucleo_f031k6\src\grid.o (symbol from plugin)
                                                  .pio\build\nucleo_f031k6\src\main.o (symbol from plugin)
initClock                                         .pio\build\nucleo_f031k6\src\utils\events.o (symbol from plugin)
initSerial                                        .pio\build\nucleo_f031k6\src\serial.o (symbol from plugin)
                                                  .pio\build\nucleo_f031k6\src\utils\events.o (symbol from plugin)
initSound                                         .pio\build\nucleo_f031k6\src\music&sound\sound.o (symbol from plugin)
                                                  .pio\build\nucleo_f031k6\src\utils\events.o (symbol from plugin)
initSysTick                                       .pio\build\nucleo_f031k6\src\utils\events.o (symbol from plugin)
inky_array                                        .pio\build\nucleo_f031k6\src\texture_src\inky_textures.o (symbol from plugin)
                                                  .pio\build\nucleo_f031k6\src\frontend&drawing\draw_manager.o (symbol from plugin)
isInside                                          .pio\build\nucleo_f031k6\src\utils\events.o (symbol from plugin)
is_button_down_pressed                            .pio\build\nucleo_f031k6\src\utils\events.o (symbol from plugin)
                                                  .pio\build\nucleo_f031k6\src\main.o (symbol from plugin)
is_button_left_pressed                            .pio\build\nucleo_f031k6\src\utils\events.o (symbol from plugin)
                                                  .pio\build\nucleo_f031k6\src\main.o (symbol from plugin)
is_button_pause_pressed                           .pio\build\nucleo_f031k6\src\utils\events.o (symbol from plugin)
                                                  .pio\build\nucleo_f031k6\src\main.o (symbol from plugin)
is_button_right_pressed                           .pio\build\nucleo_f031k6\src\utils\events.o (symbol from plugin)
                                                  .pio\build\nucleo_f031k6\src\main.o (symbol from plugin)
is_button_up_pressed                              .pio\build\nucleo_f031k6\src\utils\events.o (symbol from plugin)
                                                  .pio\build\nucleo_f031k6\src\main.o (symbol from plugin)
is_grid_alive                                     .pio\build\nucleo_f031k6\src\grid.o (symbol from plugin)
is_grid_state                                     .pio\build\nucleo_f031k6\src\grid.o (symbol from plugin)
                                                  .pio\build\nucleo_f031k6\src\behaviours\entities&sprites\inky.o (symbol from plugin)
                                                  .pio\build\nucleo_f031k6\src\behaviours\entities&sprites\ghosts.o (symbol from plugin)
is_grid_state_point                               .pio\build\nucleo_f031k6\src\grid.o (symbol from plugin)
is_not_empty                                      .pio\build\nucleo_f031k6\src\utils\arr.o (symbol from plugin)
                                                  .pio\build\nucleo_f031k6\src\behaviours\algo.o (symbol from plugin)
is_pacman_dead                                    .pio\build\nucleo_f031k6\src\main.o (symbol from plugin)
linear_congruence_rand                            .pio\build\nucleo_f031k6\src\utils\random.o (symbol from plugin)
main                                              C:\Users\Lenovo\AppData\Local\Temp\ccvuzToD.ltrans0.ltrans.o
                                                  .pio\build\nucleo_f031k6\src\main.o (symbol from plugin)
                                                  .pio\build\nucleo_f031k6\FrameworkCMSIS\gcc\startup_stm32f031x6.o
                                                  c:/users/lenovo/.platformio/packages/toolchain-gccarmnoneeabi/bin/../lib/gcc/arm-none-eabi/7.2.1/../../../../arm-none-eabi/lib/thumb/v6-m/crt0.o
main_menu_array                                   .pio\build\nucleo_f031k6\src\texture_src\main_menu_title.o (symbol from plugin)
                                                  .pio\build\nucleo_f031k6\src\frontend&drawing\draw_manager.o (symbol from plugin)
malloc                                            c:/users/lenovo/.platformio/packages/toolchain-gccarmnoneeabi/bin/../lib/gcc/arm-none-eabi/7.2.1/../../../../arm-none-eabi/lib/thumb/v6-m\libc_nano.a(lib_a-malloc.o)
                                                  C:\Users\Lenovo\AppData\Local\Temp\ccvuzToD.ltrans0.ltrans.o
memcpy                                            c:/users/lenovo/.platformio/packages/toolchain-gccarmnoneeabi/bin/../lib/gcc/arm-none-eabi/7.2.1/../../../../arm-none-eabi/lib/thumb/v6-m\libc_nano.a(lib_a-memcpy-stub.o)
                                                  C:\Users\Lenovo\AppData\Local\Temp\ccvuzToD.ltrans0.ltrans.o
memset                                            c:/users/lenovo/.platformio/packages/toolchain-gccarmnoneeabi/bin/../lib/gcc/arm-none-eabi/7.2.1/../../../../arm-none-eabi/lib/thumb/v6-m\libc_nano.a(lib_a-memset.o)
                                                  c:/users/lenovo/.platformio/packages/toolchain-gccarmnoneeabi/bin/../lib/gcc/arm-none-eabi/7.2.1/../../../../arm-none-eabi/lib/thumb/v6-m\libc_nano.a(lib_a-nano-callocr.o)
                                                  C:\Users\Lenovo\AppData\Local\Temp\ccvuzToD.ltrans0.ltrans.o
                                                  c:/users/lenovo/.platformio/packages/toolchain-gccarmnoneeabi/bin/../lib/gcc/arm-none-eabi/7.2.1/../../../../arm-none-eabi/lib/thumb/v6-m/crt0.o
milliseconds                                      .pio\build\nucleo_f031k6\src\utils\events.o (symbol from plugin)
move_cursor                                       .pio\build\nucleo_f031k6\src\frontend&drawing\menu.o (symbol from plugin)
                                                  .pio\build\nucleo_f031k6\src\main.o (symbol from plugin)
move_entities                                     .pio\build\nucleo_f031k6\src\frontend&drawing\draw_manager.o (symbol from plugin)
                                                  .pio\build\nucleo_f031k6\src\main.o (symbol from plugin)
move_point                                        .pio\build\nucleo_f031k6\src\utils\point.o (symbol from plugin)
pacman_array                                      .pio\build\nucleo_f031k6\src\texture_src\pacman_textures.o (symbol from plugin)
                                                  .pio\build\nucleo_f031k6\src\frontend&drawing\draw_manager.o (symbol from plugin)
pacman_eating_ghost_sound                         .pio\build\nucleo_f031k6\src\music&sound\tones.o (symbol from plugin)
pacman_intro_tune                                 .pio\build\nucleo_f031k6\src\music&sound\tones.o (symbol from plugin)
pickups_array                                     .pio\build\nucleo_f031k6\src\texture_src\pickups_textures.o (symbol from plugin)
                                                  .pio\build\nucleo_f031k6\src\frontend&drawing\draw_manager.o (symbol from plugin)
pinMode                                           .pio\build\nucleo_f031k6\src\utils\events.o (symbol from plugin)
                                                  .pio\build\nucleo_f031k6\src\serial.o (symbol from plugin)
                                                  .pio\build\nucleo_f031k6\src\music&sound\sound.o (symbol from plugin)
pinky_array                                       .pio\build\nucleo_f031k6\src\texture_src\pinky_textures.o (symbol from plugin)
                                                  .pio\build\nucleo_f031k6\src\frontend&drawing\draw_manager.o (symbol from plugin)
playNote                                          .pio\build\nucleo_f031k6\src\music&sound\sound.o (symbol from plugin)
                                                  .pio\build\nucleo_f031k6\src\music&sound\tones.o (symbol from plugin)
play_falling_frequency                            .pio\build\nucleo_f031k6\src\music&sound\tones.o (symbol from plugin)
play_rising_frequency                             .pio\build\nucleo_f031k6\src\music&sound\tones.o (symbol from plugin)
point_at_entity_texture                           .pio\build\nucleo_f031k6\src\frontend&drawing\draw_manager.o (symbol from plugin)
point_at_static_texture                           .pio\build\nucleo_f031k6\src\frontend&drawing\draw_manager.o (symbol from plugin)
pop                                               .pio\build\nucleo_f031k6\src\utils\arr.o (symbol from plugin)
printDecimal                                      .pio\build\nucleo_f031k6\src\serial.o (symbol from plugin)
printNumber                                       .pio\build\nucleo_f031k6\src\frontend&drawing\display.o (symbol from plugin)
                                                  .pio\build\nucleo_f031k6\src\frontend&drawing\draw_manager.o (symbol from plugin)
printNumberX2                                     .pio\build\nucleo_f031k6\src\frontend&drawing\display.o (symbol from plugin)
printText                                         .pio\build\nucleo_f031k6\src\frontend&drawing\display.o (symbol from plugin)
                                                  .pio\build\nucleo_f031k6\src\frontend&drawing\draw_manager.o (symbol from plugin)
printTextX2                                       .pio\build\nucleo_f031k6\src\frontend&drawing\display.o (symbol from plugin)
                                                  .pio\build\nucleo_f031k6\src\frontend&drawing\draw_manager.o (symbol from plugin)
push                                              .pio\build\nucleo_f031k6\src\utils\arr.o (symbol from plugin)
                                                  .pio\build\nucleo_f031k6\src\behaviours\algo.o (symbol from plugin)
putColumn                                         .pio\build\nucleo_f031k6\src\frontend&drawing\display.o (symbol from plugin)
                                                  .pio\build\nucleo_f031k6\src\frontend&drawing\draw_manager.o (symbol from plugin)
putImage                                          .pio\build\nucleo_f031k6\src\frontend&drawing\display.o (symbol from plugin)
                                                  .pio\build\nucleo_f031k6\src\frontend&drawing\draw_manager.o (symbol from plugin)
putPixel                                          .pio\build\nucleo_f031k6\src\frontend&drawing\display.o (symbol from plugin)
                                                  .pio\build\nucleo_f031k6\src\frontend&drawing\draw_manager.o (symbol from plugin)
putRow                                            .pio\build\nucleo_f031k6\src\frontend&drawing\display.o (symbol from plugin)
                                                  .pio\build\nucleo_f031k6\src\frontend&drawing\draw_manager.o (symbol from plugin)
redraw_entire_grid                                .pio\build\nucleo_f031k6\src\frontend&drawing\draw_manager.o (symbol from plugin)
redraw_white_text                                 .pio\build\nucleo_f031k6\src\frontend&drawing\draw_manager.o (symbol from plugin)